<html>
<body>
<pre>
<h1>礦ision Build Log</h1>
<h2>Project:</h2>
F:\魔豆科技\按摩椅\比较贵按摩椅\按摩椅程序\按摩椅远程升级20171206_2心跳中加入设备故障提示\Project\amy.uvproj
Project File Date:  12/06/2017

<h2>Output:</h2>
Build target 'STM32_Flash'
compiling amy_net.c...
linking...
Program Size: Code=51508 RO-data=776 RW-data=1020 ZI-data=19500  
FromELF: creating hex file...
After Build - User command #1: C:\Keil_v5\ARM\ARMCC\bin\fromelf.exe --bin .\Obj_Flash\armchar3_74.axf --output .\bin\armchar3_74.bin
".\Obj_Flash\armchar3_74.axf" - 0 Error(s), 0 Warning(s).
Load "F:\\魔豆科技\\按摩椅\\比较贵按摩椅\\按摩椅程序\\按摩椅远程升级20171206_2心跳中加入设备故障提示\\Project\\Obj_Flash\\armchar3_74.axf" 
Set JLink Project File to "F:\魔豆科技\按摩椅\比较贵按摩椅\按摩椅程序\按摩椅远程升级20171206_2心跳中加入设备故障提示\Project\JLinkSettings.ini"
* JLink Info: Device "STM32F103VC" selected.
 
JLink info:
------------
DLL: V5.12a, compiled Apr 12 2016 17:39:55
Firmware: J-Link V9 compiled Mar 29 2016 18:46:37
Hardware: V9.20
Feature(s) : RDI, GDB, FlashDL, FlashBP, JFlash, RDDI 
 
* JLink Info: Found SWD-DP with ID 0x1BA01477
* JLink Info: Found SWD-DP with ID 0x1BA01477
* JLink Info: Found Cortex-M3 r1p1, Little endian.
* JLink Info: FPUnit: 6 code (BP) slots and 2 literal slots
* JLink Info: CoreSight components:
* JLink Info: ROMTbl 0 @ E00FF000
* JLink Info: ROMTbl 0 [0]: FFF0F000, CID: B105E00D, PID: 001BB000 SCS
* JLink Info: ROMTbl 0 [1]: FFF02000, CID: B105E00D, PID: 001BB002 DWT
* JLink Info: ROMTbl 0 [2]: FFF03000, CID: B105E00D, PID: 000BB003 FPB
* JLink Info: ROMTbl 0 [3]: FFF01000, CID: B105E00D, PID: 001BB001 ITM
* JLink Info: ROMTbl 0 [4]: FFF41000, CID: B105900D, PID: 001BB923 TPIU-Lite
* JLink Info: ROMTbl 0 [5]: FFF42000, CID: B105900D, PID: 101BB924 ETM-M3
ROMTableAddr = 0xE00FF003
 
Target info:
------------
Device: STM32F103VC
VTarget = 3.325V
State of Pins: 
TCK: 0, TDI: 1, TDO: 0, TMS: 0, TRES: 1, TRST: 1
Hardware-Breakpoints: 6
Software-Breakpoints: 8192
Watchpoints:          4
JTAG speed: 2000 kHz
 
Erase Done.
Programming Done.
Verify OK.
Application running ...
</pre>
</body>
</html>
