Product: MDK-ARM Professional 5.10
Component: ARM Compiler 5.04 update 1 (build 49)
Tool: armlink [5040049]

==============================================================================

Section Cross References

    main.o(i.InitChip) refers to system_stm32f10x.o(.text) for SystemInit
    main.o(i.InitChip) refers to misc.o(.text) for NVIC_SetVectorTable
    main.o(i.InitHardWare) refers to main.o(i.InitChip) for InitChip
    main.o(i.InitHardWare) refers to api.o(i.API_Led_Init) for API_Led_Init
    main.o(i.InitHardWare) refers to api.o(i.API_Armchair_IO_Init) for API_Armchair_IO_Init
    main.o(i.InitHardWare) refers to api.o(i.API_SPI_Flash_Init) for API_SPI_Flash_Init
    main.o(i.InitHardWare) refers to api.o(i.API_Protocols_Init) for API_Protocols_Init
    main.o(i.InitHardWare) refers to api.o(i.API_Timers_Init) for API_Timers_Init
    main.o(i.InitSoftSystem) refers to api.o(i.API_SetTimer) for API_SetTimer
    main.o(i.InitSoftSystem) refers to api.o(i.API_qwl_net_init) for API_qwl_net_init
    main.o(i.InitSoftSystem) refers to api.o(i.API_net_data_send_init) for API_net_data_send_init
    main.o(i.InitSoftSystem) refers to api.o(i.API_StartRunTimer) for API_StartRunTimer
    main.o(i.InitSoftSystem) refers to api.o(i.API_Armchair_Init) for API_Armchair_Init
    main.o(i.InitSoftSystem) refers to api.o(i.API_Select_Program_run) for API_Select_Program_run
    main.o(i.TimingDelay_Decrement) refers to main.o(.data) for .data
    main.o(i.main) refers to main.o(i.InitHardWare) for InitHardWare
    main.o(i.main) refers to main.o(i.InitSoftSystem) for InitSoftSystem
    main.o(i.main) refers to api.o(i.API_Check_Run_User_Program_Falg) for API_Check_Run_User_Program_Falg
    main.o(i.main) refers to api.o(i.API_WatchDog_Feed) for API_WatchDog_Feed
    main.o(i.main) refers to lowprcisiontime.o(i.DoTimer) for DoTimer
    main.o(i.main) refers to api.o(i.API_DoProtocols) for API_DoProtocols
    main.o(i.main) refers to api.o(i.API_net_state) for API_net_state
    main.o(i.main) refers to api.o(i.API_net_data_send) for API_net_data_send
    main.o(i.main) refers to api.o(i.API_ARMCHAIR_DEAL) for API_ARMCHAIR_DEAL
    stm32f10x_it.o(i.SysTick_Handler) refers to main.o(i.TimingDelay_Decrement) for TimingDelay_Decrement
    startup_stm32f10x_hd.o(RESET) refers to startup_stm32f10x_hd.o(STACK) for __initial_sp
    startup_stm32f10x_hd.o(RESET) refers to startup_stm32f10x_hd.o(.text) for Reset_Handler
    startup_stm32f10x_hd.o(RESET) refers to stm32f10x_it.o(i.NMI_Handler) for NMI_Handler
    startup_stm32f10x_hd.o(RESET) refers to stm32f10x_it.o(i.HardFault_Handler) for HardFault_Handler
    startup_stm32f10x_hd.o(RESET) refers to stm32f10x_it.o(i.MemManage_Handler) for MemManage_Handler
    startup_stm32f10x_hd.o(RESET) refers to stm32f10x_it.o(i.BusFault_Handler) for BusFault_Handler
    startup_stm32f10x_hd.o(RESET) refers to stm32f10x_it.o(i.UsageFault_Handler) for UsageFault_Handler
    startup_stm32f10x_hd.o(RESET) refers to stm32f10x_it.o(i.SVC_Handler) for SVC_Handler
    startup_stm32f10x_hd.o(RESET) refers to stm32f10x_it.o(i.DebugMon_Handler) for DebugMon_Handler
    startup_stm32f10x_hd.o(RESET) refers to stm32f10x_it.o(i.PendSV_Handler) for PendSV_Handler
    startup_stm32f10x_hd.o(RESET) refers to stm32f10x_it.o(i.SysTick_Handler) for SysTick_Handler
    startup_stm32f10x_hd.o(RESET) refers to usart.o(i.DMA1_Channel3_IRQHandler) for DMA1_Channel3_IRQHandler
    startup_stm32f10x_hd.o(RESET) refers to usart.o(i.DMA1_Channel5_IRQHandler) for DMA1_Channel5_IRQHandler
    startup_stm32f10x_hd.o(RESET) refers to usart.o(i.DMA1_Channel6_IRQHandler) for DMA1_Channel6_IRQHandler
    startup_stm32f10x_hd.o(RESET) refers to usart.o(i.USART1_IRQHandler) for USART1_IRQHandler
    startup_stm32f10x_hd.o(RESET) refers to usart.o(i.USART2_IRQHandler) for USART2_IRQHandler
    startup_stm32f10x_hd.o(RESET) refers to usart.o(i.USART3_IRQHandler) for USART3_IRQHandler
    startup_stm32f10x_hd.o(RESET) refers to lowprcisiontime.o(i.TIM5_IRQHandler) for TIM5_IRQHandler
    startup_stm32f10x_hd.o(RESET) refers to usart.o(i.UART4_IRQHandler) for UART4_IRQHandler
    startup_stm32f10x_hd.o(RESET) refers to usart.o(i.UART5_IRQHandler) for UART5_IRQHandler
    startup_stm32f10x_hd.o(RESET) refers to usart.o(i.DMA2_Channel3_IRQHandler) for DMA2_Channel3_IRQHandler
    startup_stm32f10x_hd.o(.text) refers to system_stm32f10x.o(.text) for SystemInit
    startup_stm32f10x_hd.o(.text) refers to entry.o(.ARM.Collect$$$$00000000) for __main
    basicfunc.o(i.AscTOHex) refers to basicfunc.o(i.asc2hex) for asc2hex
    basicfunc.o(i.AscToHexFun) refers to basicfunc.o(i.AscTOHex) for AscTOHex
    basicfunc.o(i.AscWord2Byte) refers to basicfunc.o(i.asc2hex) for asc2hex
    basicfunc.o(i.CS_Delay_10_uS) refers to basicfunc.o(i.Delay_2us) for Delay_2us
    basicfunc.o(i.Delay_MS) refers to api.o(i.API_WatchDog_Feed) for API_WatchDog_Feed
    basicfunc.o(i.Delay_MS) refers to basicfunc.o(i.CS_Delay_10_uS) for CS_Delay_10_uS
[...]
    API_ARMCHAIR_DEAL                        0x0800aead   Thumb Code     4  api.o(i.API_ARMCHAIR_DEAL)
    API_ARMCHAIR_TIME                        0x0800aeb1   Thumb Code     4  api.o(i.API_ARMCHAIR_TIME)
    API_AddProtocolBuffer                    0x0800aeb5   Thumb Code     4  api.o(i.API_AddProtocolBuffer)
    API_Armchair_IO_Init                     0x0800aeb9   Thumb Code     4  api.o(i.API_Armchair_IO_Init)
    API_Armchair_Init                        0x0800aebd   Thumb Code     4  api.o(i.API_Armchair_Init)
    API_Check_Run_User_Program_Falg          0x0800aec1   Thumb Code     4  api.o(i.API_Check_Run_User_Program_Falg)
    API_DoProtocols                          0x0800aec5   Thumb Code     4  api.o(i.API_DoProtocols)
    API_GetProtocolBufferOrLen               0x0800aec9   Thumb Code     4  api.o(i.API_GetProtocolBufferOrLen)
    API_Get_Iap_Config                       0x0800aecd   Thumb Code     4  api.o(i.API_Get_Iap_Config)
    API_IAP_Update_End                       0x0800aed1   Thumb Code     4  api.o(i.API_IAP_Update_End)
    API_IAP_Update_Start                     0x0800aed5   Thumb Code     4  api.o(i.API_IAP_Update_Start)
    API_IAP_Update_Write                     0x0800aed9   Thumb Code     4  api.o(i.API_IAP_Update_Write)
    API_KillTimer                            0x0800aedd   Thumb Code     4  api.o(i.API_KillTimer)
    API_Led_Init                             0x0800aee1   Thumb Code    10  api.o(i.API_Led_Init)
    API_Protocols_Init                       0x0800aeeb   Thumb Code    10  api.o(i.API_Protocols_Init)
    API_ResetProtocolBuffer                  0x0800aef5   Thumb Code     4  api.o(i.API_ResetProtocolBuffer)
    API_SPI_Flash_Init                       0x0800aef9   Thumb Code    10  api.o(i.API_SPI_Flash_Init)
    API_Select_Program_run                   0x0800af03   Thumb Code     4  api.o(i.API_Select_Program_run)
    API_SetComParameter                      0x0800af07   Thumb Code    12  api.o(i.API_SetComParameter)
    API_SetTimer                             0x0800af13   Thumb Code    12  api.o(i.API_SetTimer)
    API_StartRunTimer                        0x0800af1f   Thumb Code    10  api.o(i.API_StartRunTimer)
    API_StartSendBuffer                      0x0800af29   Thumb Code     4  api.o(i.API_StartSendBuffer)
    API_Timers_Init                          0x0800af2d   Thumb Code    10  api.o(i.API_Timers_Init)
    API_WatchDog_Feed                        0x0800af37   Thumb Code    10  api.o(i.API_WatchDog_Feed)
    API_WatchDog_Init                        0x0800af41   Thumb Code    10  api.o(i.API_WatchDog_Init)
    API_goto_iap                             0x0800af4b   Thumb Code     4  api.o(i.API_goto_iap)
    API_nblot_init_0                         0x0800af4f   Thumb Code     4  api.o(i.API_nblot_init_0)
    API_net_data_send                        0x0800af55   Thumb Code    18  api.o(i.API_net_data_send)
    API_net_data_send_init                   0x0800af6d   Thumb Code    28  api.o(i.API_net_data_send_init)
    API_net_rec                              0x0800af8d   Thumb Code    10  api.o(i.API_net_rec)
    API_net_state                            0x0800af99   Thumb Code    14  api.o(i.API_net_state)
    API_qwl_net_init                         0x0800afad   Thumb Code    10  api.o(i.API_qwl_net_init)
    ARMCHAIR_DEAL                            0x0800afb9   Thumb Code    40  armchair.o(i.ARMCHAIR_DEAL)
    ARMCHAIR_S_IQR                           0x0800afe5   Thumb Code   142  armchair.o(i.ARMCHAIR_S_IQR)
    ARMCHAIR_TIME                            0x0800b0a1   Thumb Code    52  armchair.o(i.ARMCHAIR_TIME)
    AddProtocolBuffer                        0x0800b0e1   Thumb Code   112  protocol.o(i.AddProtocolBuffer)
    Amy_Record_Store                         0x0800b155   Thumb Code   118  armchair.o(i.Amy_Record_Store)
    Armchair_IO_Init                         0x0800b205   Thumb Code    76  armchair.o(i.Armchair_IO_Init)
    Armchair_Init                            0x0800b261   Thumb Code    36  armchair.o(i.Armchair_Init)
    AscTOHex                                 0x0800b289   Thumb Code    24  basicfunc.o(i.AscTOHex)
    AscToHexFun                              0x0800b2a1   Thumb Code    38  basicfunc.o(i.AscToHexFun)
    BusFault_Handler                         0x0800b2c7   Thumb Code     2  stm32f10x_it.o(i.BusFault_Handler)
    CDMA_IO_Init                             0x0800b2c9   Thumb Code    60  cdma.o(i.CDMA_IO_Init)
    CRC8_Table                               0x0800b309   Thumb Code    28  post_protocol.o(i.CRC8_Table)
    CS_Delay_10_uS                           0x0800b329   Thumb Code    26  basicfunc.o(i.CS_Delay_10_uS)
    CheckNode                                0x0800b345   Thumb Code    22  lowprcisiontime.o(i.CheckNode)
    Check_Run_User_Program_Falg              0x0800b451   Thumb Code    20  iap_updata.o(i.Check_Run_User_Program_Falg)
    DMA1_Channel3_IRQHandler                 0x0800b469   Thumb Code     8  usart.o(i.DMA1_Channel3_IRQHandler)
    DMA1_Channel5_IRQHandler                 0x0800b475   Thumb Code     8  usart.o(i.DMA1_Channel5_IRQHandler)
    DMA1_Channel6_IRQHandler                 0x0800b481   Thumb Code     8  usart.o(i.DMA1_Channel6_IRQHandler)
    DMA2_Channel3_IRQHandler                 0x0800b48d   Thumb Code     8  usart.o(i.DMA2_Channel3_IRQHandler)
    DMA_UART_Receive                         0x0800b499   Thumb Code   204  usart.o(i.DMA_UART_Receive)
    DMA_UART_Receive_Process                 0x0800b579   Thumb Code   272  usart.o(i.DMA_UART_Receive_Process)
    DMA_USART_Timeout                        0x0800b699   Thumb Code    72  usart.o(i.DMA_USART_Timeout)
    DMA_UsartConfiguration                   0x0800b6f5   Thumb Code   138  usart.o(i.DMA_UsartConfiguration)
    DMA_Usart_Init                           0x0800b789   Thumb Code   164  usart.o(i.DMA_Usart_Init)
    DealPostPro                              0x0800b839   Thumb Code    20  postproda.o(i.DealPostPro)
    DealPostProtocol                         0x0800b84d   Thumb Code   158  postproda.o(i.DealPostProtocol)
    DebugMon_Handler                         0x0800b8f5   Thumb Code     2  stm32f10x_it.o(i.DebugMon_Handler)
    DelTimer                                 0x0800b8f9   Thumb Code    68  lowprcisiontime.o(i.DelTimer)
    Delay_1us                                0x0800b941   Thumb Code    12  basicfunc.o(i.Delay_1us)
    Delay_2us                                0x0800b94d   Thumb Code    12  basicfunc.o(i.Delay_2us)
    Delay_MS                                 0x0800b959   Thumb Code    32  basicfunc.o(i.Delay_MS)
    Delay_US_FALSH                           0x0800b979   Thumb Code    22  spi_flash.o(i.Delay_US_FALSH)
    Delay_uS                                 0x0800b98f   Thumb Code    18  basicfunc.o(i.Delay_uS)
    DoProtocolReceiveAnalysis                0x0800b9c9   Thumb Code    14  protocol.o(i.DoProtocolReceiveAnalysis)
    DoProtocolReceiveAnalysis_BC95           0x0800b9d9   Thumb Code   442  protocol.o(i.DoProtocolReceiveAnalysis_BC95)
    DoProtocolReceiveAnalysis_ZTE            0x0800bba1   Thumb Code   330  protocol.o(i.DoProtocolReceiveAnalysis_ZTE)
    DoProtocol_DMA_ReceiveAnalysis           0x0800bcf1   Thumb Code   350  protocol.o(i.DoProtocol_DMA_ReceiveAnalysis)
    DoProtocols                              0x0800be55   Thumb Code    30  protocol.o(i.DoProtocols)
    DoTimer                                  0x0800be79   Thumb Code    82  lowprcisiontime.o(i.DoTimer)
    DownLoad_DealPro                         0x0800bed1   Thumb Code    20  download.o(i.DownLoad_DealPro)
    DownLoad_DealProtocol                    0x0800bee5   Thumb Code    82  download.o(i.DownLoad_DealProtocol)
    DownLoad_Pro                             0x0800bf3d   Thumb Code    62  download_pro.o(i.DownLoad_Pro)
    DownLoad_SendByte                        0x0800bf89   Thumb Code    12  download.o(i.DownLoad_SendByte)
    DownLoad_SendChksum                      0x0800bf95   Thumb Code    82  download.o(i.DownLoad_SendChksum)
    DownLoad_SendHead                        0x0800bfe7   Thumb Code    58  download.o(i.DownLoad_SendHead)
    DownLoad_SendTail                        0x0800c021   Thumb Code    44  download.o(i.DownLoad_SendTail)
    EnableCom                                0x0800c04d   Thumb Code    32  usart.o(i.EnableCom)
    FeedWatchDog                             0x0800c06d   Thumb Code    10  watchdog.o(i.FeedWatchDog)
    FlashReadID                              0x0800c07d   Thumb Code    62  spi_flash.o(i.FlashReadID)
    G510_init                                0x0800c0c5   Thumb Code   512  g510.o(i.G510_init)
    G510_open_GPRS                           0x0800c3a5   Thumb Code   382  g510.o(i.G510_open_GPRS)
    G510_reconnect                           0x0800c605   Thumb Code   190  g510.o(i.G510_reconnect)
    G510_send                                0x0800c741   Thumb Code   252  g510.o(i.G510_send)
    GATEWAY_heart_link                       0x0800c84d   Thumb Code   174  amy_net.o(i.GATEWAY_heart_link)
    GATEWAY_heart_send                       0x0800c921   Thumb Code   122  amy_net.o(i.GATEWAY_heart_send)
    GATEWAY_heart_send_pack                  0x0800c9d5   Thumb Code   184  post_protocol.o(i.GATEWAY_heart_send_pack)
    GATEWAY_peizhi_pack                      0x0800cab9   Thumb Code    54  post_protocol.o(i.GATEWAY_peizhi_pack)
    GATEWAY_send                             0x0800caf5   Thumb Code    22  amy_net.o(i.GATEWAY_send)
    GSM_RESET                                0x0800cb0d   Thumb Code    76  cdma.o(i.GSM_RESET)
    GetProtocolBufferOrLen                   0x0800cb5d   Thumb Code    42  protocol.o(i.GetProtocolBufferOrLen)
    GetProtocolResource                      0x0800cb8d   Thumb Code    22  protocol.o(i.GetProtocolResource)
    GetUartStructBaseFunction                0x0800cba9   Thumb Code    16  usart.o(i.GetUartStructBaseFunction)
    GetUtProtocolResource                    0x0800cbbd   Thumb Code    24  usart.o(i.GetUtProtocolResource)
    Get_Iap_Config                           0x0800cbd9   Thumb Code    52  iap.o(i.Get_Iap_Config)
    Get_Usart_Function                       0x0800cc15   Thumb Code    22  usart.o(i.Get_Usart_Function)
    Gpio_Init                                0x0800cc31   Thumb Code    38  gpiomap.o(i.Gpio_Init)
    HardFault_Handler                        0x0800cc57   Thumb Code     2  stm32f10x_it.o(i.HardFault_Handler)
    IAP_ReStart                              0x0800cc59   Thumb Code    44  iap_updata.o(i.IAP_ReStart)
    IAP_Update_End                           0x0800cc91   Thumb Code    86  iap_updata.o(i.IAP_Update_End)
    IAP_Update_Start                         0x0800ccfd   Thumb Code    80  iap_updata.o(i.IAP_Update_Start)
    IAP_Update_Write                         0x0800cd55   Thumb Code   468  iap_updata.o(i.IAP_Update_Write)
    InitChip                                 0x0800cf51   Thumb Code    20  main.o(i.InitChip)
    InitHardWare                             0x0800cf65   Thumb Code    30  main.o(i.InitHardWare)
    InitSoftSystem                           0x0800cf85   Thumb Code    40  main.o(i.InitSoftSystem)
    Init_Amy_Id                              0x0800cfb1   Thumb Code   920  flash.o(i.Init_Amy_Id)
    Init_Protocol_Debug                      0x0800d4a5   Thumb Code    86  protocol_debug.o(i.Init_Protocol_Debug)
    Init_Protocol_MSG                        0x0800d511   Thumb Code    88  protocol_msg.o(i.Init_Protocol_MSG)
    Init_Protocol_Wcdma                      0x0800d57d   Thumb Code    88  protocol_wcdma.o(i.Init_Protocol_Wcdma)
    InvertedOrder                            0x0800d5e9   Thumb Code    32  basicfunc.o(i.InvertedOrder)
    Led_Init                                 0x0800d609   Thumb Code    28  led.o(i.Led_Init)
    LowPrcisionTime_Init                     0x0800d62d   Thumb Code   106  lowprcisiontime.o(i.LowPrcisionTime_Init)
    LowPrcisionTime_Start                    0x0800d69d   Thumb Code     8  lowprcisiontime.o(i.LowPrcisionTime_Start)
    M6312_init                               0x0800d6a9   Thumb Code   398  m6312.o(i.M6312_init)
    M6312_open_GPRS                          0x0800d8e9   Thumb Code   382  m6312.o(i.M6312_open_GPRS)
    M6312_reconnect                          0x0800db49   Thumb Code   170  m6312.o(i.M6312_reconnect)
    M6312_send                               0x0800dc69   Thumb Code   252  m6312.o(i.M6312_send)
    MemManage_Handler                        0x0800dd75   Thumb Code     2  stm32f10x_it.o(i.MemManage_Handler)
    NMI_Handler                              0x0800dd77   Thumb Code     2  stm32f10x_it.o(i.NMI_Handler)
    OUT_AMY_addr_please_set                  0x0800dd79   Thumb Code    54  uploading_pro.o(i.OUT_AMY_addr_please_set)
    PLCtime_share_process                    0x0800ddb5   Thumb Code   280  armchair.o(i.PLCtime_share_process)
    POLL_list_link                           0x0800df35   Thumb Code    44  amy_net.o(i.POLL_list_link)
    POLL_list_send                           0x0800df81   Thumb Code   134  amy_net.o(i.POLL_list_send)
    PendSV_Handler                           0x0800e041   Thumb Code     2  stm32f10x_it.o(i.PendSV_Handler)
    PostSendByte                             0x0800e043   Thumb Code    12  postproda.o(i.PostSendByte)
    PostSendByteASC                          0x0800e04f   Thumb Code    42  postproda.o(i.PostSendByteASC)
    PostSendDataLen                          0x0800e079   Thumb Code    78  postproda.o(i.PostSendDataLen)
    PostSendDefault                          0x0800e0c7   Thumb Code    46  postproda.o(i.PostSendDefault)
    PostSendFixupByte                        0x0800e0f5   Thumb Code    28  postproda.o(i.PostSendFixupByte)
    PostSendHead                             0x0800e111   Thumb Code    84  postproda.o(i.PostSendHead)
    PostSendPostChksum                       0x0800e16d   Thumb Code    74  postproda.o(i.PostSendPostChksum)
    PostSendTail                             0x0800e1b7   Thumb Code    20  postproda.o(i.PostSendTail)
    PostSend_Word                            0x0800e1cb   Thumb Code    24  postproda.o(i.PostSend_Word)
    Program_Updata_timeout                   0x0800e305   Thumb Code    28  download_pro.o(i.Program_Updata_timeout)
    ProtocolReceiveByte                      0x0800e329   Thumb Code    28  protocol.o(i.ProtocolReceiveByte)
    ProtocolSendByte                         0x0800e349   Thumb Code    26  protocol.o(i.ProtocolSendByte)
    Protocol_zd_Receive                      0x0800e70d   Thumb Code    66  protocol_wcdma.o(i.Protocol_zd_Receive)
    Protocols_Init                           0x0800e75d   Thumb Code    46  protocol.o(i.Protocols_Init)
    READ_CSQ                                 0x0800e791   Thumb Code    20  qwl_net.o(i.READ_CSQ)
    REC_CSQ                                  0x0800e7b1   Thumb Code   150  qwl_net.o(i.REC_CSQ)
    ReceiveCallBack                          0x0800e84d   Thumb Code    34  protocol.o(i.ReceiveCallBack)
    ReceiveDataFromUartStruct                0x0800e875   Thumb Code    24  usart.o(i.ReceiveDataFromUartStruct)
    ReceivePro_Debug_Dispose                 0x0800e88d   Thumb Code    48  protocolreccallback.o(i.ReceivePro_Debug_Dispose)
    RegisterProtocolFun                      0x0800e929   Thumb Code    36  protocol.o(i.RegisterProtocolFun)
    ResetProtocolBuffer                      0x0800e951   Thumb Code    90  protocol.o(i.ResetProtocolBuffer)
    SIM_ID_SEND                              0x0800e9b1   Thumb Code    50  amy_net.o(i.SIM_ID_SEND)
    SIM_ID_send_pack                         0x0800e9f5   Thumb Code    60  post_protocol.o(i.SIM_ID_send_pack)
    SPI_Flash_Init                           0x0800ea39   Thumb Code   182  spi_flash.o(i.SPI_Flash_Init)
    SPI_Flash_ReadByte                       0x0800eafd   Thumb Code     6  spi_flash.o(i.SPI_Flash_ReadByte)
    SPI_Flash_SendByte                       0x0800eb05   Thumb Code    48  spi_flash.o(i.SPI_Flash_SendByte)
    SST25_R_BLOCK                            0x0800eb39   Thumb Code    96  spi_flash.o(i.SST25_R_BLOCK)
    SST25_W_BLOCK                            0x0800eb9d   Thumb Code   360  spi_flash.o(i.SST25_W_BLOCK)
    SST25_W_BLOCKQ                           0x0800ed0d   Thumb Code   304  spi_flash.o(i.SST25_W_BLOCKQ)
    SST25_clr_256_BLOCK                      0x0800ee45   Thumb Code   136  spi_flash.o(i.SST25_clr_256_BLOCK)
    SVC_Handler                              0x0800eef1   Thumb Code     2  stm32f10x_it.o(i.SVC_Handler)
    Save_Iap_Config                          0x0800eef5   Thumb Code    72  iap.o(i.Save_Iap_Config)
    Select_Program_run                       0x0800ef45   Thumb Code    28  iap_updata.o(i.Select_Program_run)
    Self_Check                               0x0800ef69   Thumb Code    86  armchair.o(i.Self_Check)
    SendDataFromUartStruct                   0x0800efe9   Thumb Code    32  usart.o(i.SendDataFromUartStruct)
    SetProtocolReceiveCallBack               0x0800f009   Thumb Code    26  protocol.o(i.SetProtocolReceiveCallBack)
    SetTimer                                 0x0800f029   Thumb Code    84  lowprcisiontime.o(i.SetTimer)
    SetUartParameter                         0x0800f081   Thumb Code    70  protocol.o(i.SetUartParameter)
    Set_Comm_baud                            0x0800f0d1   Thumb Code    90  download_pro.o(i.Set_Comm_baud)
    SettingCommBps                           0x0800f12d   Thumb Code    14  protocol.o(i.SettingCommBps)
    SettingSaveByUSART_FUNCTION              0x0800f20d   Thumb Code    16  usart.o(i.SettingSaveByUSART_FUNCTION)
    SetupComDir                              0x0800f245   Thumb Code    98  usart.o(i.SetupComDir)
    Shared_Module_switch                     0x0800f2b5   Thumb Code    88  armchair.o(i.Shared_Module_switch)
    StartSendBuffer                          0x0800f325   Thumb Code    86  protocol.o(i.StartSendBuffer)
    SysTick_Handler                          0x0800f381   Thumb Code     4  stm32f10x_it.o(i.SysTick_Handler)
    TIM5_IRQHandler                          0x0800f385   Thumb Code    34  lowprcisiontime.o(i.TIM5_IRQHandler)
    TM1618_SDA_IN                            0x0800f3b1   Thumb Code    40  tm1618.o(i.TM1618_SDA_IN)
    TM1618_SDA_OUT                           0x0800f3e1   Thumb Code    32  tm1618.o(i.TM1618_SDA_OUT)
    TP_GPRS                                  0x0800f405   Thumb Code    94  cdma.o(i.TP_GPRS)
    TP_GPRS1                                 0x0800f463   Thumb Code   136  g510.o(i.TP_GPRS1)
    TimingDelay_Decrement                    0x0800f4ed   Thumb Code    18  main.o(i.TimingDelay_Decrement)
    Tm618_Display                            0x0800f505   Thumb Code   646  tm1618.o(i.Tm618_Display)
    Tm618_IO_Init                            0x0800f7a9   Thumb Code    66  tm1618.o(i.Tm618_IO_Init)
    Tm618_Smg_Line                           0x0800f7f1   Thumb Code    66  tm1618.o(i.Tm618_Smg_Line)
    Tm618_Smg_On                             0x0800f839   Thumb Code    78  tm1618.o(i.Tm618_Smg_On)
    Tm618_Smg_clear                          0x0800f88d   Thumb Code    64  tm1618.o(i.Tm618_Smg_clear)
    UART4_IRQHandler                         0x0800f8d1   Thumb Code     2  usart.o(i.UART4_IRQHandler)
    UART5_IRQHandler                         0x0800f8d5   Thumb Code    98  usart.o(i.UART5_IRQHandler)
    USART1_IRQHandler                        0x0800f93d   Thumb Code    98  usart.o(i.USART1_IRQHandler)
    USART1_Timeout                           0x0800fa15   Thumb Code    36  usart.o(i.USART1_Timeout)
    USART1_sendchar                          0x0800fa39   Thumb Code    26  qwl_net.o(i.USART1_sendchar)
    USART2_IRQHandler                        0x0800fa59   Thumb Code    82  usart.o(i.USART2_IRQHandler)
    USART2_Timeout                           0x0800fb3d   Thumb Code    36  usart.o(i.USART2_Timeout)
    USART2_sendchar                          0x0800fb61   Thumb Code    26  2x1278.o(i.USART2_sendchar)
    USART2_sendstring                        0x0800fb81   Thumb Code    20  2x1278.o(i.USART2_sendstring)
    USART3_IRQHandler                        0x0800fb95   Thumb Code    98  usart.o(i.USART3_IRQHandler)
    USART3_Timeout                           0x0800fc8d   Thumb Code    36  usart.o(i.USART3_Timeout)
    USART3_sendchar                          0x0800fcb1   Thumb Code    26  amy_net.o(i.USART3_sendchar)
    USART3_sendstring1                       0x0800fcd1   Thumb Code    26  amy_net.o(i.USART3_sendstring1)
    USART4_Timeout                           0x0800fced   Thumb Code    36  usart.o(i.USART4_Timeout)
    USART5_Timeout                           0x0800fda1   Thumb Code    36  usart.o(i.USART5_Timeout)
    USART5_sendchar                          0x0800fdc5   Thumb Code    26  ceshi.o(i.USART5_sendchar)
    Uart_Init                                0x0800fe41   Thumb Code    52  usart.o(i.Uart_Init)
    Uploading_Pro                            0x0800fe7d   Thumb Code   642  uploading_pro.o(i.Uploading_Pro)
    UsageFault_Handler                       0x0801027d   Thumb Code     2  stm32f10x_it.o(i.UsageFault_Handler)
    WD_Init                                  0x0801027f   Thumb Code    36  watchdog.o(i.WD_Init)
    Write_Byte                               0x080102a5   Thumb Code    80  tm1618.o(i.Write_Byte)
    Write_Cmd                                0x080102f9   Thumb Code    44  tm1618.o(i.Write_Cmd)
    Write_Flash                              0x08010329   Thumb Code    84  flash.o(i.Write_Flash)
    Write_light_idip                         0x0801037d   Thumb Code   184  flash.o(i.Write_light_idip)
    __0sprintf                               0x08010451   Thumb Code    34  printfa.o(i.__0sprintf)
    __1sprintf                               0x08010451   Thumb Code     0  printfa.o(i.__0sprintf)
    __2sprintf                               0x08010451   Thumb Code     0  printfa.o(i.__0sprintf)
    __c89sprintf                             0x08010451   Thumb Code     0  printfa.o(i.__0sprintf)
    sprintf                                  0x08010451   Thumb Code     0  printfa.o(i.__0sprintf)
    __scatterload_copy                       0x08010479   Thumb Code    14  handlers.o(i.__scatterload_copy)
    __scatterload_null                       0x08010487   Thumb Code     2  handlers.o(i.__scatterload_null)
    __scatterload_zeroinit                   0x08010489   Thumb Code    14  handlers.o(i.__scatterload_zeroinit)
    amy_CHKSUM_produce                       0x08010d35   Thumb Code    56  amy_net.o(i.amy_CHKSUM_produce)
    amy_ack_send                             0x08010d75   Thumb Code   144  2x1278.o(i.amy_ack_send)
    amy_amy_please                           0x08010e25   Thumb Code   106  2x1278.o(i.amy_amy_please)
    amy_config_please                        0x08010e91   Thumb Code    88  2x1278.o(i.amy_config_please)
    amy_config_send                          0x08010efd   Thumb Code   216  2x1278.o(i.amy_config_send)
    amy_config_send_1                        0x08011021   Thumb Code   238  2x1278.o(i.amy_config_send_1)
    amy_state_send                           0x0801115d   Thumb Code   796  amy_net.o(i.amy_state_send)
    amyack_send_pack                         0x08011529   Thumb Code   136  post_protocol.o(i.amyack_send_pack)
    amystate_pack_send                       0x080115b9   Thumb Code    38  amy_net.o(i.amystate_pack_send)
    amystate_send                            0x080115ed   Thumb Code    38  amy_net.o(i.amystate_send)
    amystate_send_pack                       0x08011621   Thumb Code   200  post_protocol.o(i.amystate_send_pack)
    armchair_change_outIO                    0x080116f9   Thumb Code    36  armchair.o(i.armchair_change_outIO)
    armchair_io_state                        0x08011725   Thumb Code    16  armchair.o(i.armchair_io_state)
    armchair_io_state_1                      0x08011739   Thumb Code    16  armchair.o(i.armchair_io_state_1)
    asc2hex                                  0x0801174d   Thumb Code    30  basicfunc.o(i.asc2hex)
    cdma_init                                0x0801176d   Thumb Code   410  cdma.o(i.cdma_init)
    cdma_open_GPRS                           0x080119b5   Thumb Code   352  cdma.o(i.cdma_open_GPRS)
    cdma_or_nblot                            0x08011bfd   Thumb Code   354  qwl_net.o(i.cdma_or_nblot)
    cdma_or_nblot_setp_init                  0x08011e15   Thumb Code    58  qwl_net.o(i.cdma_or_nblot_setp_init)
    cdma_reconnect                           0x08011e71   Thumb Code   164  cdma.o(i.cdma_reconnect)
    cdma_send                                0x08011f95   Thumb Code   274  cdma.o(i.cdma_send)
    checktest                                0x080120bd   Thumb Code    46  spi_flash.o(i.checktest)
    chk_LcdMode_chksum                       0x080120f1   Thumb Code    46  basicfunc.o(i.chk_LcdMode_chksum)
    chk_post_chksum                          0x0801211f   Thumb Code    78  basicfunc.o(i.chk_post_chksum)
    clear_SystemBuf                          0x0801216d   Thumb Code     8  cdma.o(i.clear_SystemBuf)
    free                                     0x08012179   Thumb Code    76  malloc.o(i.free)
    getPINFO                                 0x080121c9   Thumb Code    38  protocol.o(i.getPINFO)
    getPINFO_BC95                            0x080121f5   Thumb Code    38  protocol.o(i.getPINFO_BC95)
    goto_iap                                 0x08012221   Thumb Code    42  iap.o(i.goto_iap)
    hi_hex2asc                               0x08012259   Thumb Code    14  basicfunc.o(i.hi_hex2asc)
    key_process                              0x08012269   Thumb Code   194  armchair.o(i.key_process)
    key_q2x1278_set                          0x08012341   Thumb Code   138  armchair.o(i.key_q2x1278_set)
    low_hex2asc                              0x080123f5   Thumb Code    16  basicfunc.o(i.low_hex2asc)
    main                                     0x08012405   Thumb Code    58  main.o(i.main)
    malloc                                   0x08012441   Thumb Code    92  malloc.o(i.malloc)
    nblot_TP_GPRS                            0x080124ad   Thumb Code    68  nblot.o(i.nblot_TP_GPRS)
    nblot_init                               0x080124f1   Thumb Code   852  nblot.o(i.nblot_init)
    nblot_init_0                             0x08012a21   Thumb Code    16  nblot.o(i.nblot_init_0)
    nblot_open_GPRS                          0x08012a35   Thumb Code   248  nblot.o(i.nblot_open_GPRS)
    nblot_read                               0x08012bb1   Thumb Code    36  nblot.o(i.nblot_read)
    nblot_rec                                0x08012be9   Thumb Code    84  nblot.o(i.nblot_rec)
    nblot_reconnect                          0x08012c41   Thumb Code   150  nblot.o(i.nblot_reconnect)
    nblot_send                               0x08012d2d   Thumb Code   232  nblot.o(i.nblot_send)
    net_data_send                            0x08012e29   Thumb Code    14  protocol_send.o(i.net_data_send)
    net_data_send_delay                      0x08012e3d   Thumb Code    10  protocol_send.o(i.net_data_send_delay)
    net_data_send_init                       0x08012e4d   Thumb Code    18  protocol_send.o(i.net_data_send_init)
    net_rec                                  0x08012e65   Thumb Code    52  qwl_net.o(i.net_rec)
    net_send                                 0x08012ea1   Thumb Code    48  qwl_net.o(i.net_send)
    net_state                                0x08012ed9   Thumb Code   354  qwl_net.o(i.net_state)
    poll_list_send_pack                      0x08013089   Thumb Code    84  post_protocol.o(i.poll_list_send_pack)
    post_group                               0x080130e5   Thumb Code   256  post_protocol.o(i.post_group)
    process_00                               0x080131ed   Thumb Code   116  uploading_pro.o(i.process_00)
    process_12                               0x0801328d   Thumb Code   242  uploading_pro.o(i.process_12)
    process_F8                               0x080133d9   Thumb Code    90  protocol_send.o(i.process_F8)
    process_fb                               0x08013449   Thumb Code   600  uploading_pro.o(i.process_fb)
    q2x1278_check_send                       0x08013791   Thumb Code    64  2x1278.o(i.q2x1278_check_send)
    q2x1278_fb                               0x080137f1   Thumb Code    62  2x1278.o(i.q2x1278_fb)
    q2x1278_init                             0x08013859   Thumb Code    38  2x1278.o(i.q2x1278_init)
    q2x1278_plc_send                         0x08013885   Thumb Code   204  2x1278.o(i.q2x1278_plc_send)
    q2x1278_rec_cofig                        0x08013965   Thumb Code   208  2x1278.o(i.q2x1278_rec_cofig)
    q2x1278_rec_or_send                      0x08013a4d   Thumb Code    72  armchair.o(i.q2x1278_rec_or_send)
    q2x1278_set                              0x08013aa1   Thumb Code   246  2x1278.o(i.q2x1278_set)
    qwl_net_init                             0x08013bd5   Thumb Code    30  qwl_net.o(i.qwl_net_init)
    qwl_net_s_deal                           0x08013bf9   Thumb Code    34  qwl_net.o(i.qwl_net_s_deal)
    qwl_net_sendchar                         0x08013c21   Thumb Code     4  qwl_net.o(i.qwl_net_sendchar)
    qwl_net_sendstring                       0x08013c25   Thumb Code    34  qwl_net.o(i.qwl_net_sendstring)
    qwl_net_sendstring1                      0x08013c47   Thumb Code    20  qwl_net.o(i.qwl_net_sendstring1)
    qwl_sendchar                             0x08013c5b   Thumb Code     4  ceshi.o(i.qwl_sendchar)
    qwl_sendstring                           0x08013c5f   Thumb Code    34  ceshi.o(i.qwl_sendstring)
    qwl_sendstring1                          0x08013c81   Thumb Code    20  ceshi.o(i.qwl_sendstring1)
    rdcr                                     0x08013c95   Thumb Code    40  spi_flash.o(i.rdcr)
    rdsr                                     0x08013cc1   Thumb Code    40  spi_flash.o(i.rdsr)
    read_key                                 0x08013ced   Thumb Code    78  tm1618.o(i.read_key)
    rec_key                                  0x08013d41   Thumb Code    84  tm1618.o(i.rec_key)
    sect_clr                                 0x08013d99   Thumb Code   100  spi_flash.o(i.sect_clr)
    slot_machines_data_send                  0x08013e05   Thumb Code    32  armchair.o(i.slot_machines_data_send)
    strsearch                                0x08013e35   Thumb Code    66  algorithm.o(i.strsearch)
    strsearch_h                              0x08013e79   Thumb Code    70  cdma.o(i.strsearch_h)
    strsearch_qwl                            0x08013ec5   Thumb Code    70  algorithm.o(i.strsearch_qwl)
    twoascii2byte                            0x08013f0b   Thumb Code    24  basicfunc.o(i.twoascii2byte)
    unlock                                   0x08013f25   Thumb Code    58  spi_flash.o(i.unlock)
    upload_link_send                         0x08013f69   Thumb Code    94  protocol_send.o(i.upload_link_send)
    usart_init                               0x08013fdd   Thumb Code   188  qwl_net.o(i.usart_init)
    wdis                                     0x080140a1   Thumb Code    34  spi_flash.o(i.wdis)
    wen                                      0x080140c9   Thumb Code    30  spi_flash.o(i.wen)
    wg_amy_state                             0x080140ed   Thumb Code   152  amy_net.o(i.wg_amy_state)
    wg_rec_deal                              0x080141fd   Thumb Code   936  armchair.o(i.wg_rec_deal)
    wip                                      0x08014625   Thumb Code    34  spi_flash.o(i.wip)
    wsr                                      0x0801464d   Thumb Code    92  spi_flash.o(i.wsr)
    wwen                                     0x080146b1   Thumb Code    24  spi_flash.o(i.wwen)
    zd_rec_deal                              0x080146cd   Thumb Code   120  armchair.o(i.zd_rec_deal)
    _gProtocol_info                          0x0801476c   Data          48  protocol.o(.constdata)
    _gProtocol_info1                         0x0801479c   Data          80  protocol.o(.constdata)
    ASCII_hex                                0x080147ec   Data          24  qwl_net.o(.constdata)
    NUM                                      0x08014804   Data          32  tm1618.o(.constdata)
    CRC8Table                                0x08014824   Data         256  post_protocol.o(.constdata)
    Region$$Table$$Base                      0x08014924   Number         0  anon$$obj.o(Region$$Table)
    Region$$Table$$Limit                     0x08014944   Number         0  anon$$obj.o(Region$$Table)
    ModAddress                               0x20000001   Data           1  data.o(.data)
    Run_User_Program_Falg                    0x20000002   Data           1  data.o(.data)
    Timer50msCount                           0x20000004   Data           2  lowprcisiontime.o(.data)
    _gTimerLinkerHeader                      0x20000008   Data           4  lowprcisiontime.o(.data)
    gKickDogNum                              0x2000000e   Data           2  watchdog.o(.data)
    _gucfg                                   0x200000a4   Data          40  usart.o(.data)
    ApplicationAddress                       0x200000cc   Data           4  iap_updata.o(.data)
    FlashDestination                         0x200000d0   Data           4  iap_updata.o(.data)
    LONG_TO_CHAR4                            0x200000d4   Data           4  iap_updata.o(.data)
    fac_id                                   0x200000d9   Data           1  spi_flash.o(.data)
    dev_id                                   0x200000da   Data           1  spi_flash.o(.data)
    _guf                                     0x200000db   Data           1  protocol.o(.data)
    RTN                                      0x200000e8   Data           1  postproda.o(.data)
    send_NSORF_flag                          0x200000ea   Data           1  qwl_net.o(.data)
    connect_flag                             0x200000eb   Data           1  qwl_net.o(.data)
    nblot_or_cdma_flag                       0x200000ec   Data           1  qwl_net.o(.data)
    net_error_flag                           0x200000ed   Data           1  qwl_net.o(.data)
    CSQ_rec_deal                             0x200000ee   Data           1  qwl_net.o(.data)
    CSQ_buf                                  0x200000ef   Data           1  qwl_net.o(.data)
    CSQ                                      0x200000f0   Data           1  qwl_net.o(.data)
    CSQ_DELAY                                0x200000f1   Data           1  qwl_net.o(.data)
    Rx                                       0x200000f2   Data           2  qwl_net.o(.data)
    net                                      0x200000f4   Data           5  qwl_net.o(.data)
    exchange_platform                        0x200000f9   Data           8  qwl_net.o(.data)
    deal_process                             0x20000101   Data           1  qwl_net.o(.data)
    update_ip                                0x20000102   Data          22  qwl_net.o(.data)
    cdma_RESET_flag                          0x20000118   Data           1  cdma.o(.data)
    g_flag                                   0x20000119   Data           1  cdma.o(.data)
    AT_CIMI                                  0x2000011a   Data           8  cdma.o(.data)
    AT_CPIN                                  0x20000122   Data           9  cdma.o(.data)
    AT_CIPSTART                              0x2000012b   Data          15  cdma.o(.data)
    AT_CIPCLOSE                              0x2000013a   Data          13  cdma.o(.data)
    AT_zpppopen                              0x20000147   Data          12  cdma.o(.data)
    AT_CIPSEND                               0x20000153   Data          14  cdma.o(.data)
    AT_GETICCID                              0x20000161   Data          12  cdma.o(.data)
    light_TCP                                0x2000016d   Data          22  cdma.o(.data)
    nblot_rec_flag                           0x20000183   Data           1  nblot.o(.data)
    nblot_read_flag                          0x20000184   Data           1  nblot.o(.data)
    nblot_read_flag1                         0x20000185   Data           1  nblot.o(.data)
    nblot_RESET_flag                         0x20000186   Data           1  nblot.o(.data)
    NBIOT_SET_FALG                           0x20000187   Data           1  nblot.o(.data)
    NB_SET_FLAG                              0x20000188   Data           1  nblot.o(.data)
    nblot_CGATT                              0x20000189   Data          11  nblot.o(.data)
    nblot_NSOST                              0x20000194   Data          12  nblot.o(.data)
    nblot_NSOCR                              0x200001a0   Data          27  nblot.o(.data)
    nblot_NCCID                              0x200001bb   Data           9  nblot.o(.data)
    nblot_NBAND                              0x200001c4   Data          10  nblot.o(.data)
    nblot_NBAND1                             0x200001ce   Data          11  nblot.o(.data)
    nblot_NCONFIG                            0x200001d9   Data          12  nblot.o(.data)
    nblot_AUTOCONNECT                        0x200001e5   Data          28  nblot.o(.data)
    nblot_SCRAMBL_true                       0x20000201   Data          40  nblot.o(.data)
    nblot_SCRAMBL_false                      0x20000229   Data          41  nblot.o(.data)
    nblot_AVOID_true                         0x20000252   Data          33  nblot.o(.data)
    nblot_AVOID_false                        0x20000273   Data          34  nblot.o(.data)
    light_UDP                                0x20000295   Data          22  nblot.o(.data)
    M6312_RESET_flag                         0x200002ab   Data           1  m6312.o(.data)
    AT_GETICCID1                             0x200002ac   Data           8  m6312.o(.data)
    AT_CPIN1                                 0x200002b4   Data           9  m6312.o(.data)
    AT_CIPSTART1                             0x200002bd   Data          18  m6312.o(.data)
    AT_CIPCLOSE1                             0x200002cf   Data          11  m6312.o(.data)
    AT_zpppopen1                             0x200002da   Data          13  m6312.o(.data)
    AT_CIPSEND1                              0x200002e7   Data          11  m6312.o(.data)
    G510_RESET_flag                          0x200002f2   Data           1  g510.o(.data)
    AT_GETICCID2                             0x200002f3   Data           8  g510.o(.data)
    AT_CPIN2                                 0x200002fb   Data           9  g510.o(.data)
    AT_CIPSTART2                             0x20000304   Data          16  g510.o(.data)
    AT_CIPCLOSE2                             0x20000314   Data          13  g510.o(.data)
    AT_zpppopen2                             0x20000321   Data          35  g510.o(.data)
    AT_CIPSEND2                              0x20000344   Data          14  g510.o(.data)
    AT_GTSET                                 0x20000352   Data          20  g510.o(.data)
    Net_Data_Send                            0x20000366   Data           5  protocol_send.o(.data)
    amy_config                               0x2000036c   Data           1  armchair.o(.data)
    amy_config1                              0x2000036d   Data           1  armchair.o(.data)
    PLC_time_flag                            0x2000036e   Data           1  armchair.o(.data)
    PLC_time_tiqian                          0x2000036f   Data           1  armchair.o(.data)
    time_share_process_flag                  0x20000370   Data           1  armchair.o(.data)
    ceshi                                    0x20000371   Data           1  armchair.o(.data)
    amy_total                                0x20000372   Data           1  armchair.o(.data)
    armchair_time_flag                       0x20000373   Data           1  armchair.o(.data)
    amy_rec_flag                             0x20000374   Data           1  armchair.o(.data)
    amy_rec_flag_1                           0x20000375   Data           1  armchair.o(.data)
    amy_cotrol_flag                          0x20000376   Data           1  armchair.o(.data)
    wg_stor_pointer                          0x20000377   Data           1  armchair.o(.data)
    wg_ack_times                             0x20000378   Data           1  armchair.o(.data)
    zd_update_flag                           0x20000379   Data           1  armchair.o(.data)
    armchair_fen_delay                       0x2000037a   Data           1  armchair.o(.data)
    Shared_Module                            0x2000037b   Data           1  armchair.o(.data)
    zd_overtime_flag                         0x2000037c   Data           2  armchair.o(.data)
    amy_cotrol_time                          0x2000037e   Data           2  armchair.o(.data)
    amy_cotrol_time_flag                     0x20000380   Data           2  armchair.o(.data)
    armchair_s_delay                         0x20000382   Data           2  armchair.o(.data)
    amy_CHKSUM                               0x20000384   Data           1  armchair.o(.data)
    wg_deal_pointer                          0x20000385   Data           1  armchair.o(.data)
    wg_state_flag                            0x20000386   Data           1  armchair.o(.data)
    SIM_GET_FLAG                             0x20000387   Data           1  armchair.o(.data)
    change_led_flag                          0x20000388   Data           1  tm1618.o(.data)
    TM1618_DISPLAY_NO                        0x20000389   Data           3  tm1618.o(.data)
    key_delay_out                            0x2000038c   Data           1  tm1618.o(.data)
    q2x1278_config_buf1                      0x2000038d   Data           1  2x1278.o(.data)
    sx1278_fb_flag                           0x2000038e   Data           1  2x1278.o(.data)
    rx2_pointer                              0x2000038f   Data           1  2x1278.o(.data)
    config_recwait_time                      0x20000390   Data           2  2x1278.o(.data)
    q2x1278_config_buf                       0x20000392   Data           6  2x1278.o(.data)
    rx_pointer                               0x20000398   Data           1  2x1278.o(.data)
    GATEWAY_deal_time                        0x2000039a   Data           1  amy_net.o(.data)
    getwayheart_sendok_flag                  0x2000039b   Data           1  amy_net.o(.data)
    GATEWAY_list_time                        0x2000039c   Data           1  amy_net.o(.data)
    getwaylist_sendok_flag                   0x2000039d   Data           1  amy_net.o(.data)
    getwaylist_send_flag                     0x2000039e   Data           1  amy_net.o(.data)
    getwaylist_send_times                    0x2000039f   Data           1  amy_net.o(.data)
    amy_check_pointer                        0x200003a0   Data           1  amy_net.o(.data)
    amy_storflash_flag                       0x200003a1   Data           1  amy_net.o(.data)
    GATEWAY_heart_time_flag                  0x200003a2   Data           2  amy_net.o(.data)
    GATEWAY_heart_max_flag                   0x200003a4   Data           2  amy_net.o(.data)
    GATEWAY_list_time_flag                   0x200003a6   Data           2  amy_net.o(.data)
    amy_config_rec_flag                      0x200003a8   Data           1  amy_net.o(.data)
    plc_cofig_buf_1                          0x200003a9   Data           3  amy_net.o(.data)
    carrieroperator                          0x200003ac   Data           1  flash.o(.data)
    module_name                              0x200003ad   Data           1  flash.o(.data)
    amy_max_total                            0x200003ae   Data           1  flash.o(.data)
    zd_sl_flag                               0x200003af   Data           1  flash.o(.data)
    software_version                         0x200003b0   Data           2  flash.o(.data)
    Hardware_version                         0x200003b2   Data           2  flash.o(.data)
    post_len                                 0x200003b4   Data           2  post_protocol.o(.data)
    NO                                       0x200003b6   Data          16  post_protocol.o(.data)
    SystemCoreClock                          0x200003c8   Data           4  system_stm32f10x.o(.data)
    AHBPrescTable                            0x200003cc   Data          16  system_stm32f10x.o(.data)
    __microlib_freelist                      0x200003f0   Data           4  mvars.o(.data)
    __microlib_freelist_initialised          0x200003f4   Data           4  mvars.o(.data)
    iap_data                                 0x200003f8   Data          70  iap.o(.bss)
    DMA_InitStructure                        0x20000490   Data         220  usart.o(.bss)
    SystemBuf                                0x2000295c   Data        1024  qwl_net.o(.bss)
    SIM_ID                                   0x20002d5c   Data          20  cdma.o(.bss)
    amy_record_buf                           0x20002d70   Data        5250  armchair.o(.bss)
    amy_record_buf_1                         0x200041f2   Data          50  armchair.o(.bss)
    wg_ack_buf                               0x20004224   Data         200  armchair.o(.bss)
    AmyID                                    0x200042ec   Data          16  armchair.o(.bss)
    config_recwait_buf                       0x200042fc   Data         256  2x1278.o(.bss)
    Uart2_RecData_buf                        0x200043fc   Data         200  2x1278.o(.bss)
    amystate_send_flag                       0x200044c4   Data         250  amy_net.o(.bss)
    poll_zd                                  0x200045be   Data          45  amy_net.o(.bss)
    amy_check_ID                             0x200045eb   Data          16  amy_net.o(.bss)
    plc_cofig_buf                            0x200045fb   Data          16  amy_net.o(.bss)
    Upgrade_ip                               0x2000460b   Data          22  flash.o(.bss)
    post_buf                                 0x20004621   Data        1024  post_protocol.o(.bss)
    __heap_base                              0x20004a28   Data           0  startup_stm32f10x_hd.o(HEAP)
    __heap_limit                             0x20004c28   Data           0  startup_stm32f10x_hd.o(HEAP)
    __initial_sp                             0x20005028   Data           0  startup_stm32f10x_hd.o(STACK)



==============================================================================

Memory Map of the image

  Image Entry point : 0x08008131

  Load Region LR_IROM1 (Base: 0x08008000, Size: 0x0000cd3c, Max: 0x00040000, ABSOLUTE, COMPRESSED[0x0000cb4c])

    Execution Region ER_IROM1 (Base: 0x08008000, Size: 0x0000c944, Max: 0x00040000, ABSOLUTE)

    Base Addr    Size         Type   Attr      Idx    E Section Name        Object

    0x08008000   0x00000130   Data   RO          311    RESET               startup_stm32f10x_hd.o
    0x08008130   0x00000000   Code   RO         2970  * .ARM.Collect$$$$00000000  mc_w.l(entry.o)
    0x08008130   0x00000004   Code   RO         3268    .ARM.Collect$$$$00000001  mc_w.l(entry2.o)
    0x08008134   0x00000004   Code   RO         3271    .ARM.Collect$$$$00000004  mc_w.l(entry5.o)
    0x08008138   0x00000000   Code   RO         3273    .ARM.Collect$$$$00000008  mc_w.l(entry7b.o)
    0x08008138   0x00000000   Code   RO         3275    .ARM.Collect$$$$0000000A  mc_w.l(entry8b.o)
    0x08008138   0x00000008   Code   RO         3276    .ARM.Collect$$$$0000000B  mc_w.l(entry9a.o)
    0x08008140   0x00000000   Code   RO         3278    .ARM.Collect$$$$0000000D  mc_w.l(entry10a.o)
    0x08008140   0x00000000   Code   RO         3280    .ARM.Collect$$$$0000000F  mc_w.l(entry11a.o)
    0x08008140   0x00000004   Code   RO         3269    .ARM.Collect$$$$00002712  mc_w.l(entry2.o)
    0x08008144   0x00000024   Code   RO          312    .text               startup_stm32f10x_hd.o
    0x08008168   0x000001bc   Code   RO         2745    .text               STM32F10x_lib_HD.lib(system_stm32f10x.o)
    0x08008324   0x000000e0   Code   RO         2856    .text               STM32F10x_lib_HD.lib(misc.o)
    0x08008404   0x00000254   Code   RO         2872    .text               STM32F10x_lib_HD.lib(stm32f10x_dma.o)
    0x08008658   0x000005e4   Code   RO         2884    .text               STM32F10x_lib_HD.lib(stm32f10x_flash.o)
    0x08008c3c   0x00000348   Code   RO         2896    .text               STM32F10x_lib_HD.lib(stm32f10x_gpio.o)
    0x08008f84   0x00000040   Code   RO         2908    .text               STM32F10x_lib_HD.lib(stm32f10x_iwdg.o)
    0x08008fc4   0x00000390   Code   RO         2920    .text               STM32F10x_lib_HD.lib(stm32f10x_rcc.o)
    0x08009354   0x0000030c   Code   RO         2934    .text               STM32F10x_lib_HD.lib(stm32f10x_spi.o)
    0x08009660   0x00000c66   Code   RO         2946    .text               STM32F10x_lib_HD.lib(stm32f10x_tim.o)
    0x0800a2c6   0x00000002   PAD
    0x0800a2c8   0x00000408   Code   RO         2958    .text               STM32F10x_lib_HD.lib(stm32f10x_usart.o)
    0x0800a6d0   0x00000024   Code   RO         2973    .text               mc_w.l(memcpya.o)
    0x0800a6f4   0x00000024   Code   RO         2975    .text               mc_w.l(memseta.o)
    0x0800a718   0x0000002c   Code   RO         3285    .text               mc_w.l(uidiv.o)
    0x0800a744   0x00000062   Code   RO         3287    .text               mc_w.l(uldiv.o)
    0x0800a7a6   0x00000000   Code   RO         3291    .text               mc_w.l(iusefp.o)
    0x0800a7a6   0x0000014e   Code   RO         3292    .text               mf_w.l(dadd.o)
    0x0800a8f4   0x000000e4   Code   RO         3294    .text               mf_w.l(dmul.o)
    0x0800a9d8   0x000000de   Code   RO         3296    .text               mf_w.l(ddiv.o)
    0x0800aab6   0x00000030   Code   RO         3298    .text               mf_w.l(dfixul.o)
    0x0800aae6   0x00000002   PAD
    0x0800aae8   0x00000028   Code   RO         3300    .text               mf_w.l(cdrcmple.o)
    0x0800ab10   0x00000024   Code   RO         3302    .text               mc_w.l(init.o)
    0x0800ab34   0x0000001e   Code   RO         3305    .text               mc_w.l(llshl.o)
    0x0800ab52   0x00000020   Code   RO         3307    .text               mc_w.l(llushr.o)
    0x0800ab72   0x00000024   Code   RO         3309    .text               mc_w.l(llsshr.o)
    0x0800ab96   0x000000b6   Code   RO         3312    .text               mf_w.l(depilogue.o)
    0x0800ac4c   0x00000056   Code   RO         3322    .text               mc_w.l(__dczerorl2.o)
    0x0800aca2   0x00000002   PAD
    0x0800aca4   0x00000208   Code   RO         1683    i.AMY_addr_please_set  uploading_pro.o
    0x0800aeac   0x00000004   Code   RO          500    i.API_ARMCHAIR_DEAL  api.o
    0x0800aeb0   0x00000004   Code   RO          501    i.API_ARMCHAIR_TIME  api.o
    0x0800aeb4   0x00000004   Code   RO          502    i.API_AddProtocolBuffer  api.o
    0x0800aeb8   0x00000004   Code   RO          503    i.API_Armchair_IO_Init  api.o
    0x0800aebc   0x00000004   Code   RO          504    i.API_Armchair_Init  api.o
    0x0800aec0   0x00000004   Code   RO          505    i.API_Check_Run_User_Program_Falg  api.o
    0x0800aec4   0x00000004   Code   RO          506    i.API_DoProtocols   api.o
    0x0800aec8   0x00000004   Code   RO          507    i.API_GetProtocolBufferOrLen  api.o
    0x0800aecc   0x00000004   Code   RO          508    i.API_Get_Iap_Config  api.o
    0x0800aed0   0x00000004   Code   RO          509    i.API_IAP_Update_End  api.o
    0x0800aed4   0x00000004   Code   RO          510    i.API_IAP_Update_Start  api.o
    0x0800aed8   0x00000004   Code   RO          511    i.API_IAP_Update_Write  api.o
    0x0800aedc   0x00000004   Code   RO          515    i.API_KillTimer     api.o
    0x0800aee0   0x0000000a   Code   RO          516    i.API_Led_Init      api.o
    0x0800aeea   0x0000000a   Code   RO          517    i.API_Protocols_Init  api.o
    0x0800aef4   0x00000004   Code   RO          518    i.API_ResetProtocolBuffer  api.o
    0x0800aef8   0x0000000a   Code   RO          519    i.API_SPI_Flash_Init  api.o
    0x0800af02   0x00000004   Code   RO          520    i.API_Select_Program_run  api.o
    0x0800af06   0x0000000c   Code   RO          522    i.API_SetComParameter  api.o
    0x0800af12   0x0000000c   Code   RO          524    i.API_SetTimer      api.o
    0x0800af1e   0x0000000a   Code   RO          525    i.API_StartRunTimer  api.o
    0x0800af28   0x00000004   Code   RO          526    i.API_StartSendBuffer  api.o
    0x0800af2c   0x0000000a   Code   RO          527    i.API_Timers_Init   api.o
    0x0800af36   0x0000000a   Code   RO          529    i.API_WatchDog_Feed  api.o
    0x0800af40   0x0000000a   Code   RO          530    i.API_WatchDog_Init  api.o
    0x0800af4a   0x00000004   Code   RO          531    i.API_goto_iap      api.o
    0x0800af4e   0x00000004   Code   RO          533    i.API_nblot_init_0  api.o
    0x0800af52   0x00000002   PAD
    0x0800af54   0x00000018   Code   RO          534    i.API_net_data_send  api.o
    0x0800af6c   0x00000020   Code   RO          535    i.API_net_data_send_init  api.o
    0x0800af8c   0x0000000a   Code   RO          536    i.API_net_rec       api.o
    0x0800af96   0x00000002   PAD
    0x0800af98   0x00000014   Code   RO          537    i.API_net_state     api.o
    0x0800afac   0x0000000a   Code   RO          538    i.API_qwl_net_init  api.o
    0x0800afb6   0x00000002   PAD
    0x0800afb8   0x0000002c   Code   RO         2182    i.ARMCHAIR_DEAL     armchair.o
    0x0800afe4   0x000000bc   Code   RO         2183    i.ARMCHAIR_S_IQR    armchair.o
    0x0800b0a0   0x00000040   Code   RO         2184    i.ARMCHAIR_TIME     armchair.o
    0x0800b0e0   0x00000074   Code   RO         1301    i.AddProtocolBuffer  protocol.o
    0x0800b154   0x000000b0   Code   RO         2185    i.Amy_Record_Store  armchair.o
    0x0800b204   0x0000005c   Code   RO         2186    i.Armchair_IO_Init  armchair.o
    0x0800b260   0x00000028   Code   RO         2187    i.Armchair_Init     armchair.o
    0x0800b288   0x00000018   Code   RO          317    i.AscTOHex          basicfunc.o
    0x0800b2a0   0x00000026   Code   RO          318    i.AscToHexFun       basicfunc.o
    0x0800b2c6   0x00000002   Code   RO          240    i.BusFault_Handler  stm32f10x_it.o
    0x0800b2c8   0x00000040   Code   RO         1906    i.CDMA_IO_Init      cdma.o
    0x0800b308   0x00000020   Code   RO         2659    i.CRC8_Table        post_protocol.o
    0x0800b328   0x0000001a   Code   RO          320    i.CS_Delay_10_uS    basicfunc.o
    0x0800b342   0x00000002   PAD
    0x0800b344   0x0000001c   Code   RO          446    i.CheckNode         lowprcisiontime.o
    0x0800b360   0x00000078   Code   RO         1302    i.CheckProtocolType  protocol.o
    0x0800b3d8   0x00000078   Code   RO         1303    i.CheckProtocolType_BC95  protocol.o
    0x0800b450   0x00000018   Code   RO         1042    i.Check_Run_User_Program_Falg  iap_updata.o
    0x0800b468   0x0000000c   Code   RO          816    i.DMA1_Channel3_IRQHandler  usart.o
    0x0800b474   0x0000000c   Code   RO          817    i.DMA1_Channel5_IRQHandler  usart.o
    0x0800b480   0x0000000c   Code   RO          818    i.DMA1_Channel6_IRQHandler  usart.o
    0x0800b48c   0x0000000c   Code   RO          819    i.DMA2_Channel3_IRQHandler  usart.o
    0x0800b498   0x000000e0   Code   RO          820    i.DMA_UART_Receive  usart.o
    0x0800b578   0x00000120   Code   RO          821    i.DMA_UART_Receive_Process  usart.o
    0x0800b698   0x0000005c   Code   RO          822    i.DMA_USART_Timeout  usart.o
    0x0800b6f4   0x00000094   Code   RO          823    i.DMA_UsartConfiguration  usart.o
    0x0800b788   0x000000b0   Code   RO          824    i.DMA_Usart_Init    usart.o
    0x0800b838   0x00000014   Code   RO         1579    i.DealPostPro       postproda.o
    0x0800b84c   0x000000a8   Code   RO         1580    i.DealPostProtocol  postproda.o
    0x0800b8f4   0x00000002   Code   RO          241    i.DebugMon_Handler  stm32f10x_it.o
    0x0800b8f6   0x00000002   PAD
    0x0800b8f8   0x00000048   Code   RO          447    i.DelTimer          lowprcisiontime.o
    0x0800b940   0x0000000c   Code   RO          322    i.Delay_1us         basicfunc.o
    0x0800b94c   0x0000000c   Code   RO          323    i.Delay_2us         basicfunc.o
    0x0800b958   0x00000020   Code   RO          324    i.Delay_MS          basicfunc.o
    0x0800b978   0x00000016   Code   RO         1176    i.Delay_US_FALSH    spi_flash.o
    0x0800b98e   0x00000012   Code   RO          325    i.Delay_uS          basicfunc.o
    0x0800b9a0   0x00000028   Code   RO          825    i.DoProtocol        usart.o
    0x0800b9c8   0x0000000e   Code   RO         1304    i.DoProtocolReceiveAnalysis  protocol.o
    0x0800b9d6   0x00000002   PAD
    0x0800b9d8   0x000001c8   Code   RO         1305    i.DoProtocolReceiveAnalysis_BC95  protocol.o
    0x0800bba0   0x00000150   Code   RO         1306    i.DoProtocolReceiveAnalysis_ZTE  protocol.o
    0x0800bcf0   0x00000164   Code   RO         1307    i.DoProtocol_DMA_ReceiveAnalysis  protocol.o
    0x0800be54   0x00000024   Code   RO         1308    i.DoProtocols       protocol.o
    0x0800be78   0x00000058   Code   RO          448    i.DoTimer           lowprcisiontime.o
    0x0800bed0   0x00000014   Code   RO         1731    i.DownLoad_DealPro  download.o
    0x0800bee4   0x00000058   Code   RO         1732    i.DownLoad_DealProtocol  download.o
    0x0800bf3c   0x0000004c   Code   RO         1773    i.DownLoad_Pro      download_pro.o
    0x0800bf88   0x0000000c   Code   RO         1733    i.DownLoad_SendByte  download.o
    0x0800bf94   0x00000052   Code   RO         1734    i.DownLoad_SendChksum  download.o
    0x0800bfe6   0x0000003a   Code   RO         1735    i.DownLoad_SendHead  download.o
    0x0800c020   0x0000002c   Code   RO         1736    i.DownLoad_SendTail  download.o
    0x0800c04c   0x00000020   Code   RO          826    i.EnableCom         usart.o
    0x0800c06c   0x00000010   Code   RO          752    i.FeedWatchDog      watchdog.o
    0x0800c07c   0x00000048   Code   RO         1177    i.FlashReadID       spi_flash.o
    0x0800c0c4   0x000002e0   Code   RO         2091    i.G510_init         g510.o
    0x0800c3a4   0x00000260   Code   RO         2092    i.G510_open_GPRS    g510.o
    0x0800c604   0x0000013c   Code   RO         2093    i.G510_reconnect    g510.o
    0x0800c740   0x0000010c   Code   RO         2094    i.G510_send         g510.o
    0x0800c84c   0x000000d4   Code   RO         2490    i.GATEWAY_heart_link  amy_net.o
    0x0800c920   0x000000b4   Code   RO         2491    i.GATEWAY_heart_send  amy_net.o
    0x0800c9d4   0x000000e4   Code   RO         2660    i.GATEWAY_heart_send_pack  post_protocol.o
    0x0800cab8   0x0000003c   Code   RO         2662    i.GATEWAY_peizhi_pack  post_protocol.o
    0x0800caf4   0x00000016   Code   RO         2492    i.GATEWAY_send      amy_net.o
    0x0800cb0a   0x00000002   PAD
    0x0800cb0c   0x00000050   Code   RO         1907    i.GSM_RESET         cdma.o
    0x0800cb5c   0x00000030   Code   RO         1309    i.GetProtocolBufferOrLen  protocol.o
    0x0800cb8c   0x0000001c   Code   RO         1310    i.GetProtocolResource  protocol.o
    0x0800cba8   0x00000014   Code   RO          827    i.GetUartStructBaseFunction  usart.o
    0x0800cbbc   0x0000001c   Code   RO          828    i.GetUtProtocolResource  usart.o
    0x0800cbd8   0x0000003c   Code   RO          782    i.Get_Iap_Config    iap.o
    0x0800cc14   0x0000001c   Code   RO          829    i.Get_Usart_Function  usart.o
    0x0800cc30   0x00000026   Code   RO         1135    i.Gpio_Init         gpiomap.o
    0x0800cc56   0x00000002   Code   RO          242    i.HardFault_Handler  stm32f10x_it.o
    0x0800cc58   0x00000038   Code   RO         1044    i.IAP_ReStart       iap_updata.o
    0x0800cc90   0x0000006c   Code   RO         1045    i.IAP_Update_End    iap_updata.o
    0x0800ccfc   0x00000058   Code   RO         1046    i.IAP_Update_Start  iap_updata.o
    0x0800cd54   0x000001fc   Code   RO         1047    i.IAP_Update_Write  iap_updata.o
    0x0800cf50   0x00000014   Code   RO            1    i.InitChip          main.o
    0x0800cf64   0x0000001e   Code   RO            2    i.InitHardWare      main.o
    0x0800cf82   0x00000002   PAD
    0x0800cf84   0x0000002c   Code   RO            3    i.InitSoftSystem    main.o
    0x0800cfb0   0x000004f4   Code   RO         2617    i.Init_Amy_Id       flash.o
    0x0800d4a4   0x0000006c   Code   RO         1467    i.Init_Protocol_Debug  protocol_debug.o
    0x0800d510   0x0000006c   Code   RO         1543    i.Init_Protocol_MSG  protocol_msg.o
    0x0800d57c   0x0000006c   Code   RO         1502    i.Init_Protocol_Wcdma  protocol_wcdma.o
    0x0800d5e8   0x00000020   Code   RO          327    i.InvertedOrder     basicfunc.o
    0x0800d608   0x00000024   Code   RO         1117    i.Led_Init          led.o
    0x0800d62c   0x00000070   Code   RO          449    i.LowPrcisionTime_Init  lowprcisiontime.o
    0x0800d69c   0x0000000c   Code   RO          450    i.LowPrcisionTime_Start  lowprcisiontime.o
    0x0800d6a8   0x00000240   Code   RO         2054    i.M6312_init        m6312.o
    0x0800d8e8   0x00000260   Code   RO         2055    i.M6312_open_GPRS   m6312.o
    0x0800db48   0x00000120   Code   RO         2056    i.M6312_reconnect   m6312.o
    0x0800dc68   0x0000010c   Code   RO         2057    i.M6312_send        m6312.o
    0x0800dd74   0x00000002   Code   RO          243    i.MemManage_Handler  stm32f10x_it.o
    0x0800dd76   0x00000002   Code   RO          244    i.NMI_Handler       stm32f10x_it.o
    0x0800dd78   0x0000003c   Code   RO         1684    i.OUT_AMY_addr_please_set  uploading_pro.o
    0x0800ddb4   0x00000180   Code   RO         2188    i.PLCtime_share_process  armchair.o
    0x0800df34   0x0000004c   Code   RO         2493    i.POLL_list_link    amy_net.o
    0x0800df80   0x000000c0   Code   RO         2494    i.POLL_list_send    amy_net.o
    0x0800e040   0x00000002   Code   RO          246    i.PendSV_Handler    stm32f10x_it.o
    0x0800e042   0x0000000c   Code   RO         1581    i.PostSendByte      postproda.o
    0x0800e04e   0x0000002a   Code   RO         1582    i.PostSendByteASC   postproda.o
    0x0800e078   0x0000004e   Code   RO         1584    i.PostSendDataLen   postproda.o
    0x0800e0c6   0x0000002e   Code   RO         1585    i.PostSendDefault   postproda.o
    0x0800e0f4   0x0000001c   Code   RO         1586    i.PostSendFixupByte  postproda.o
    0x0800e110   0x0000005c   Code   RO         1587    i.PostSendHead      postproda.o
    0x0800e16c   0x0000004a   Code   RO         1589    i.PostSendPostChksum  postproda.o
    0x0800e1b6   0x00000014   Code   RO         1590    i.PostSendTail      postproda.o
    0x0800e1ca   0x00000018   Code   RO         1593    i.PostSend_Word     postproda.o
    0x0800e1e2   0x00000002   PAD
    0x0800e1e4   0x00000120   Code   RO         1774    i.Program_Updata    download_pro.o
    0x0800e304   0x00000024   Code   RO         1775    i.Program_Updata_timeout  download_pro.o
    0x0800e328   0x00000020   Code   RO         1311    i.ProtocolReceiveByte  protocol.o
    0x0800e348   0x00000020   Code   RO         1312    i.ProtocolSendByte  protocol.o
    0x0800e368   0x00000028   Code   RO         1468    i.Protocol_DoProtocol  protocol_debug.o
    0x0800e390   0x00000028   Code   RO         1503    i.Protocol_DoProtocol  protocol_wcdma.o
    0x0800e3b8   0x00000028   Code   RO         1544    i.Protocol_DoProtocol  protocol_msg.o
    0x0800e3e0   0x0000004c   Code   RO         1469    i.Protocol_Receive  protocol_debug.o
    0x0800e42c   0x00000074   Code   RO         1504    i.Protocol_Receive  protocol_wcdma.o
    0x0800e4a0   0x00000074   Code   RO         1545    i.Protocol_Receive  protocol_msg.o
    0x0800e514   0x000000a8   Code   RO         1470    i.Protocol_Send     protocol_debug.o
    0x0800e5bc   0x000000a8   Code   RO         1505    i.Protocol_Send     protocol_wcdma.o
    0x0800e664   0x000000a8   Code   RO         1546    i.Protocol_Send     protocol_msg.o
    0x0800e70c   0x00000050   Code   RO         1506    i.Protocol_zd_Receive  protocol_wcdma.o
    0x0800e75c   0x00000034   Code   RO         1313    i.Protocols_Init    protocol.o
    0x0800e790   0x00000020   Code   RO         1804    i.READ_CSQ          qwl_net.o
    0x0800e7b0   0x0000009c   Code   RO         1805    i.REC_CSQ           qwl_net.o
    0x0800e84c   0x00000028   Code   RO         1314    i.ReceiveCallBack   protocol.o
    0x0800e874   0x00000018   Code   RO          830    i.ReceiveDataFromUartStruct  usart.o
    0x0800e88c   0x00000030   Code   RO         1455    i.ReceivePro_Debug_Dispose  protocolreccallback.o
    0x0800e8bc   0x00000024   Code   RO         1471    i.ReceiveTimerOut   protocol_debug.o
    0x0800e8e0   0x00000024   Code   RO         1507    i.ReceiveTimerOut   protocol_wcdma.o
    0x0800e904   0x00000024   Code   RO         1547    i.ReceiveTimerOut   protocol_msg.o
    0x0800e928   0x00000028   Code   RO         1315    i.RegisterProtocolFun  protocol.o
    0x0800e950   0x00000060   Code   RO         1316    i.ResetProtocolBuffer  protocol.o
    0x0800e9b0   0x00000044   Code   RO         2495    i.SIM_ID_SEND       amy_net.o
    0x0800e9f4   0x00000044   Code   RO         2663    i.SIM_ID_send_pack  post_protocol.o
    0x0800ea38   0x000000c4   Code   RO         1178    i.SPI_Flash_Init    spi_flash.o
    0x0800eafc   0x00000006   Code   RO         1179    i.SPI_Flash_ReadByte  spi_flash.o
    0x0800eb02   0x00000002   PAD
    0x0800eb04   0x00000034   Code   RO         1180    i.SPI_Flash_SendByte  spi_flash.o
    0x0800eb38   0x00000064   Code   RO         1181    i.SST25_R_BLOCK     spi_flash.o
    0x0800eb9c   0x00000170   Code   RO         1182    i.SST25_W_BLOCK     spi_flash.o
    0x0800ed0c   0x00000138   Code   RO         1183    i.SST25_W_BLOCKQ    spi_flash.o
    0x0800ee44   0x000000ac   Code   RO         1184    i.SST25_clr_256_BLOCK  spi_flash.o
    0x0800eef0   0x00000002   Code   RO          247    i.SVC_Handler       stm32f10x_it.o
    0x0800eef2   0x00000002   PAD
    0x0800eef4   0x00000050   Code   RO          783    i.Save_Iap_Config   iap.o
    0x0800ef44   0x00000024   Code   RO         1051    i.Select_Program_run  iap_updata.o
    0x0800ef68   0x00000080   Code   RO         2189    i.Self_Check        armchair.o
    0x0800efe8   0x00000020   Code   RO          831    i.SendDataFromUartStruct  usart.o
    0x0800f008   0x00000020   Code   RO         1318    i.SetProtocolReceiveCallBack  protocol.o
    0x0800f028   0x00000058   Code   RO          451    i.SetTimer          lowprcisiontime.o
    0x0800f080   0x00000050   Code   RO         1319    i.SetUartParameter  protocol.o
    0x0800f0d0   0x0000005a   Code   RO         1776    i.Set_Comm_baud     download_pro.o
    0x0800f12a   0x00000002   PAD
    0x0800f12c   0x00000014   Code   RO         1320    i.SettingCommBps    protocol.o
    0x0800f140   0x000000cc   Code   RO          832    i.SettingSave       usart.o
    0x0800f20c   0x00000014   Code   RO          833    i.SettingSaveByUSART_FUNCTION  usart.o
    0x0800f220   0x00000018   Code   RO          834    i.SettingSaveByUSART_TYPE  usart.o
    0x0800f238   0x0000000c   Code   RO          835    i.SettingSaveByUartStruct  usart.o
    0x0800f244   0x00000070   Code   RO          836    i.SetupComDir       usart.o
    0x0800f2b4   0x00000070   Code   RO         2190    i.Shared_Module_switch  armchair.o
    0x0800f324   0x0000005c   Code   RO         1321    i.StartSendBuffer   protocol.o
    0x0800f380   0x00000004   Code   RO          248    i.SysTick_Handler   stm32f10x_it.o
    0x0800f384   0x0000002c   Code   RO          452    i.TIM5_IRQHandler   lowprcisiontime.o
    0x0800f3b0   0x00000030   Code   RO         2309    i.TM1618_SDA_IN     tm1618.o
    0x0800f3e0   0x00000024   Code   RO         2310    i.TM1618_SDA_OUT    tm1618.o
    0x0800f404   0x0000005e   Code   RO         1909    i.TP_GPRS           cdma.o
    0x0800f462   0x00000088   Code   RO         2095    i.TP_GPRS1          g510.o
    0x0800f4ea   0x00000002   PAD
    0x0800f4ec   0x00000018   Code   RO            4    i.TimingDelay_Decrement  main.o
    0x0800f504   0x000002a4   Code   RO         2311    i.Tm618_Display     tm1618.o
    0x0800f7a8   0x00000048   Code   RO         2312    i.Tm618_IO_Init     tm1618.o
    0x0800f7f0   0x00000048   Code   RO         2313    i.Tm618_Smg_Line    tm1618.o
    0x0800f838   0x00000054   Code   RO         2315    i.Tm618_Smg_On      tm1618.o
    0x0800f88c   0x00000044   Code   RO         2316    i.Tm618_Smg_clear   tm1618.o
    0x0800f8d0   0x00000002   Code   RO          837    i.UART4_IRQHandler  usart.o
    0x0800f8d2   0x00000002   PAD
    0x0800f8d4   0x00000068   Code   RO          838    i.UART5_IRQHandler  usart.o
    0x0800f93c   0x00000068   Code   RO          839    i.USART1_IRQHandler  usart.o
    0x0800f9a4   0x00000070   Code   RO          840    i.USART1_Init       usart.o
    0x0800fa14   0x00000024   Code   RO          841    i.USART1_Timeout    usart.o
    0x0800fa38   0x00000020   Code   RO         1806    i.USART1_sendchar   qwl_net.o
    0x0800fa58   0x00000068   Code   RO          842    i.USART2_IRQHandler  usart.o
    0x0800fac0   0x0000007c   Code   RO          843    i.USART2_Init       usart.o
    0x0800fb3c   0x00000024   Code   RO          844    i.USART2_Timeout    usart.o
    0x0800fb60   0x00000020   Code   RO         2397    i.USART2_sendchar   2x1278.o
    0x0800fb80   0x00000014   Code   RO         2398    i.USART2_sendstring  2x1278.o
    0x0800fb94   0x00000068   Code   RO          845    i.USART3_IRQHandler  usart.o
    0x0800fbfc   0x00000090   Code   RO          846    i.USART3_Init       usart.o
    0x0800fc8c   0x00000024   Code   RO          847    i.USART3_Timeout    usart.o
    0x0800fcb0   0x00000020   Code   RO         2496    i.USART3_sendchar   amy_net.o
    0x0800fcd0   0x0000001a   Code   RO         2498    i.USART3_sendstring1  amy_net.o
    0x0800fcea   0x00000002   Code   RO          848    i.USART4_Init       usart.o
    0x0800fcec   0x00000024   Code   RO          849    i.USART4_Timeout    usart.o
    0x0800fd10   0x00000090   Code   RO          850    i.USART5_Init       usart.o
    0x0800fda0   0x00000024   Code   RO          851    i.USART5_Timeout    usart.o
    0x0800fdc4   0x00000020   Code   RO         1147    i.USART5_sendchar   ceshi.o
    0x0800fde4   0x0000005c   Code   RO          852    i.UartStruct_Init   usart.o
    0x0800fe40   0x0000003c   Code   RO          853    i.Uart_Init         usart.o
    0x0800fe7c   0x00000348   Code   RO         1685    i.Uploading_Pro     uploading_pro.o
    0x080101c4   0x000000b8   Code   RO         1686    i.Uploading_Send_F8  uploading_pro.o
    0x0801027c   0x00000002   Code   RO          249    i.UsageFault_Handler  stm32f10x_it.o
    0x0801027e   0x00000024   Code   RO          754    i.WD_Init           watchdog.o
    0x080102a2   0x00000002   PAD
    0x080102a4   0x00000054   Code   RO         2317    i.Write_Byte        tm1618.o
    0x080102f8   0x00000030   Code   RO         2318    i.Write_Cmd         tm1618.o
    0x08010328   0x00000054   Code   RO         2618    i.Write_Flash       flash.o
    0x0801037c   0x000000d4   Code   RO         2620    i.Write_light_idip  flash.o
    0x08010450   0x00000028   Code   RO         3214    i.__0sprintf        mc_w.l(printfa.o)
    0x08010478   0x0000000e   Code   RO         3316    i.__scatterload_copy  mc_w.l(handlers.o)
    0x08010486   0x00000002   Code   RO         3317    i.__scatterload_null  mc_w.l(handlers.o)
    0x08010488   0x0000000e   Code   RO         3318    i.__scatterload_zeroinit  mc_w.l(handlers.o)
    0x08010496   0x00000002   PAD
    0x08010498   0x00000164   Code   RO         3219    i._fp_digits        mc_w.l(printfa.o)
    0x080105fc   0x000006dc   Code   RO         3220    i._printf_core      mc_w.l(printfa.o)
    0x08010cd8   0x00000024   Code   RO         3221    i._printf_post_padding  mc_w.l(printfa.o)
    0x08010cfc   0x0000002e   Code   RO         3222    i._printf_pre_padding  mc_w.l(printfa.o)
    0x08010d2a   0x0000000a   Code   RO         3224    i._sputc            mc_w.l(printfa.o)
    0x08010d34   0x00000040   Code   RO         2499    i.amy_CHKSUM_produce  amy_net.o
    0x08010d74   0x000000b0   Code   RO         2399    i.amy_ack_send      2x1278.o
    0x08010e24   0x0000006a   Code   RO         2400    i.amy_amy_please    2x1278.o
    0x08010e8e   0x00000002   PAD
    0x08010e90   0x0000006c   Code   RO         2401    i.amy_config_please  2x1278.o
    0x08010efc   0x00000124   Code   RO         2402    i.amy_config_send   2x1278.o
    0x08011020   0x0000013c   Code   RO         2403    i.amy_config_send_1  2x1278.o
    0x0801115c   0x000003cc   Code   RO         2500    i.amy_state_send    amy_net.o
    0x08011528   0x00000090   Code   RO         2664    i.amyack_send_pack  post_protocol.o
    0x080115b8   0x00000034   Code   RO         2501    i.amystate_pack_send  amy_net.o
    0x080115ec   0x00000034   Code   RO         2502    i.amystate_send     amy_net.o
    0x08011620   0x000000d8   Code   RO         2665    i.amystate_send_pack  post_protocol.o
    0x080116f8   0x0000002c   Code   RO         2191    i.armchair_change_outIO  armchair.o
    0x08011724   0x00000014   Code   RO         2192    i.armchair_io_state  armchair.o
    0x08011738   0x00000014   Code   RO         2193    i.armchair_io_state_1  armchair.o
    0x0801174c   0x0000001e   Code   RO          330    i.asc2hex           basicfunc.o
    0x0801176a   0x00000002   PAD
    0x0801176c   0x00000248   Code   RO         1910    i.cdma_init         cdma.o
    0x080119b4   0x00000248   Code   RO         1912    i.cdma_open_GPRS    cdma.o
    0x08011bfc   0x00000218   Code   RO         1807    i.cdma_or_nblot     qwl_net.o
    0x08011e14   0x0000005c   Code   RO         1808    i.cdma_or_nblot_setp_init  qwl_net.o
    0x08011e70   0x00000124   Code   RO         1913    i.cdma_reconnect    cdma.o
    0x08011f94   0x00000128   Code   RO         1914    i.cdma_send         cdma.o
    0x080120bc   0x00000034   Code   RO         1186    i.checktest         spi_flash.o
    0x080120f0   0x0000002e   Code   RO          331    i.chk_LcdMode_chksum  basicfunc.o
    0x0801211e   0x0000004e   Code   RO          332    i.chk_post_chksum   basicfunc.o
    0x0801216c   0x0000000c   Code   RO         1915    i.clear_SystemBuf   cdma.o
    0x08012178   0x00000050   Code   RO         3240    i.free              mc_w.l(malloc.o)
    0x080121c8   0x0000002c   Code   RO         1322    i.getPINFO          protocol.o
    0x080121f4   0x0000002c   Code   RO         1323    i.getPINFO_BC95     protocol.o
    0x08012220   0x00000038   Code   RO          784    i.goto_iap          iap.o
    0x08012258   0x0000000e   Code   RO          333    i.hi_hex2asc        basicfunc.o
    0x08012266   0x00000002   PAD
    0x08012268   0x000000d8   Code   RO         2194    i.key_process       armchair.o
    0x08012340   0x000000b4   Code   RO         2195    i.key_q2x1278_set   armchair.o
    0x080123f4   0x00000010   Code   RO          334    i.low_hex2asc       basicfunc.o
    0x08012404   0x0000003a   Code   RO            5    i.main              main.o
    0x0801243e   0x00000002   PAD
    0x08012440   0x0000006c   Code   RO         3241    i.malloc            mc_w.l(malloc.o)
    0x080124ac   0x00000044   Code   RO         1986    i.nblot_TP_GPRS     nblot.o
    0x080124f0   0x00000530   Code   RO         1987    i.nblot_init        nblot.o
    0x08012a20   0x00000014   Code   RO         1988    i.nblot_init_0      nblot.o
    0x08012a34   0x0000017c   Code   RO         1989    i.nblot_open_GPRS   nblot.o
    0x08012bb0   0x00000038   Code   RO         1990    i.nblot_read        nblot.o
    0x08012be8   0x00000058   Code   RO         1991    i.nblot_rec         nblot.o
    0x08012c40   0x000000ec   Code   RO         1992    i.nblot_reconnect   nblot.o
    0x08012d2c   0x000000fc   Code   RO         1993    i.nblot_send        nblot.o
    0x08012e28   0x00000014   Code   RO         2134    i.net_data_send     protocol_send.o
    0x08012e3c   0x00000010   Code   RO         2135    i.net_data_send_delay  protocol_send.o
    0x08012e4c   0x00000018   Code   RO         2136    i.net_data_send_init  protocol_send.o
    0x08012e64   0x0000003c   Code   RO         1809    i.net_rec           qwl_net.o
    0x08012ea0   0x00000038   Code   RO         1810    i.net_send          qwl_net.o
    0x08012ed8   0x000001b0   Code   RO         1811    i.net_state         qwl_net.o
    0x08013088   0x0000005c   Code   RO         2666    i.poll_list_send_pack  post_protocol.o
    0x080130e4   0x00000108   Code   RO         2667    i.post_group        post_protocol.o
    0x080131ec   0x000000a0   Code   RO         1687    i.process_00        uploading_pro.o
    0x0801328c   0x0000014c   Code   RO         1688    i.process_12        uploading_pro.o
    0x080133d8   0x00000070   Code   RO         2137    i.process_F8        protocol_send.o
    0x08013448   0x00000348   Code   RO         1689    i.process_fb        uploading_pro.o
    0x08013790   0x00000060   Code   RO         2404    i.q2x1278_check_send  2x1278.o
    0x080137f0   0x00000068   Code   RO         2405    i.q2x1278_fb        2x1278.o
    0x08013858   0x0000002c   Code   RO         2406    i.q2x1278_init      2x1278.o
    0x08013884   0x000000e0   Code   RO         2407    i.q2x1278_plc_send  2x1278.o
    0x08013964   0x000000e8   Code   RO         2408    i.q2x1278_rec_cofig  2x1278.o
    0x08013a4c   0x00000054   Code   RO         2196    i.q2x1278_rec_or_send  armchair.o
    0x08013aa0   0x00000134   Code   RO         2409    i.q2x1278_set       2x1278.o
    0x08013bd4   0x00000024   Code   RO         1812    i.qwl_net_init      qwl_net.o
    0x08013bf8   0x00000028   Code   RO         1813    i.qwl_net_s_deal    qwl_net.o
    0x08013c20   0x00000004   Code   RO         1814    i.qwl_net_sendchar  qwl_net.o
    0x08013c24   0x00000022   Code   RO         1815    i.qwl_net_sendstring  qwl_net.o
    0x08013c46   0x00000014   Code   RO         1816    i.qwl_net_sendstring1  qwl_net.o
    0x08013c5a   0x00000004   Code   RO         1148    i.qwl_sendchar      ceshi.o
    0x08013c5e   0x00000022   Code   RO         1149    i.qwl_sendstring    ceshi.o
    0x08013c80   0x00000014   Code   RO         1150    i.qwl_sendstring1   ceshi.o
    0x08013c94   0x0000002c   Code   RO         1187    i.rdcr              spi_flash.o
    0x08013cc0   0x0000002c   Code   RO         1188    i.rdsr              spi_flash.o
    0x08013cec   0x00000054   Code   RO         2319    i.read_key          tm1618.o
    0x08013d40   0x00000058   Code   RO         2320    i.rec_key           tm1618.o
    0x08013d98   0x0000006c   Code   RO         1189    i.sect_clr          spi_flash.o
    0x08013e04   0x00000030   Code   RO         2197    i.slot_machines_data_send  armchair.o
    0x08013e34   0x00000042   Code   RO         2727    i.strsearch         algorithm.o
    0x08013e76   0x00000002   PAD
    0x08013e78   0x0000004c   Code   RO         1916    i.strsearch_h       cdma.o
    0x08013ec4   0x00000046   Code   RO         2728    i.strsearch_qwl     algorithm.o
    0x08013f0a   0x00000018   Code   RO          335    i.twoascii2byte     basicfunc.o
    0x08013f22   0x00000002   PAD
    0x08013f24   0x00000044   Code   RO         1190    i.unlock            spi_flash.o
    0x08013f68   0x00000074   Code   RO         2138    i.upload_link_send  protocol_send.o
    0x08013fdc   0x000000c4   Code   RO         1817    i.usart_init        qwl_net.o
    0x080140a0   0x00000028   Code   RO         1191    i.wdis              spi_flash.o
    0x080140c8   0x00000024   Code   RO         1192    i.wen               spi_flash.o
    0x080140ec   0x00000110   Code   RO         2505    i.wg_amy_state      amy_net.o
    0x080141fc   0x00000428   Code   RO         2198    i.wg_rec_deal       armchair.o
    0x08014624   0x00000028   Code   RO         1193    i.wip               spi_flash.o
    0x0801464c   0x00000064   Code   RO         1194    i.wsr               spi_flash.o
    0x080146b0   0x0000001c   Code   RO         1195    i.wwen              spi_flash.o
    0x080146cc   0x000000a0   Code   RO         2199    i.zd_rec_deal       armchair.o
    0x0801476c   0x00000080   Data   RO         1325    .constdata          protocol.o
    0x080147ec   0x00000018   Data   RO         1819    .constdata          qwl_net.o
    0x08014804   0x00000020   Data   RO         2321    .constdata          tm1618.o
    0x08014824   0x00000100   Data   RO         2669    .constdata          post_protocol.o
    0x08014924   0x00000020   Data   RO         3314    Region$$Table       anon$$obj.o


    Execution Region RW_IRAM1 (Base: 0x20000000, Size: 0x00005028, Max: 0x0000c000, ABSOLUTE, COMPRESSED[0x00000208])

    Base Addr    Size         Type   Attr      Idx    E Section Name        Object

    0x20000000   0x00000001   Data   RW            6    .data               main.o
    0x20000001   0x00000001   Data   RW          433    .data               data.o
    0x20000002   0x00000001   Data   RW          434    .data               data.o
    0x20000003   0x00000001   PAD
    0x20000004   0x00000008   Data   RW          453    .data               lowprcisiontime.o
    0x2000000c   0x00000004   Data   RW          755    .data               watchdog.o
    0x20000010   0x000000bc   Data   RW          855    .data               usart.o
    0x200000cc   0x0000000c   Data   RW         1054    .data               iap_updata.o
    0x200000d8   0x00000003   Data   RW         1196    .data               spi_flash.o
    0x200000db   0x00000001   Data   RW         1327    .data               protocol.o
    0x200000dc   0x00000004   Data   RW         1473    .data               protocol_debug.o
    0x200000e0   0x00000004   Data   RW         1509    .data               protocol_wcdma.o
    0x200000e4   0x00000004   Data   RW         1549    .data               protocol_msg.o
    0x200000e8   0x00000001   Data   RW         1594    .data               postproda.o
    0x200000e9   0x00000001   Data   RW         1777    .data               download_pro.o
    0x200000ea   0x00000017   Data   RW         1821    .data               qwl_net.o
    0x20000101   0x00000001   Data   RW         1822    .data               qwl_net.o
    0x20000102   0x00000016   Data   RW         1823    .data               qwl_net.o
    0x20000118   0x0000006b   Data   RW         1918    .data               cdma.o
    0x20000183   0x00000128   Data   RW         1999    .data               nblot.o
    0x200002ab   0x00000047   Data   RW         2058    .data               m6312.o
    0x200002f2   0x00000074   Data   RW         2096    .data               g510.o
    0x20000366   0x00000005   Data   RW         2140    .data               protocol_send.o
    0x2000036b   0x00000001   PAD
    0x2000036c   0x00000018   Data   RW         2202    .data               armchair.o
    0x20000384   0x00000001   Data   RW         2203    .data               armchair.o
    0x20000385   0x00000001   Data   RW         2205    .data               armchair.o
    0x20000386   0x00000001   Data   RW         2206    .data               armchair.o
    0x20000387   0x00000001   Data   RW         2208    .data               armchair.o
    0x20000388   0x00000004   Data   RW         2326    .data               tm1618.o
    0x2000038c   0x00000001   Data   RW         2327    .data               tm1618.o
    0x2000038d   0x00000001   Data   RW         2412    .data               2x1278.o
    0x2000038e   0x0000000a   Data   RW         2413    .data               2x1278.o
    0x20000398   0x00000001   Data   RW         2414    .data               2x1278.o
    0x20000399   0x00000001   PAD
    0x2000039a   0x0000000e   Data   RW         2513    .data               amy_net.o
    0x200003a8   0x00000001   Data   RW         2514    .data               amy_net.o
    0x200003a9   0x00000003   Data   RW         2516    .data               amy_net.o
    0x200003ac   0x00000008   Data   RW         2622    .data               flash.o
    0x200003b4   0x00000012   Data   RW         2670    .data               post_protocol.o
    0x200003c6   0x00000002   PAD
    0x200003c8   0x00000014   Data   RW         2746    .data               STM32F10x_lib_HD.lib(system_stm32f10x.o)
    0x200003dc   0x00000014   Data   RW         2921    .data               STM32F10x_lib_HD.lib(stm32f10x_rcc.o)
    0x200003f0   0x00000004   Data   RW         3289    .data               mc_w.l(mvars.o)
    0x200003f4   0x00000004   Data   RW         3290    .data               mc_w.l(mvars.o)
    0x200003f8   0x00000046   Zero   RW          785    .bss                iap.o
    0x2000043e   0x00000002   PAD
    0x20000440   0x0000012c   Zero   RW          854    .bss                usart.o
    0x2000056c   0x0000000a   Zero   RW         1052    .bss                iap_updata.o
    0x20000576   0x00000064   Zero   RW         1324    .bss                protocol.o
    0x200005da   0x00000bd6   Zero   RW         1472    .bss                protocol_debug.o
    0x200011b0   0x00000bd6   Zero   RW         1508    .bss                protocol_wcdma.o
    0x20001d86   0x00000bd6   Zero   RW         1548    .bss                protocol_msg.o
    0x2000295c   0x00000400   Zero   RW         1818    .bss                qwl_net.o
    0x20002d5c   0x00000014   Zero   RW         1917    .bss                cdma.o
    0x20002d70   0x0000157c   Zero   RW         2200    .bss                armchair.o
    0x200042ec   0x00000010   Zero   RW         2201    .bss                armchair.o
    0x200042fc   0x000001c8   Zero   RW         2410    .bss                2x1278.o
    0x200044c4   0x00000137   Zero   RW         2506    .bss                amy_net.o
    0x200045fb   0x00000010   Zero   RW         2508    .bss                amy_net.o
    0x2000460b   0x00000016   Zero   RW         2621    .bss                flash.o
    0x20004621   0x00000400   Zero   RW         2668    .bss                post_protocol.o
    0x20004a21   0x00000007   PAD
    0x20004a28   0x00000200   Zero   RW          310    HEAP                startup_stm32f10x_hd.o
    0x20004c28   0x00000400   Zero   RW          309    STACK               startup_stm32f10x_hd.o


==============================================================================

Image component sizes


      Code (inc. data)   RO Data    RW Data    ZI Data      Debug   Object Name

      2058        398          0         12        456      11369   2x1278.o
       136          0          0          0          0       1880   algorithm.o
      2220        542          0         18        327      12029   amy_net.o
       262         16          0          0          0      18245   api.o
      3064        586          0         28       5516      15779   armchair.o
       402          0          0          0          0       9452   basicfunc.o
      2082        580          0        107         20       8138   cdma.o
        90          6          0          0          0       2774   ceshi.o
         0          0          0          2          0        391   data.o
       304         12          0          0          0       4489   download.o
       490         52          0          1          0       3896   download_pro.o
      1564        376          0          8         22       4435   flash.o
      2064        600          0        116          0       5726   g510.o
        38          0          0          0          0       1060   gpiomap.o
       196         30          0          0         70      18308   iap.o
       820         94          0         12         10      21541   iap_updata.o
        36          8          0          0          0        527   led.o
       444         40          0          8          0       6550   lowprcisiontime.o
      1740        544          0         71          0       4647   m6312.o
       176         10          0          1          0     284293   main.o
      2428        762          0        296          0       8217   nblot.o
      1104        102        256         18       1024       7800   post_protocol.o
       604         24          0          1          0       8993   postproda.o
      2234        128        128          1        100      20292   protocol.o
       428         56          0          4       3030       3962   protocol_debug.o
       468         56          0          4       3030       3992   protocol_msg.o
       288         62          0          5          0       4743   protocol_send.o
       548         70          0          4       3030       4692   protocol_wcdma.o
        48          0          0          0          0       1107   protocolreccallback.o
      1726        368         24         46       1024      11977   qwl_net.o
      1860        146          0          3          0      13805   spi_flash.o
        36          8        304          0       1536        860   startup_stm32f10x_hd.o
        20          0          0          0          0       4686   stm32f10x_it.o
      1360         82         32          5          0       8691   tm1618.o
      2936        820          0          0          0       7895   uploading_pro.o
      2828        256          0        188        300      25596   usart.o
        52          6          0          4          0       2344   watchdog.o

    ----------------------------------------------------------------------
     37196       6840        776        968      19504     575181   Object Totals
         0          0         32          0          0          0   (incl. Generated)
        42          0          0          5          9          0   (incl. Padding)

    ----------------------------------------------------------------------

      Code (inc. data)   RO Data    RW Data    ZI Data      Debug   Library Member Name

       224         20          0          0          0       1833   misc.o
       596          8          0          0          0       3647   stm32f10x_dma.o
      1508         38          0          0          0       8230   stm32f10x_flash.o
       840         38          0          0          0       5713   stm32f10x_gpio.o
        64          6          0          0          0       1281   stm32f10x_iwdg.o
       912         32          0         20          0       8832   stm32f10x_rcc.o
       780         14          0          0          0       6650   stm32f10x_spi.o
      3174         74          0          0          0      22224   stm32f10x_tim.o
      1032         20          0          0          0       8468   stm32f10x_usart.o
       444         32          0         20          0     274099   system_stm32f10x.o
        86          0          0          0          0          0   __dczerorl2.o
         0          0          0          0          0          0   entry.o
         0          0          0          0          0          0   entry10a.o
         0          0          0          0          0          0   entry11a.o
         8          4          0          0          0          0   entry2.o
         4          0          0          0          0          0   entry5.o
         0          0          0          0          0          0   entry7b.o
         0          0          0          0          0          0   entry8b.o
         8          4          0          0          0          0   entry9a.o
        30          0          0          0          0          0   handlers.o
        36          8          0          0          0         68   init.o
         0          0          0          0          0          0   iusefp.o
        30          0          0          0          0         68   llshl.o
        36          0          0          0          0         68   llsshr.o
        32          0          0          0          0         68   llushr.o
       188         20          0          0          0        160   malloc.o
        36          0          0          0          0         68   memcpya.o
        36          0          0          0          0        108   memseta.o
         0          0          0          8          0          0   mvars.o
      2244         86          0          0          0        512   printfa.o
        44          0          0          0          0         80   uidiv.o
        98          0          0          0          0         92   uldiv.o
        40          2          0          0          0         68   cdrcmple.o
       334          0          0          0          0        148   dadd.o
       222          0          0          0          0        100   ddiv.o
       182          0          0          0          0        176   depilogue.o
        48          0          0          0          0         68   dfixul.o
       228          0          0          0          0         96   dmul.o

    ----------------------------------------------------------------------
     13552        406          0         48          0     342925   Library Totals
         8          0          0          0          0          0   (incl. Padding)

    ----------------------------------------------------------------------

      Code (inc. data)   RO Data    RW Data    ZI Data      Debug   Library Name

      9574        282          0         40          0     340977   STM32F10x_lib_HD.lib
      2916        122          0          8          0       1292   mc_w.l
      1054          2          0          0          0        656   mf_w.l

    ----------------------------------------------------------------------
     13552        406          0         48          0     342925   Library Totals

    ----------------------------------------------------------------------

==============================================================================


      Code (inc. data)   RO Data    RW Data    ZI Data      Debug   

     50748       7246        776       1016      19504     899718   Grand Totals
     50748       7246        776        520      19504     899718   ELF Image Totals (compressed)
     50748       7246        776        520          0          0   ROM Totals

==============================================================================

    Total RO  Size (Code + RO Data)                51524 (  50.32kB)
    Total RW  Size (RW Data + ZI Data)             20520 (  20.04kB)
    Total ROM Size (Code + RO Data + RW Data)      52044 (  50.82kB)

==============================================================================

