<html>
<body>
<pre>
<h1>礦ision Build Log</h1>
<h2>Project:</h2>
F:\魔豆科技\按摩椅\比较贵按摩椅\按摩椅程序\按摩椅远程升级20171114延长心跳时间反馈时间\Project\amy.uvproj
Project File Date:  11/14/2017

<h2>Output:</h2>
Build target 'STM32_Flash'
compiling amy_net.c...
linking...
Program Size: Code=50124 RO-data=776 RW-data=996 ZI-data=19492  
FromELF: creating hex file...
After Build - User command #1: C:\Keil_v5\ARM\ARMCC\bin\fromelf.exe --bin .\Obj_Flash\armchar3_4_2.axf --output .\bin\armchar3_4_2.bin
".\Obj_Flash\armchar3_4_2.axf" - 0 Error(s), 0 Warning(s).
