Component: ARM Compiler 5.06 update 2 (build 183) Tool: armlink [4d35b7]

==============================================================================

Section Cross References

    main.o(i.InitChip) refers to system_stm32f10x.o(.text) for SystemInit
    main.o(i.InitHardWare) refers to system_stm32f10x.o(.text) for SystemInit
    main.o(i.InitHardWare) refers to api.o(i.API_Led_Init) for API_Led_Init
    main.o(i.InitHardWare) refers to api.o(i.API_Armchair_IO_Init) for API_Armchair_IO_Init
    main.o(i.InitHardWare) refers to api.o(i.API_SPI_Flash_Init) for API_SPI_Flash_Init
    main.o(i.InitHardWare) refers to api.o(i.API_Protocols_Init) for API_Protocols_Init
    main.o(i.InitHardWare) refers to api.o(i.API_Timers_Init) for API_Timers_Init
    main.o(i.InitSoftSystem) refers to api.o(i.API_SetTimer) for API_SetTimer
    main.o(i.InitSoftSystem) refers to api.o(i.API_qwl_net_init) for API_qwl_net_init
    main.o(i.InitSoftSystem) refers to api.o(i.API_net_data_send_init) for API_net_data_send_init
    main.o(i.InitSoftSystem) refers to api.o(i.API_StartRunTimer) for API_StartRunTimer
    main.o(i.InitSoftSystem) refers to api.o(i.API_Armchair_Init) for API_Armchair_Init
    main.o(i.InitSoftSystem) refers to api.o(i.API_Select_Program_run) for API_Select_Program_run
    main.o(i.TimingDelay_Decrement) refers to main.o(.data) for .data
    main.o(i.main) refers to main.o(i.InitHardWare) for InitHardWare
    main.o(i.main) refers to main.o(i.InitSoftSystem) for InitSoftSystem
    main.o(i.main) refers to api.o(i.API_Check_Run_User_Program_Falg) for API_Check_Run_User_Program_Falg
    main.o(i.main) refers to api.o(i.API_WatchDog_Feed) for API_WatchDog_Feed
    main.o(i.main) refers to lowprcisiontime.o(i.DoTimer) for DoTimer
    main.o(i.main) refers to api.o(i.API_DoProtocols) for API_DoProtocols
    main.o(i.main) refers to api.o(i.API_net_state) for API_net_state
    main.o(i.main) refers to api.o(i.API_net_data_send) for API_net_data_send
    main.o(i.main) refers to plugsdk.o(i.mofanSDK) for mofanSDK
    main.o(i.main) refers to protool.o(i.MF_RECV) for MF_RECV
    main.o(i.main) refers to qwl_net.o(.data) for net
    stm32f10x_it.o(i.SysTick_Handler) refers to main.o(i.TimingDelay_Decrement) for TimingDelay_Decrement
    startup_stm32f10x_hd.o(RESET) refers to startup_stm32f10x_hd.o(STACK) for __initial_sp
    startup_stm32f10x_hd.o(RESET) refers to startup_stm32f10x_hd.o(.text) for Reset_Handler
    startup_stm32f10x_hd.o(RESET) refers to stm32f10x_it.o(i.NMI_Handler) for NMI_Handler
    startup_stm32f10x_hd.o(RESET) refers to stm32f10x_it.o(i.HardFault_Handler) for HardFault_Handler
    startup_stm32f10x_hd.o(RESET) refers to stm32f10x_it.o(i.MemManage_Handler) for MemManage_Handler
    startup_stm32f10x_hd.o(RESET) refers to stm32f10x_it.o(i.BusFault_Handler) for BusFault_Handler
    startup_stm32f10x_hd.o(RESET) refers to stm32f10x_it.o(i.UsageFault_Handler) for UsageFault_Handler
    startup_stm32f10x_hd.o(RESET) refers to stm32f10x_it.o(i.SVC_Handler) for SVC_Handler
    startup_stm32f10x_hd.o(RESET) refers to stm32f10x_it.o(i.DebugMon_Handler) for DebugMon_Handler
    startup_stm32f10x_hd.o(RESET) refers to stm32f10x_it.o(i.PendSV_Handler) for PendSV_Handler
    startup_stm32f10x_hd.o(RESET) refers to stm32f10x_it.o(i.SysTick_Handler) for SysTick_Handler
    startup_stm32f10x_hd.o(RESET) refers to usart.o(i.DMA1_Channel3_IRQHandler) for DMA1_Channel3_IRQHandler
    startup_stm32f10x_hd.o(RESET) refers to usart.o(i.DMA1_Channel5_IRQHandler) for DMA1_Channel5_IRQHandler
    startup_stm32f10x_hd.o(RESET) refers to usart.o(i.DMA1_Channel6_IRQHandler) for DMA1_Channel6_IRQHandler
    startup_stm32f10x_hd.o(RESET) refers to usart.o(i.USART1_IRQHandler) for USART1_IRQHandler
    startup_stm32f10x_hd.o(RESET) refers to usart.o(i.USART2_IRQHandler) for USART2_IRQHandler
    startup_stm32f10x_hd.o(RESET) refers to usart.o(i.USART3_IRQHandler) for USART3_IRQHandler
    startup_stm32f10x_hd.o(RESET) refers to lowprcisiontime.o(i.TIM5_IRQHandler) for TIM5_IRQHandler
    startup_stm32f10x_hd.o(RESET) refers to usart.o(i.UART4_IRQHandler) for UART4_IRQHandler
    startup_stm32f10x_hd.o(RESET) refers to usart.o(i.UART5_IRQHandler) for UART5_IRQHandler
    startup_stm32f10x_hd.o(RESET) refers to usart.o(i.DMA2_Channel3_IRQHandler) for DMA2_Channel3_IRQHandler
    startup_stm32f10x_hd.o(.text) refers to system_stm32f10x.o(.text) for SystemInit
    startup_stm32f10x_hd.o(.text) refers to entry.o(.ARM.Collect$$$$00000000) for __main
    basicfunc.o(i.AscTOHex) refers to basicfunc.o(i.asc2hex) for asc2hex
    basicfunc.o(i.AscToHexFun) refers to basicfunc.o(i.AscTOHex) for AscTOHex
    basicfunc.o(i.AscWord2Byte) refers to basicfunc.o(i.asc2hex) for asc2hex
    basicfunc.o(i.CS_Delay_10_uS) refers to basicfunc.o(i.Delay_2us) for Delay_2us
    basicfunc.o(i.Delay_MS) refers to api.o(i.API_WatchDog_Feed) for API_WatchDog_Feed
    basicfunc.o(i.Delay_MS) refers to basicfunc.o(i.CS_Delay_10_uS) for CS_Delay_10_uS
[...]
    DMA_UART_Receive                         0x08003a59   Thumb Code   204  usart.o(i.DMA_UART_Receive)
    DMA_UART_Receive_Process                 0x08003b39   Thumb Code   272  usart.o(i.DMA_UART_Receive_Process)
    DMA_USART_Timeout                        0x08003c59   Thumb Code    72  usart.o(i.DMA_USART_Timeout)
    DMA_UsartConfiguration                   0x08003cb5   Thumb Code   138  usart.o(i.DMA_UsartConfiguration)
    DMA_Usart_Init                           0x08003d49   Thumb Code   164  usart.o(i.DMA_Usart_Init)
    DealPostPro                              0x08003df9   Thumb Code    20  postproda.o(i.DealPostPro)
    DealPostProtocol                         0x08003e0d   Thumb Code   158  postproda.o(i.DealPostProtocol)
    DebugMon_Handler                         0x08003eb5   Thumb Code     2  stm32f10x_it.o(i.DebugMon_Handler)
    DelTimer                                 0x08003eb9   Thumb Code    68  lowprcisiontime.o(i.DelTimer)
    Delay_1us                                0x08003f01   Thumb Code    12  basicfunc.o(i.Delay_1us)
    Delay_2us                                0x08003f0d   Thumb Code    12  basicfunc.o(i.Delay_2us)
    Delay_MS                                 0x08003f19   Thumb Code    32  basicfunc.o(i.Delay_MS)
    Delay_uS                                 0x08003f39   Thumb Code    18  basicfunc.o(i.Delay_uS)
    DestroyPlugSdk                           0x08003f4b   Thumb Code     4  plugsdk.o(i.DestroyPlugSdk)
    DoProtocolReceiveAnalysis                0x08003f79   Thumb Code    14  protocol.o(i.DoProtocolReceiveAnalysis)
    DoProtocolReceiveAnalysis_BC95           0x08003f89   Thumb Code   442  protocol.o(i.DoProtocolReceiveAnalysis_BC95)
    DoProtocolReceiveAnalysis_ZTE            0x08004151   Thumb Code   330  protocol.o(i.DoProtocolReceiveAnalysis_ZTE)
    DoProtocol_DMA_ReceiveAnalysis           0x080042a1   Thumb Code   350  protocol.o(i.DoProtocol_DMA_ReceiveAnalysis)
    DoProtocols                              0x08004405   Thumb Code    30  protocol.o(i.DoProtocols)
    DoTimer                                  0x08004429   Thumb Code    82  lowprcisiontime.o(i.DoTimer)
    DownLoad_DealPro                         0x08004481   Thumb Code    20  download.o(i.DownLoad_DealPro)
    DownLoad_DealProtocol                    0x08004495   Thumb Code    82  download.o(i.DownLoad_DealProtocol)
    DownLoad_Pro                             0x080044ed   Thumb Code    62  download_pro.o(i.DownLoad_Pro)
    DownLoad_SendByte                        0x08004539   Thumb Code    12  download.o(i.DownLoad_SendByte)
    DownLoad_SendChksum                      0x08004545   Thumb Code    82  download.o(i.DownLoad_SendChksum)
    DownLoad_SendHead                        0x08004597   Thumb Code    58  download.o(i.DownLoad_SendHead)
    DownLoad_SendTail                        0x080045d1   Thumb Code    44  download.o(i.DownLoad_SendTail)
    EnableCom                                0x080045fd   Thumb Code    32  usart.o(i.EnableCom)
    FLASH_PagesMask                          0x0800461d   Thumb Code    20  iap_updata.o(i.FLASH_PagesMask)
    FeedWatchDog                             0x08004631   Thumb Code    10  watchdog.o(i.FeedWatchDog)
    FlashReadID                              0x08004641   Thumb Code    62  spi_flash.o(i.FlashReadID)
    G510_init                                0x08004689   Thumb Code   512  g510.o(i.G510_init)
    G510_open_GPRS                           0x08004969   Thumb Code   388  g510.o(i.G510_open_GPRS)
    G510_reconnect                           0x08004bdd   Thumb Code   190  g510.o(i.G510_reconnect)
    G510_send                                0x08004d19   Thumb Code   286  g510.o(i.G510_send)
    GATEWAY_peizhi_pack                      0x08004e49   Thumb Code    54  post_protocol.o(i.GATEWAY_peizhi_pack)
    GSM_RESET                                0x08004e85   Thumb Code    76  cdma.o(i.GSM_RESET)
    GetProtocolBufferOrLen                   0x08004ee9   Thumb Code    42  protocol.o(i.GetProtocolBufferOrLen)
    GetProtocolResource                      0x08004f19   Thumb Code    22  protocol.o(i.GetProtocolResource)
    GetUartStructBaseFunction                0x08004f35   Thumb Code    16  usart.o(i.GetUartStructBaseFunction)
    GetUtProtocolResource                    0x08004f49   Thumb Code    24  usart.o(i.GetUtProtocolResource)
    Get_Iap_Config                           0x08004f65   Thumb Code    52  iap.o(i.Get_Iap_Config)
    Get_Usart_Function                       0x08004fa1   Thumb Code    22  usart.o(i.Get_Usart_Function)
    Gpio_Init                                0x08004fbd   Thumb Code    38  gpiomap.o(i.Gpio_Init)
    HardFault_Handler                        0x08004fe3   Thumb Code     2  stm32f10x_it.o(i.HardFault_Handler)
    IAP_ReStart                              0x08005005   Thumb Code    40  iap_updata.o(i.IAP_ReStart)
    IAP_Update_End                           0x08005039   Thumb Code    58  iap_updata.o(i.IAP_Update_End)
    IAP_Update_Start                         0x08005081   Thumb Code    90  iap_updata.o(i.IAP_Update_Start)
    IAP_Update_Write                         0x080050e9   Thumb Code   210  iap_updata.o(i.IAP_Update_Write)
    IAP_copyflash                            0x080051c9   Thumb Code   160  iap_updata.o(i.IAP_copyflash)
    IAP_copyflash1                           0x08005275   Thumb Code   256  iap_updata.o(i.IAP_copyflash1)
    InitHardWare                             0x08005381   Thumb Code    30  main.o(i.InitHardWare)
    InitPlugSdk                              0x080053a1   Thumb Code    52  plugsdk.o(i.InitPlugSdk)
    InitProtool                              0x080053dd   Thumb Code   122  protool.o(i.InitProtool)
    InitSoftSystem                           0x080054e9   Thumb Code    40  main.o(i.InitSoftSystem)
    Init_Amy_Id                              0x08005515   Thumb Code   920  flash.o(i.Init_Amy_Id)
    Init_Protocol_Debug                      0x08005a09   Thumb Code    86  protocol_debug.o(i.Init_Protocol_Debug)
    Init_Protocol_MSG                        0x08005a75   Thumb Code    88  protocol_msg.o(i.Init_Protocol_MSG)
    Init_Protocol_Wcdma                      0x08005ae1   Thumb Code    88  protocol_wcdma.o(i.Init_Protocol_Wcdma)
    InvertedOrder                            0x08005b4d   Thumb Code    32  basicfunc.o(i.InvertedOrder)
    Jump_To_UserProgram                      0x08005b6d   Thumb Code    30  iap_updata.o(i.Jump_To_UserProgram)
    Led_Init                                 0x08005b95   Thumb Code    28  led.o(i.Led_Init)
    LowPrcisionTime_Init                     0x08005bb9   Thumb Code   106  lowprcisiontime.o(i.LowPrcisionTime_Init)
    LowPrcisionTime_Start                    0x08005c29   Thumb Code     8  lowprcisiontime.o(i.LowPrcisionTime_Start)
    M6312_init                               0x08005c35   Thumb Code   398  m6312.o(i.M6312_init)
    M6312_open_GPRS                          0x08005e75   Thumb Code   382  m6312.o(i.M6312_open_GPRS)
    M6312_reconnect                          0x080060d5   Thumb Code   170  m6312.o(i.M6312_reconnect)
    M6312_send                               0x080061f5   Thumb Code   286  m6312.o(i.M6312_send)
    MF_Heartbeep                             0x08006325   Thumb Code   124  protool.o(i.MF_Heartbeep)
    MF_LoginServer                           0x080063d9   Thumb Code   204  protool.o(i.MF_LoginServer)
    MF_Login_Connect                         0x080064d9   Thumb Code    36  protool.o(i.MF_Login_Connect)
    MF_RECV                                  0x08006525   Thumb Code   100  protool.o(i.MF_RECV)
    MF_Regist                                0x080065a1   Thumb Code    34  protool.o(i.MF_Regist)
    MF_Time_CheckHandle                      0x080065d9   Thumb Code    28  protool.o(i.MF_Time_CheckHandle)
    MF_Time_count                            0x0800660d   Thumb Code    10  protool.o(i.MF_Time_count)
    MF_get_dev_mac                           0x0800661d   Thumb Code     4  plugsdk.o(i.MF_get_dev_mac)
    MF_get_dev_sn                            0x08006621   Thumb Code    32  plugsdk.o(i.MF_get_dev_sn)
    MF_net_rec                               0x08006641   Thumb Code    26  protool.o(i.MF_net_rec)
    MemManage_Handler                        0x08006665   Thumb Code     2  stm32f10x_it.o(i.MemManage_Handler)
    NMI_Handler                              0x08006667   Thumb Code     2  stm32f10x_it.o(i.NMI_Handler)
    NewProtool                               0x08006669   Thumb Code    18  protool.o(i.NewProtool)
    NewTcpServer                             0x08006681   Thumb Code    30  protool.o(i.NewTcpServer)
    OUT_AMY_addr_please_set                  0x080066ad   Thumb Code    54  uploading_pro.o(i.OUT_AMY_addr_please_set)
    PLCtime_share_process                    0x080066e9   Thumb Code   280  armchair.o(i.PLCtime_share_process)
    PendSV_Handler                           0x08006869   Thumb Code     2  stm32f10x_it.o(i.PendSV_Handler)
    PostSendByte                             0x0800686b   Thumb Code    12  postproda.o(i.PostSendByte)
    PostSendByteASC                          0x08006877   Thumb Code    42  postproda.o(i.PostSendByteASC)
    PostSendDataLen                          0x080068a1   Thumb Code    78  postproda.o(i.PostSendDataLen)
    PostSendDefault                          0x080068ef   Thumb Code    46  postproda.o(i.PostSendDefault)
    PostSendFixupByte                        0x0800691d   Thumb Code    28  postproda.o(i.PostSendFixupByte)
    PostSendHead                             0x08006939   Thumb Code    84  postproda.o(i.PostSendHead)
    PostSendPostChksum                       0x08006995   Thumb Code    74  postproda.o(i.PostSendPostChksum)
    PostSendTail                             0x080069df   Thumb Code    20  postproda.o(i.PostSendTail)
    PostSend_Word                            0x080069f3   Thumb Code    24  postproda.o(i.PostSend_Word)
    Program_Updata_timeout                   0x08006b2d   Thumb Code    28  download_pro.o(i.Program_Updata_timeout)
    ProtocolReceiveByte                      0x08006b51   Thumb Code    28  protocol.o(i.ProtocolReceiveByte)
    ProtocolSendByte                         0x08006b71   Thumb Code    26  protocol.o(i.ProtocolSendByte)
    Protocol_zd_Receive                      0x08006f3d   Thumb Code    66  protocol_wcdma.o(i.Protocol_zd_Receive)
    Protocols_Init                           0x08006f8d   Thumb Code    46  protocol.o(i.Protocols_Init)
    READ_CSQ                                 0x08006fc1   Thumb Code    30  qwl_net.o(i.READ_CSQ)
    REC_CSQ                                  0x08006fed   Thumb Code   150  qwl_net.o(i.REC_CSQ)
    RecErrCB                                 0x08007089   Thumb Code    48  protool.o(i.RecErrCB)
    ReceiveCallBack                          0x080070d5   Thumb Code    34  protocol.o(i.ReceiveCallBack)
    ReceiveDataFromUartStruct                0x080070fd   Thumb Code    24  usart.o(i.ReceiveDataFromUartStruct)
    ReceivePro_Debug_Dispose                 0x08007115   Thumb Code    48  protocolreccallback.o(i.ReceivePro_Debug_Dispose)
    RegisterProtocolFun                      0x08007311   Thumb Code    36  protocol.o(i.RegisterProtocolFun)
    ResetProtocolBuffer                      0x08007339   Thumb Code    90  protocol.o(i.ResetProtocolBuffer)
    ResponseHandle                           0x08007399   Thumb Code    84  protool.o(i.ResponseHandle)
    SPI_Flash_Init                           0x08007419   Thumb Code   182  spi_flash.o(i.SPI_Flash_Init)
    SPI_Flash_ReadByte                       0x080074dd   Thumb Code     6  spi_flash.o(i.SPI_Flash_ReadByte)
    SPI_Flash_SendByte                       0x080074e5   Thumb Code    48  spi_flash.o(i.SPI_Flash_SendByte)
    SST25_R_BLOCK                            0x08007519   Thumb Code    96  spi_flash.o(i.SST25_R_BLOCK)
    SST25_clr_256_BLOCK                      0x0800757d   Thumb Code   136  spi_flash.o(i.SST25_clr_256_BLOCK)
    SVC_Handler                              0x08007629   Thumb Code     2  stm32f10x_it.o(i.SVC_Handler)
    Save_Iap_Config                          0x0800762d   Thumb Code    72  iap.o(i.Save_Iap_Config)
    Select_Program_run                       0x0800767d   Thumb Code   228  iap_updata.o(i.Select_Program_run)
    Self_Check                               0x08007789   Thumb Code   290  armchair.o(i.Self_Check)
    SendDataFromUartStruct                   0x08007981   Thumb Code    32  usart.o(i.SendDataFromUartStruct)
    SendIpAckData                            0x080079a1   Thumb Code   232  protool.o(i.SendIpAckData)
    SendIpUpData                             0x08007a95   Thumb Code   148  protool.o(i.SendIpUpData)
    SetProtocolReceiveCallBack               0x08007c41   Thumb Code    26  protocol.o(i.SetProtocolReceiveCallBack)
    SetTimer                                 0x08007c61   Thumb Code    84  lowprcisiontime.o(i.SetTimer)
    SetUartParameter                         0x08007cb9   Thumb Code    70  protocol.o(i.SetUartParameter)
    Set_Comm_baud                            0x08007d09   Thumb Code    90  download_pro.o(i.Set_Comm_baud)
    SettingCommBps                           0x08007d65   Thumb Code    14  protocol.o(i.SettingCommBps)
    SettingSaveByUSART_FUNCTION              0x08007e45   Thumb Code    16  usart.o(i.SettingSaveByUSART_FUNCTION)
    SetupComDir                              0x08007e7d   Thumb Code    98  usart.o(i.SetupComDir)
    Shared_Module_switch                     0x08007eed   Thumb Code    92  armchair.o(i.Shared_Module_switch)
    StartSendBuffer                          0x08007f61   Thumb Code    86  protocol.o(i.StartSendBuffer)
    SysTick_Handler                          0x08007fbd   Thumb Code     4  stm32f10x_it.o(i.SysTick_Handler)
    TIM5_IRQHandler                          0x08007fc1   Thumb Code    34  lowprcisiontime.o(i.TIM5_IRQHandler)
    TM1618_SDA_OUT                           0x08007fed   Thumb Code    32  tm1618.o(i.TM1618_SDA_OUT)
    TP_GPRS                                  0x08008011   Thumb Code    94  cdma.o(i.TP_GPRS)
    TP_GPRS1                                 0x0800806f   Thumb Code   136  g510.o(i.TP_GPRS1)
    TimingDelay_Decrement                    0x080080f9   Thumb Code    18  main.o(i.TimingDelay_Decrement)
    Tm618_IO_Init                            0x08008111   Thumb Code    66  tm1618.o(i.Tm618_IO_Init)
    Tm618_Smg_8881                           0x08008159   Thumb Code    78  tm1618.o(i.Tm618_Smg_8881)
    Tm618_Smg_8882                           0x080081ad   Thumb Code    78  tm1618.o(i.Tm618_Smg_8882)
    Tm618_Smg_On                             0x08008201   Thumb Code    78  tm1618.o(i.Tm618_Smg_On)
    UART4_IRQHandler                         0x08008255   Thumb Code     2  usart.o(i.UART4_IRQHandler)
    UART5_IRQHandler                         0x08008259   Thumb Code    98  usart.o(i.UART5_IRQHandler)
    USART1_IRQHandler                        0x080082c1   Thumb Code    98  usart.o(i.USART1_IRQHandler)
    USART1_Timeout                           0x08008399   Thumb Code    36  usart.o(i.USART1_Timeout)
    USART1_sendchar                          0x080083bd   Thumb Code    26  qwl_net.o(i.USART1_sendchar)
    USART2_IRQHandler                        0x080083dd   Thumb Code    82  usart.o(i.USART2_IRQHandler)
    USART2_Timeout                           0x080084c1   Thumb Code    36  usart.o(i.USART2_Timeout)
    USART2_sendchar                          0x080084e5   Thumb Code    26  2x1278.o(i.USART2_sendchar)
    USART2_sendstring                        0x08008505   Thumb Code    20  2x1278.o(i.USART2_sendstring)
    USART3_IRQHandler                        0x08008519   Thumb Code    98  usart.o(i.USART3_IRQHandler)
    USART3_Timeout                           0x08008611   Thumb Code    36  usart.o(i.USART3_Timeout)
    USART3_sendchar                          0x08008635   Thumb Code    26  amy_net.o(i.USART3_sendchar)
    USART3_sendstring1                       0x08008655   Thumb Code    26  amy_net.o(i.USART3_sendstring1)
    USART4_Timeout                           0x08008671   Thumb Code    36  usart.o(i.USART4_Timeout)
    USART5_Timeout                           0x08008725   Thumb Code    36  usart.o(i.USART5_Timeout)
    USART5_sendchar                          0x08008749   Thumb Code    26  ceshi.o(i.USART5_sendchar)
    Uart_Init                                0x080087c5   Thumb Code    52  usart.o(i.Uart_Init)
    Uploading_Pro                            0x08008801   Thumb Code   642  uploading_pro.o(i.Uploading_Pro)
    UsageFault_Handler                       0x08008c0d   Thumb Code     2  stm32f10x_it.o(i.UsageFault_Handler)
    WD_Init                                  0x08008c0f   Thumb Code    36  watchdog.o(i.WD_Init)
    Write_Byte                               0x08008c35   Thumb Code    80  tm1618.o(i.Write_Byte)
    Write_Cmd                                0x08008c89   Thumb Code    44  tm1618.o(i.Write_Cmd)
    Write_Flash                              0x08008cb9   Thumb Code    84  flash.o(i.Write_Flash)
    Write_light_idip                         0x08008d0d   Thumb Code   184  flash.o(i.Write_light_idip)
    __0printf                                0x08008de1   Thumb Code    22  printfa.o(i.__0printf)
    __1printf                                0x08008de1   Thumb Code     0  printfa.o(i.__0printf)
    __2printf                                0x08008de1   Thumb Code     0  printfa.o(i.__0printf)
    __c89printf                              0x08008de1   Thumb Code     0  printfa.o(i.__0printf)
    printf                                   0x08008de1   Thumb Code     0  printfa.o(i.__0printf)
    __0sprintf                               0x08008e01   Thumb Code    34  printfa.o(i.__0sprintf)
    __1sprintf                               0x08008e01   Thumb Code     0  printfa.o(i.__0sprintf)
    __2sprintf                               0x08008e01   Thumb Code     0  printfa.o(i.__0sprintf)
    __c89sprintf                             0x08008e01   Thumb Code     0  printfa.o(i.__0sprintf)
    sprintf                                  0x08008e01   Thumb Code     0  printfa.o(i.__0sprintf)
    __aeabi_errno_addr                       0x08008e29   Thumb Code     4  errno.o(i.__aeabi_errno_addr)
    __rt_errno_addr                          0x08008e29   Thumb Code     0  errno.o(i.__aeabi_errno_addr)
    __scatterload_copy                       0x08008e31   Thumb Code    14  handlers.o(i.__scatterload_copy)
    __scatterload_null                       0x08008e3f   Thumb Code     2  handlers.o(i.__scatterload_null)
    __scatterload_zeroinit                   0x08008e41   Thumb Code    14  handlers.o(i.__scatterload_zeroinit)
    ac_switch_IN                             0x080096ed   Thumb Code    30  armchair.o(i.ac_switch_IN)
    ac_switch_OUT                            0x08009711   Thumb Code    38  armchair.o(i.ac_switch_OUT)
    aes_decrypt                              0x08009741   Thumb Code    20  protool.o(i.aes_decrypt)
    amy_amy_please                           0x08009769   Thumb Code   106  2x1278.o(i.amy_amy_please)
    amy_config_please                        0x080097d5   Thumb Code    88  2x1278.o(i.amy_config_please)
    amy_config_send                          0x08009841   Thumb Code   216  2x1278.o(i.amy_config_send)
    amy_config_send_1                        0x08009965   Thumb Code   238  2x1278.o(i.amy_config_send_1)
    amyack_send_pack                         0x08009aa1   Thumb Code   136  post_protocol.o(i.amyack_send_pack)
    amystate_send                            0x08009b31   Thumb Code    38  amy_net.o(i.amystate_send)
    armchair_change_outIO                    0x08009b65   Thumb Code    36  armchair.o(i.armchair_change_outIO)
    armchair_io_state                        0x08009b91   Thumb Code    16  armchair.o(i.armchair_io_state)
    armchair_io_state_1                      0x08009ba5   Thumb Code    16  armchair.o(i.armchair_io_state_1)
    asc2hex                                  0x08009bb9   Thumb Code    30  basicfunc.o(i.asc2hex)
    cdma_init                                0x08009bd9   Thumb Code   410  cdma.o(i.cdma_init)
    cdma_open_GPRS                           0x08009e21   Thumb Code   352  cdma.o(i.cdma_open_GPRS)
    cdma_or_nblot                            0x0800a069   Thumb Code   354  qwl_net.o(i.cdma_or_nblot)
    cdma_or_nblot_setp_init                  0x0800a281   Thumb Code    58  qwl_net.o(i.cdma_or_nblot_setp_init)
    cdma_reconnect                           0x0800a2dd   Thumb Code   164  cdma.o(i.cdma_reconnect)
    cdma_send                                0x0800a401   Thumb Code   308  cdma.o(i.cdma_send)
    checktest                                0x0800a549   Thumb Code    46  spi_flash.o(i.checktest)
    chk_LcdMode_chksum                       0x0800a57d   Thumb Code    46  basicfunc.o(i.chk_LcdMode_chksum)
    chk_post_chksum                          0x0800a5ab   Thumb Code    78  basicfunc.o(i.chk_post_chksum)
    clear_SystemBuf                          0x0800a5f9   Thumb Code     8  cdma.o(i.clear_SystemBuf)
    fputc                                    0x0800a605   Thumb Code    30  ceshi.o(i.fputc)
    free                                     0x0800a629   Thumb Code    76  malloc.o(i.free)
    getPINFO                                 0x0800a679   Thumb Code    38  protocol.o(i.getPINFO)
    getPINFO_BC95                            0x0800a6a5   Thumb Code    38  protocol.o(i.getPINFO_BC95)
    hi_hex2asc                               0x0800a6d1   Thumb Code    14  basicfunc.o(i.hi_hex2asc)
    low_hex2asc                              0x0800a6df   Thumb Code    16  basicfunc.o(i.low_hex2asc)
    main                                     0x0800a6f1   Thumb Code    72  main.o(i.main)
    malloc                                   0x0800a73d   Thumb Code    92  malloc.o(i.malloc)
    mofanSDK                                 0x0800a7a9   Thumb Code   136  plugsdk.o(i.mofanSDK)
    nblot_TP_GPRS                            0x0800a861   Thumb Code    68  nblot.o(i.nblot_TP_GPRS)
    nblot_init                               0x0800a8a5   Thumb Code   852  nblot.o(i.nblot_init)
    nblot_init_0                             0x0800add5   Thumb Code    16  nblot.o(i.nblot_init_0)
    nblot_open_GPRS                          0x0800ade9   Thumb Code   248  nblot.o(i.nblot_open_GPRS)
    nblot_read                               0x0800af65   Thumb Code    36  nblot.o(i.nblot_read)
    nblot_rec                                0x0800af9d   Thumb Code    84  nblot.o(i.nblot_rec)
    nblot_reconnect                          0x0800aff5   Thumb Code   150  nblot.o(i.nblot_reconnect)
    nblot_send                               0x0800b0e1   Thumb Code   234  nblot.o(i.nblot_send)
    net_data_send                            0x0800b1e1   Thumb Code    14  protocol_send.o(i.net_data_send)
    net_data_send_delay                      0x0800b1f5   Thumb Code    10  protocol_send.o(i.net_data_send_delay)
    net_data_send_init                       0x0800b205   Thumb Code    18  protocol_send.o(i.net_data_send_init)
    net_rec                                  0x0800b21d   Thumb Code    52  qwl_net.o(i.net_rec)
    net_send                                 0x0800b259   Thumb Code    48  qwl_net.o(i.net_send)
    net_state                                0x0800b291   Thumb Code   354  qwl_net.o(i.net_state)
    post_group                               0x0800b53d   Thumb Code   256  post_protocol.o(i.post_group)
    process_00                               0x0800b645   Thumb Code   122  uploading_pro.o(i.process_00)
    process_12                               0x0800b6f1   Thumb Code   242  uploading_pro.o(i.process_12)
    process_F8                               0x0800b83d   Thumb Code    90  protocol_send.o(i.process_F8)
    process_fb                               0x0800b8ad   Thumb Code   600  uploading_pro.o(i.process_fb)
    q2x1278_check_send                       0x0800bbf5   Thumb Code    64  2x1278.o(i.q2x1278_check_send)
    q2x1278_init                             0x0800bc55   Thumb Code    38  2x1278.o(i.q2x1278_init)
    q2x1278_plc_send                         0x0800bc81   Thumb Code   204  2x1278.o(i.q2x1278_plc_send)
    q2x1278_rec_cofig                        0x0800bd61   Thumb Code   196  2x1278.o(i.q2x1278_rec_cofig)
    qwl_net_init                             0x0800be3d   Thumb Code    30  qwl_net.o(i.qwl_net_init)
    qwl_net_s_deal                           0x0800be61   Thumb Code    34  qwl_net.o(i.qwl_net_s_deal)
    qwl_net_sendchar                         0x0800be89   Thumb Code     4  qwl_net.o(i.qwl_net_sendchar)
    qwl_net_sendstring                       0x0800be8d   Thumb Code    34  qwl_net.o(i.qwl_net_sendstring)
    qwl_net_sendstring1                      0x0800beaf   Thumb Code    20  qwl_net.o(i.qwl_net_sendstring1)
    qwl_sendchar                             0x0800bec3   Thumb Code     4  ceshi.o(i.qwl_sendchar)
    qwl_sendstring                           0x0800bec7   Thumb Code    34  ceshi.o(i.qwl_sendstring)
    qwl_sendstring1                          0x0800bee9   Thumb Code    20  ceshi.o(i.qwl_sendstring1)
    rdsr                                     0x0800befd   Thumb Code    40  spi_flash.o(i.rdsr)
    slot_machines_data_send                  0x0800bf29   Thumb Code    32  armchair.o(i.slot_machines_data_send)
    strsearch                                0x0800bf59   Thumb Code    66  algorithm.o(i.strsearch)
    strsearch_h                              0x0800bf9d   Thumb Code    70  cdma.o(i.strsearch_h)
    strsearch_qwl                            0x0800bfe9   Thumb Code    70  algorithm.o(i.strsearch_qwl)
    swapInt16                                0x0800c031   Thumb Code    12  mf_common.o(i.swapInt16)
    swapInt32                                0x0800c041   Thumb Code    12  mf_common.o(i.swapInt32)
    twoascii2byte                            0x0800c051   Thumb Code    24  basicfunc.o(i.twoascii2byte)
    unlock                                   0x0800c069   Thumb Code    58  spi_flash.o(i.unlock)
    upload_link_send                         0x0800c0ad   Thumb Code    94  protocol_send.o(i.upload_link_send)
    usart_init                               0x0800c121   Thumb Code   188  qwl_net.o(i.usart_init)
    wdis                                     0x0800c1e5   Thumb Code    34  spi_flash.o(i.wdis)
    wen                                      0x0800c20d   Thumb Code    30  spi_flash.o(i.wen)
    wg_rec_deal                              0x0800c231   Thumb Code   936  armchair.o(i.wg_rec_deal)
    wip                                      0x0800c659   Thumb Code    34  spi_flash.o(i.wip)
    wsr                                      0x0800c681   Thumb Code    92  spi_flash.o(i.wsr)
    zd_rec_deal                              0x0800c6e5   Thumb Code   120  armchair.o(i.zd_rec_deal)
    _gProtocol_info                          0x0800c784   Data          48  protocol.o(.constdata)
    _gProtocol_info1                         0x0800c7b4   Data          80  protocol.o(.constdata)
    ASCII_hex                                0x0800c804   Data          24  qwl_net.o(.constdata)
    CRC8Table                                0x0800c81c   Data         256  post_protocol.o(.constdata)
    __ctype_table                            0x0800c91c   Data         129  ctype_o.o(.constdata)
    Region$$Table$$Base                      0x0800c9ec   Number         0  anon$$obj.o(Region$$Table)
    Region$$Table$$Limit                     0x0800ca0c   Number         0  anon$$obj.o(Region$$Table)
    ModAddress                               0x20000001   Data           1  data.o(.data)
    Run_User_Program_Falg                    0x20000002   Data           1  data.o(.data)
    Timer50msCount                           0x20000004   Data           2  lowprcisiontime.o(.data)
    _gTimerLinkerHeader                      0x20000008   Data           4  lowprcisiontime.o(.data)
    gKickDogNum                              0x2000000e   Data           2  watchdog.o(.data)
    _gucfg                                   0x200000a4   Data          40  usart.o(.data)
    ApplicationAddress                       0x200000cc   Data           4  iap_updata.o(.data)
    FlashDestination                         0x200000d0   Data           4  iap_updata.o(.data)
    fac_id                                   0x200000df   Data           1  spi_flash.o(.data)
    dev_id                                   0x200000e0   Data           1  spi_flash.o(.data)
    _guf                                     0x200000e1   Data           1  protocol.o(.data)
    RTN                                      0x200000f0   Data           1  postproda.o(.data)
    send_NSORF_flag                          0x200000f2   Data           1  qwl_net.o(.data)
    connect_flag                             0x200000f3   Data           1  qwl_net.o(.data)
    nblot_or_cdma_flag                       0x200000f4   Data           1  qwl_net.o(.data)
    net_error_flag                           0x200000f5   Data           1  qwl_net.o(.data)
    CSQ_rec_deal                             0x200000f6   Data           1  qwl_net.o(.data)
    CSQ_buf                                  0x200000f7   Data           1  qwl_net.o(.data)
    CSQ                                      0x200000f8   Data           1  qwl_net.o(.data)
    CSQ_DELAY                                0x200000f9   Data           1  qwl_net.o(.data)
    Rx                                       0x200000fa   Data           2  qwl_net.o(.data)
    net                                      0x200000fc   Data           5  qwl_net.o(.data)
    exchange_platform                        0x20000101   Data           8  qwl_net.o(.data)
    deal_process                             0x20000109   Data           1  qwl_net.o(.data)
    update_ip                                0x2000010a   Data          22  qwl_net.o(.data)
    cdma_RESET_flag                          0x20000120   Data           1  cdma.o(.data)
    g_flag                                   0x20000121   Data           1  cdma.o(.data)
    AT_CIMI                                  0x20000122   Data           8  cdma.o(.data)
    AT_CPIN                                  0x2000012a   Data           9  cdma.o(.data)
    AT_CIPSTART                              0x20000133   Data          15  cdma.o(.data)
    AT_CIPCLOSE                              0x20000142   Data          13  cdma.o(.data)
    AT_zpppopen                              0x2000014f   Data          12  cdma.o(.data)
    AT_CIPSEND                               0x2000015b   Data          14  cdma.o(.data)
    AT_GETICCID                              0x20000169   Data          12  cdma.o(.data)
    light_TCP_test                           0x20000175   Data          22  cdma.o(.data)
    light_TCP                                0x2000018b   Data          22  cdma.o(.data)
    nblot_rec_flag                           0x200001a1   Data           1  nblot.o(.data)
    nblot_read_flag                          0x200001a2   Data           1  nblot.o(.data)
    nblot_read_flag1                         0x200001a3   Data           1  nblot.o(.data)
    nblot_RESET_flag                         0x200001a4   Data           1  nblot.o(.data)
    NBIOT_SET_FALG                           0x200001a5   Data           1  nblot.o(.data)
    NB_SET_FLAG                              0x200001a6   Data           1  nblot.o(.data)
    nblot_CGATT                              0x200001a7   Data          11  nblot.o(.data)
    nblot_NSOST                              0x200001b2   Data          12  nblot.o(.data)
    nblot_NSOCR                              0x200001be   Data          27  nblot.o(.data)
    nblot_NCCID                              0x200001d9   Data           9  nblot.o(.data)
    nblot_NBAND                              0x200001e2   Data          10  nblot.o(.data)
    nblot_NBAND1                             0x200001ec   Data          11  nblot.o(.data)
    nblot_NCONFIG                            0x200001f7   Data          12  nblot.o(.data)
    nblot_AUTOCONNECT                        0x20000203   Data          28  nblot.o(.data)
    nblot_SCRAMBL_true                       0x2000021f   Data          40  nblot.o(.data)
    nblot_SCRAMBL_false                      0x20000247   Data          41  nblot.o(.data)
    nblot_AVOID_true                         0x20000270   Data          33  nblot.o(.data)
    nblot_AVOID_false                        0x20000291   Data          34  nblot.o(.data)
    light_UDP                                0x200002b3   Data          22  nblot.o(.data)
    M6312_RESET_flag                         0x200002c9   Data           1  m6312.o(.data)
    AT_GETICCID1                             0x200002ca   Data           8  m6312.o(.data)
    AT_CPIN1                                 0x200002d2   Data           9  m6312.o(.data)
    AT_CIPSTART1                             0x200002db   Data          18  m6312.o(.data)
    AT_CIPCLOSE1                             0x200002ed   Data          11  m6312.o(.data)
    AT_zpppopen1                             0x200002f8   Data          13  m6312.o(.data)
    AT_CIPSEND1                              0x20000305   Data          11  m6312.o(.data)
    G510_RESET_flag                          0x20000310   Data           1  g510.o(.data)
    AT_GETICCID2                             0x20000311   Data           8  g510.o(.data)
    AT_CPIN2                                 0x20000319   Data           9  g510.o(.data)
    AT_CIPSTART2                             0x20000322   Data          16  g510.o(.data)
    AT_CIPCLOSE2                             0x20000332   Data          13  g510.o(.data)
    AT_zpppopen2                             0x2000033f   Data          35  g510.o(.data)
    AT_CIPSEND2                              0x20000362   Data          14  g510.o(.data)
    AT_GTSET                                 0x20000370   Data          20  g510.o(.data)
    Net_Data_Send                            0x20000384   Data           5  protocol_send.o(.data)
    amy_config                               0x2000038a   Data           1  armchair.o(.data)
    amy_config1                              0x2000038b   Data           1  armchair.o(.data)
    PLC_time_flag                            0x2000038c   Data           1  armchair.o(.data)
    PLC_time_tiqian                          0x2000038d   Data           1  armchair.o(.data)
    time_share_process_flag                  0x2000038e   Data           1  armchair.o(.data)
    ceshi                                    0x2000038f   Data           1  armchair.o(.data)
    amy_total                                0x20000390   Data           1  armchair.o(.data)
    armchair_time_flag                       0x20000391   Data           1  armchair.o(.data)
    amy_rec_flag                             0x20000392   Data           1  armchair.o(.data)
    amy_rec_flag_1                           0x20000393   Data           1  armchair.o(.data)
    amy_cotrol_flag                          0x20000394   Data           1  armchair.o(.data)
    wg_stor_pointer                          0x20000395   Data           1  armchair.o(.data)
    wg_ack_times                             0x20000396   Data           1  armchair.o(.data)
    zd_update_flag                           0x20000397   Data           1  armchair.o(.data)
    armchair_fen_delay                       0x20000398   Data           1  armchair.o(.data)
    shebei_flag                              0x20000399   Data           1  armchair.o(.data)
    Shared_Module                            0x2000039a   Data           1  armchair.o(.data)
    zd_overtime_flag                         0x2000039c   Data           2  armchair.o(.data)
    amy_cotrol_time                          0x2000039e   Data           2  armchair.o(.data)
    amy_cotrol_time_flag                     0x200003a0   Data           2  armchair.o(.data)
    armchair_s_delay                         0x200003a2   Data           2  armchair.o(.data)
    wg_state_flag                            0x200003a4   Data           1  armchair.o(.data)
    SIM_GET_FLAG                             0x200003a5   Data           1  armchair.o(.data)
    change_led_flag                          0x200003a6   Data           1  tm1618.o(.data)
    TM1618_DISPLAY_NO                        0x200003a7   Data           3  tm1618.o(.data)
    key_delay_out                            0x200003aa   Data           1  tm1618.o(.data)
    sx1278_fb_flag                           0x200003ac   Data           1  2x1278.o(.data)
    rx2_pointer                              0x200003ad   Data           1  2x1278.o(.data)
    config_recwait_time                      0x200003ae   Data           2  2x1278.o(.data)
    q2x1278_config_buf                       0x200003b0   Data           6  2x1278.o(.data)
    rx_pointer                               0x200003b6   Data           1  2x1278.o(.data)
    GATEWAY_deal_time                        0x200003b8   Data           1  amy_net.o(.data)
    getwayheart_sendok_flag                  0x200003b9   Data           1  amy_net.o(.data)
    GATEWAY_list_time                        0x200003ba   Data           1  amy_net.o(.data)
    getwaylist_sendok_flag                   0x200003bb   Data           1  amy_net.o(.data)
    getwaylist_send_flag                     0x200003bc   Data           1  amy_net.o(.data)
    getwaylist_send_times                    0x200003bd   Data           1  amy_net.o(.data)
    GATEWAY_off_time                         0x200003be   Data           1  amy_net.o(.data)
    getwayoff_sendok_flag                    0x200003bf   Data           1  amy_net.o(.data)
    getwayoff_send_flag                      0x200003c0   Data           1  amy_net.o(.data)
    amy_check_pointer                        0x200003c1   Data           1  amy_net.o(.data)
    amy_storflash_flag                       0x200003c2   Data           1  amy_net.o(.data)
    suipian_delay                            0x200003c3   Data           1  amy_net.o(.data)
    GATEWAY_heart_time_flag                  0x200003c4   Data           2  amy_net.o(.data)
    GATEWAY_heart_max_flag                   0x200003c6   Data           2  amy_net.o(.data)
    GATEWAY_list_time_flag                   0x200003c8   Data           2  amy_net.o(.data)
    GATEWAY_off_time_flag                    0x200003ca   Data           2  amy_net.o(.data)
    amy_config_rec_flag                      0x200003cc   Data           1  amy_net.o(.data)
    plc_cofig_buf_1                          0x200003cd   Data           3  amy_net.o(.data)
    carrieroperator                          0x200003d0   Data           1  flash.o(.data)
    module_name                              0x200003d1   Data           1  flash.o(.data)
    amy_max_total                            0x200003d2   Data           1  flash.o(.data)
    zd_sl_flag                               0x200003d3   Data           1  flash.o(.data)
    software_version                         0x200003d4   Data           2  flash.o(.data)
    Hardware_version                         0x200003d6   Data           2  flash.o(.data)
    post_len                                 0x200003d8   Data           2  post_protocol.o(.data)
    NO                                       0x200003da   Data          16  post_protocol.o(.data)
    mRegist                                  0x20000408   Data           4  protool.o(.data)
    mLogin                                   0x2000040c   Data           4  protool.o(.data)
    mLoginPort                               0x20000410   Data           4  protool.o(.data)
    mHeartInterval                           0x20000414   Data           4  protool.o(.data)
    mHeartTime                               0x20000418   Data           4  protool.o(.data)
    mQuitProtool                             0x2000041c   Data           4  protool.o(.data)
    mOffset                                  0x20000420   Data           4  protool.o(.data)
    g_pin_code                               0x2000042c   Data          64  protool.o(.data)
    g_sn_code                                0x2000046c   Data         128  protool.o(.data)
    gProtoolKey                              0x200004ec   Data          32  protool.o(.data)
    server_addr                              0x2000050c   Data          32  protool.o(.data)
    server_port                              0x2000052c   Data          16  protool.o(.data)
    mEndType                                 0x2000053c   Data           1  mf_common.o(.data)
    SystemCoreClock                          0x20000540   Data           4  system_stm32f10x.o(.data)
    AHBPrescTable                            0x20000544   Data          16  system_stm32f10x.o(.data)
    __stdout                                 0x20000568   Data           4  stdout.o(.data)
    __microlib_freelist                      0x2000056c   Data           4  mvars.o(.data)
    __microlib_freelist_initialised          0x20000570   Data           4  mvars.o(.data)
    iap_data                                 0x20000578   Data          70  iap.o(.bss)
    DMA_InitStructure                        0x20000610   Data         220  usart.o(.bss)
    SystemBuf                                0x20002ad2   Data        1024  qwl_net.o(.bss)
    SIM_ID                                   0x20002ed2   Data          20  cdma.o(.bss)
    amy_record_buf                           0x20002ee6   Data        5250  armchair.o(.bss)
    amy_record_buf_1                         0x20004368   Data          50  armchair.o(.bss)
    wg_ack_buf                               0x2000439a   Data         200  armchair.o(.bss)
    AmyID                                    0x20004462   Data          16  armchair.o(.bss)
    config_recwait_buf                       0x20004472   Data         256  2x1278.o(.bss)
    Uart2_RecData_buf                        0x20004572   Data         200  2x1278.o(.bss)
    amystate_send_flag                       0x2000463a   Data         250  amy_net.o(.bss)
    poll_zd                                  0x20004734   Data          45  amy_net.o(.bss)
    amy_check_ID                             0x20004761   Data          16  amy_net.o(.bss)
    plc_cofig_buf                            0x20004771   Data          16  amy_net.o(.bss)
    Upgrade_ip                               0x20004781   Data          22  flash.o(.bss)
    post_buf                                 0x20004797   Data        1024  post_protocol.o(.bss)
    mLoginServer                             0x20009097   Data          16  protool.o(.bss)
    mLoginTocken                             0x200090a7   Data          32  protool.o(.bss)
    mLoginPluginId                           0x200090c7   Data          32  protool.o(.bss)
    mData                                    0x200090e7   Data        1024  protool.o(.bss)
    MF_recv_buf                              0x200094e7   Data        1024  protool.o(.bss)
    __heap_base                              0x200098e8   Data           0  startup_stm32f10x_hd.o(HEAP)
    __heap_limit                             0x20009ae8   Data           0  startup_stm32f10x_hd.o(HEAP)
    __initial_sp                             0x20009ee8   Data           0  startup_stm32f10x_hd.o(STACK)



==============================================================================

Memory Map of the image

  Image Entry point : 0x08000131

  Load Region LR_IROM1 (Base: 0x08000000, Size: 0x0000cf84, Max: 0x00040000, ABSOLUTE, COMPRESSED[0x0000cc68])

    Execution Region ER_IROM1 (Base: 0x08000000, Size: 0x0000ca0c, Max: 0x00040000, ABSOLUTE)

    Base Addr    Size         Type   Attr      Idx    E Section Name        Object

    0x08000000   0x00000130   Data   RO          318    RESET               startup_stm32f10x_hd.o
    0x08000130   0x00000000   Code   RO         3304  * .ARM.Collect$$$$00000000  mc_w.l(entry.o)
    0x08000130   0x00000004   Code   RO         3606    .ARM.Collect$$$$00000001  mc_w.l(entry2.o)
    0x08000134   0x00000004   Code   RO         3609    .ARM.Collect$$$$00000004  mc_w.l(entry5.o)
    0x08000138   0x00000000   Code   RO         3611    .ARM.Collect$$$$00000008  mc_w.l(entry7b.o)
    0x08000138   0x00000000   Code   RO         3613    .ARM.Collect$$$$0000000A  mc_w.l(entry8b.o)
    0x08000138   0x00000008   Code   RO         3614    .ARM.Collect$$$$0000000B  mc_w.l(entry9a.o)
    0x08000140   0x00000000   Code   RO         3616    .ARM.Collect$$$$0000000D  mc_w.l(entry10a.o)
    0x08000140   0x00000000   Code   RO         3618    .ARM.Collect$$$$0000000F  mc_w.l(entry11a.o)
    0x08000140   0x00000004   Code   RO         3607    .ARM.Collect$$$$00002712  mc_w.l(entry2.o)
    0x08000144   0x00000020   Code   RO         3179    .emb_text           STM32F10x_lib_HD.lib(core_cm3.o)
    0x08000164   0x00000024   Code   RO          319    .text               startup_stm32f10x_hd.o
    0x08000188   0x000001bc   Code   RO         3079    .text               STM32F10x_lib_HD.lib(system_stm32f10x.o)
    0x08000344   0x000000e0   Code   RO         3190    .text               STM32F10x_lib_HD.lib(misc.o)
    0x08000424   0x00000254   Code   RO         3206    .text               STM32F10x_lib_HD.lib(stm32f10x_dma.o)
    0x08000678   0x000005e4   Code   RO         3218    .text               STM32F10x_lib_HD.lib(stm32f10x_flash.o)
    0x08000c5c   0x00000348   Code   RO         3230    .text               STM32F10x_lib_HD.lib(stm32f10x_gpio.o)
    0x08000fa4   0x00000040   Code   RO         3242    .text               STM32F10x_lib_HD.lib(stm32f10x_iwdg.o)
    0x08000fe4   0x00000390   Code   RO         3254    .text               STM32F10x_lib_HD.lib(stm32f10x_rcc.o)
    0x08001374   0x0000030c   Code   RO         3268    .text               STM32F10x_lib_HD.lib(stm32f10x_spi.o)
    0x08001680   0x00000c66   Code   RO         3280    .text               STM32F10x_lib_HD.lib(stm32f10x_tim.o)
    0x080022e6   0x00000002   PAD
    0x080022e8   0x00000408   Code   RO         3292    .text               STM32F10x_lib_HD.lib(stm32f10x_usart.o)
    0x080026f0   0x00000024   Code   RO         3307    .text               mc_w.l(memcpya.o)
    0x08002714   0x00000024   Code   RO         3309    .text               mc_w.l(memseta.o)
    0x08002738   0x0000000e   Code   RO         3311    .text               mc_w.l(strlen.o)
    0x08002746   0x0000001a   Code   RO         3604    .text               mc_w.l(atoi.o)
    0x08002760   0x0000002c   Code   RO         3621    .text               mc_w.l(uidiv.o)
    0x0800278c   0x00000062   Code   RO         3623    .text               mc_w.l(uldiv.o)
    0x080027ee   0x00000070   Code   RO         3634    .text               mc_w.l(strtol.o)
    0x0800285e   0x00000000   Code   RO         3636    .text               mc_w.l(iusefp.o)
    0x0800285e   0x0000014e   Code   RO         3637    .text               mf_w.l(dadd.o)
    0x080029ac   0x000000e4   Code   RO         3639    .text               mf_w.l(dmul.o)
    0x08002a90   0x000000de   Code   RO         3641    .text               mf_w.l(ddiv.o)
    0x08002b6e   0x00000030   Code   RO         3643    .text               mf_w.l(dfixul.o)
    0x08002b9e   0x00000002   PAD
    0x08002ba0   0x00000030   Code   RO         3645    .text               mf_w.l(cdrcmple.o)
    0x08002bd0   0x00000024   Code   RO         3647    .text               mc_w.l(init.o)
    0x08002bf4   0x0000001e   Code   RO         3649    .text               mc_w.l(llshl.o)
    0x08002c12   0x00000020   Code   RO         3651    .text               mc_w.l(llushr.o)
    0x08002c32   0x00000024   Code   RO         3653    .text               mc_w.l(llsshr.o)
    0x08002c56   0x00000002   PAD
    0x08002c58   0x00000008   Code   RO         3655    .text               mc_w.l(ctype_o.o)
    0x08002c60   0x0000009e   Code   RO         3683    .text               mc_w.l(_strtoul.o)
    0x08002cfe   0x000000ba   Code   RO         3685    .text               mf_w.l(depilogue.o)
    0x08002db8   0x0000001c   Code   RO         3687    .text               mc_w.l(_chval.o)
    0x08002dd4   0x00000056   Code   RO         3697    .text               mc_w.l(__dczerorl2.o)
    0x08002e2a   0x00000002   PAD
    0x08002e2c   0x0000021c   Code   RO         1701    i.AMY_addr_please_set  uploading_pro.o
    0x08003048   0x00000004   Code   RO          508    i.API_ARMCHAIR_TIME  api.o
    0x0800304c   0x00000004   Code   RO          509    i.API_AddProtocolBuffer  api.o
    0x08003050   0x00000004   Code   RO          510    i.API_Armchair_IO_Init  api.o
    0x08003054   0x00000004   Code   RO          511    i.API_Armchair_Init  api.o
    0x08003058   0x00000004   Code   RO          512    i.API_Check_Run_User_Program_Falg  api.o
    0x0800305c   0x00000004   Code   RO          513    i.API_DoProtocols   api.o
    0x08003060   0x00000004   Code   RO          514    i.API_GetProtocolBufferOrLen  api.o
    0x08003064   0x00000004   Code   RO          515    i.API_Get_Iap_Config  api.o
    0x08003068   0x00000004   Code   RO          516    i.API_IAP_Update_End  api.o
    0x0800306c   0x00000004   Code   RO          517    i.API_IAP_Update_Start  api.o
    0x08003070   0x00000004   Code   RO          518    i.API_IAP_Update_Write  api.o
    0x08003074   0x00000004   Code   RO          519    i.API_IAP_copyflash  api.o
    0x08003078   0x00000004   Code   RO          520    i.API_IAP_copyflash1  api.o
    0x0800307c   0x00000004   Code   RO          521    i.API_Jump_To_UserProgram  api.o
    0x08003080   0x00000004   Code   RO          522    i.API_KillTimer     api.o
    0x08003084   0x0000000a   Code   RO          523    i.API_Led_Init      api.o
    0x0800308e   0x0000000a   Code   RO          524    i.API_Protocols_Init  api.o
    0x08003098   0x00000004   Code   RO          525    i.API_ResetProtocolBuffer  api.o
    0x0800309c   0x0000000a   Code   RO          526    i.API_SPI_Flash_Init  api.o
    0x080030a6   0x00000004   Code   RO          527    i.API_Select_Program_run  api.o
    0x080030aa   0x0000000c   Code   RO          529    i.API_SetComParameter  api.o
    0x080030b6   0x0000000c   Code   RO          531    i.API_SetTimer      api.o
    0x080030c2   0x0000000a   Code   RO          532    i.API_StartRunTimer  api.o
    0x080030cc   0x00000004   Code   RO          533    i.API_StartSendBuffer  api.o
    0x080030d0   0x0000000a   Code   RO          534    i.API_Timers_Init   api.o
    0x080030da   0x0000000a   Code   RO          536    i.API_WatchDog_Feed  api.o
    0x080030e4   0x0000000a   Code   RO          537    i.API_WatchDog_Init  api.o
    0x080030ee   0x00000004   Code   RO          540    i.API_nblot_init_0  api.o
    0x080030f2   0x00000002   PAD
    0x080030f4   0x00000018   Code   RO          541    i.API_net_data_send  api.o
    0x0800310c   0x00000020   Code   RO          542    i.API_net_data_send_init  api.o
    0x0800312c   0x0000000a   Code   RO          543    i.API_net_rec       api.o
    0x08003136   0x00000002   PAD
    0x08003138   0x00000014   Code   RO          544    i.API_net_state     api.o
    0x0800314c   0x0000000a   Code   RO          545    i.API_qwl_net_init  api.o
    0x08003156   0x00000002   PAD
    0x08003158   0x000000f8   Code   RO         2202    i.ARMCHAIR_S_IQR    armchair.o
    0x08003250   0x00000040   Code   RO         2203    i.ARMCHAIR_TIME     armchair.o
    0x08003290   0x00000074   Code   RO         1319    i.AddProtocolBuffer  protocol.o
    0x08003304   0x000000b0   Code   RO         2204    i.Amy_Record_Store  armchair.o
    0x080033b4   0x0000005c   Code   RO         2205    i.Armchair_IO_Init  armchair.o
    0x08003410   0x00000028   Code   RO         2206    i.Armchair_Init     armchair.o
    0x08003438   0x00000018   Code   RO          324    i.AscTOHex          basicfunc.o
    0x08003450   0x00000026   Code   RO          325    i.AscToHexFun       basicfunc.o
    0x08003476   0x00000002   Code   RO          247    i.BusFault_Handler  stm32f10x_it.o
    0x08003478   0x00000410   Code   RO         2859    i.CBHandle          protool.o
    0x08003888   0x00000040   Code   RO         1924    i.CDMA_IO_Init      cdma.o
    0x080038c8   0x00000020   Code   RO         2719    i.CRC8_Table        post_protocol.o
    0x080038e8   0x0000001a   Code   RO          327    i.CS_Delay_10_uS    basicfunc.o
    0x08003902   0x00000002   PAD
    0x08003904   0x0000001c   Code   RO          453    i.CheckNode         lowprcisiontime.o
    0x08003920   0x00000078   Code   RO         1320    i.CheckProtocolType  protocol.o
    0x08003998   0x00000078   Code   RO         1321    i.CheckProtocolType_BC95  protocol.o
    0x08003a10   0x00000018   Code   RO         1049    i.Check_Run_User_Program_Falg  iap_updata.o
    0x08003a28   0x0000000c   Code   RO          823    i.DMA1_Channel3_IRQHandler  usart.o
    0x08003a34   0x0000000c   Code   RO          824    i.DMA1_Channel5_IRQHandler  usart.o
    0x08003a40   0x0000000c   Code   RO          825    i.DMA1_Channel6_IRQHandler  usart.o
    0x08003a4c   0x0000000c   Code   RO          826    i.DMA2_Channel3_IRQHandler  usart.o
    0x08003a58   0x000000e0   Code   RO          827    i.DMA_UART_Receive  usart.o
    0x08003b38   0x00000120   Code   RO          828    i.DMA_UART_Receive_Process  usart.o
    0x08003c58   0x0000005c   Code   RO          829    i.DMA_USART_Timeout  usart.o
    0x08003cb4   0x00000094   Code   RO          830    i.DMA_UsartConfiguration  usart.o
    0x08003d48   0x000000b0   Code   RO          831    i.DMA_Usart_Init    usart.o
    0x08003df8   0x00000014   Code   RO         1597    i.DealPostPro       postproda.o
    0x08003e0c   0x000000a8   Code   RO         1598    i.DealPostProtocol  postproda.o
    0x08003eb4   0x00000002   Code   RO          248    i.DebugMon_Handler  stm32f10x_it.o
    0x08003eb6   0x00000002   PAD
    0x08003eb8   0x00000048   Code   RO          454    i.DelTimer          lowprcisiontime.o
    0x08003f00   0x0000000c   Code   RO          329    i.Delay_1us         basicfunc.o
    0x08003f0c   0x0000000c   Code   RO          330    i.Delay_2us         basicfunc.o
    0x08003f18   0x00000020   Code   RO          331    i.Delay_MS          basicfunc.o
    0x08003f38   0x00000012   Code   RO          332    i.Delay_uS          basicfunc.o
    0x08003f4a   0x00000004   Code   RO         2811    i.DestroyPlugSdk    plugsdk.o
    0x08003f4e   0x00000002   PAD
    0x08003f50   0x00000028   Code   RO          832    i.DoProtocol        usart.o
    0x08003f78   0x0000000e   Code   RO         1322    i.DoProtocolReceiveAnalysis  protocol.o
    0x08003f86   0x00000002   PAD
    0x08003f88   0x000001c8   Code   RO         1323    i.DoProtocolReceiveAnalysis_BC95  protocol.o
    0x08004150   0x00000150   Code   RO         1324    i.DoProtocolReceiveAnalysis_ZTE  protocol.o
    0x080042a0   0x00000164   Code   RO         1325    i.DoProtocol_DMA_ReceiveAnalysis  protocol.o
    0x08004404   0x00000024   Code   RO         1326    i.DoProtocols       protocol.o
    0x08004428   0x00000058   Code   RO          455    i.DoTimer           lowprcisiontime.o
    0x08004480   0x00000014   Code   RO         1749    i.DownLoad_DealPro  download.o
    0x08004494   0x00000058   Code   RO         1750    i.DownLoad_DealProtocol  download.o
    0x080044ec   0x0000004c   Code   RO         1791    i.DownLoad_Pro      download_pro.o
    0x08004538   0x0000000c   Code   RO         1751    i.DownLoad_SendByte  download.o
    0x08004544   0x00000052   Code   RO         1752    i.DownLoad_SendChksum  download.o
    0x08004596   0x0000003a   Code   RO         1753    i.DownLoad_SendHead  download.o
    0x080045d0   0x0000002c   Code   RO         1754    i.DownLoad_SendTail  download.o
    0x080045fc   0x00000020   Code   RO          833    i.EnableCom         usart.o
    0x0800461c   0x00000014   Code   RO         1050    i.FLASH_PagesMask   iap_updata.o
    0x08004630   0x00000010   Code   RO          759    i.FeedWatchDog      watchdog.o
    0x08004640   0x00000048   Code   RO         1195    i.FlashReadID       spi_flash.o
    0x08004688   0x000002e0   Code   RO         2110    i.G510_init         g510.o
    0x08004968   0x00000274   Code   RO         2111    i.G510_open_GPRS    g510.o
    0x08004bdc   0x0000013c   Code   RO         2112    i.G510_reconnect    g510.o
    0x08004d18   0x00000130   Code   RO         2113    i.G510_send         g510.o
    0x08004e48   0x0000003c   Code   RO         2722    i.GATEWAY_peizhi_pack  post_protocol.o
    0x08004e84   0x00000050   Code   RO         1925    i.GSM_RESET         cdma.o
    0x08004ed4   0x00000014   Code   RO         2862    i.GetCheckSum       protool.o
    0x08004ee8   0x00000030   Code   RO         1327    i.GetProtocolBufferOrLen  protocol.o
    0x08004f18   0x0000001c   Code   RO         1328    i.GetProtocolResource  protocol.o
    0x08004f34   0x00000014   Code   RO          834    i.GetUartStructBaseFunction  usart.o
    0x08004f48   0x0000001c   Code   RO          835    i.GetUtProtocolResource  usart.o
    0x08004f64   0x0000003c   Code   RO          789    i.Get_Iap_Config    iap.o
    0x08004fa0   0x0000001c   Code   RO          836    i.Get_Usart_Function  usart.o
    0x08004fbc   0x00000026   Code   RO         1147    i.Gpio_Init         gpiomap.o
    0x08004fe2   0x00000002   Code   RO          249    i.HardFault_Handler  stm32f10x_it.o
    0x08004fe4   0x0000001e   Code   RO         1051    i.IAP_Page_Clear    iap_updata.o
    0x08005002   0x00000002   PAD
    0x08005004   0x00000034   Code   RO         1052    i.IAP_ReStart       iap_updata.o
    0x08005038   0x00000048   Code   RO         1053    i.IAP_Update_End    iap_updata.o
    0x08005080   0x00000068   Code   RO         1054    i.IAP_Update_Start  iap_updata.o
    0x080050e8   0x000000e0   Code   RO         1055    i.IAP_Update_Write  iap_updata.o
    0x080051c8   0x000000ac   Code   RO         1056    i.IAP_copyflash     iap_updata.o
    0x08005274   0x0000010c   Code   RO         1057    i.IAP_copyflash1    iap_updata.o
    0x08005380   0x0000001e   Code   RO            2    i.InitHardWare      main.o
    0x0800539e   0x00000002   PAD
    0x080053a0   0x0000003c   Code   RO         2812    i.InitPlugSdk       plugsdk.o
    0x080053dc   0x0000010c   Code   RO         2863    i.InitProtool       protool.o
    0x080054e8   0x0000002c   Code   RO            3    i.InitSoftSystem    main.o
    0x08005514   0x000004f4   Code   RO         2677    i.Init_Amy_Id       flash.o
    0x08005a08   0x0000006c   Code   RO         1485    i.Init_Protocol_Debug  protocol_debug.o
    0x08005a74   0x0000006c   Code   RO         1561    i.Init_Protocol_MSG  protocol_msg.o
    0x08005ae0   0x0000006c   Code   RO         1520    i.Init_Protocol_Wcdma  protocol_wcdma.o
    0x08005b4c   0x00000020   Code   RO          334    i.InvertedOrder     basicfunc.o
    0x08005b6c   0x00000028   Code   RO         1058    i.Jump_To_UserProgram  iap_updata.o
    0x08005b94   0x00000024   Code   RO         1129    i.Led_Init          led.o
    0x08005bb8   0x00000070   Code   RO          456    i.LowPrcisionTime_Init  lowprcisiontime.o
    0x08005c28   0x0000000c   Code   RO          457    i.LowPrcisionTime_Start  lowprcisiontime.o
    0x08005c34   0x00000240   Code   RO         2073    i.M6312_init        m6312.o
    0x08005e74   0x00000260   Code   RO         2074    i.M6312_open_GPRS   m6312.o
    0x080060d4   0x00000120   Code   RO         2075    i.M6312_reconnect   m6312.o
    0x080061f4   0x00000130   Code   RO         2076    i.M6312_send        m6312.o
    0x08006324   0x000000b4   Code   RO         2865    i.MF_Heartbeep      protool.o
    0x080063d8   0x00000100   Code   RO         2866    i.MF_LoginServer    protool.o
    0x080064d8   0x0000004c   Code   RO         2867    i.MF_Login_Connect  protool.o
    0x08006524   0x0000007c   Code   RO         2868    i.MF_RECV           protool.o
    0x080065a0   0x00000038   Code   RO         2869    i.MF_Regist         protool.o
    0x080065d8   0x00000034   Code   RO         2870    i.MF_Time_CheckHandle  protool.o
    0x0800660c   0x00000010   Code   RO         2871    i.MF_Time_count     protool.o
    0x0800661c   0x00000004   Code   RO         2813    i.MF_get_dev_mac    plugsdk.o
    0x08006620   0x00000020   Code   RO         2814    i.MF_get_dev_sn     plugsdk.o
    0x08006640   0x00000024   Code   RO         2872    i.MF_net_rec        protool.o
    0x08006664   0x00000002   Code   RO          250    i.MemManage_Handler  stm32f10x_it.o
    0x08006666   0x00000002   Code   RO          251    i.NMI_Handler       stm32f10x_it.o
    0x08006668   0x00000018   Code   RO         2873    i.NewProtool        protool.o
    0x08006680   0x0000002c   Code   RO         2874    i.NewTcpServer      protool.o
    0x080066ac   0x0000003c   Code   RO         1702    i.OUT_AMY_addr_please_set  uploading_pro.o
    0x080066e8   0x00000180   Code   RO         2207    i.PLCtime_share_process  armchair.o
    0x08006868   0x00000002   Code   RO          253    i.PendSV_Handler    stm32f10x_it.o
    0x0800686a   0x0000000c   Code   RO         1599    i.PostSendByte      postproda.o
    0x08006876   0x0000002a   Code   RO         1600    i.PostSendByteASC   postproda.o
    0x080068a0   0x0000004e   Code   RO         1602    i.PostSendDataLen   postproda.o
    0x080068ee   0x0000002e   Code   RO         1603    i.PostSendDefault   postproda.o
    0x0800691c   0x0000001c   Code   RO         1604    i.PostSendFixupByte  postproda.o
    0x08006938   0x0000005c   Code   RO         1605    i.PostSendHead      postproda.o
    0x08006994   0x0000004a   Code   RO         1607    i.PostSendPostChksum  postproda.o
    0x080069de   0x00000014   Code   RO         1608    i.PostSendTail      postproda.o
    0x080069f2   0x00000018   Code   RO         1611    i.PostSend_Word     postproda.o
    0x08006a0a   0x00000002   PAD
    0x08006a0c   0x00000120   Code   RO         1792    i.Program_Updata    download_pro.o
    0x08006b2c   0x00000024   Code   RO         1793    i.Program_Updata_timeout  download_pro.o
    0x08006b50   0x00000020   Code   RO         1329    i.ProtocolReceiveByte  protocol.o
    0x08006b70   0x00000020   Code   RO         1330    i.ProtocolSendByte  protocol.o
    0x08006b90   0x00000028   Code   RO         1486    i.Protocol_DoProtocol  protocol_debug.o
    0x08006bb8   0x00000028   Code   RO         1521    i.Protocol_DoProtocol  protocol_wcdma.o
    0x08006be0   0x00000028   Code   RO         1562    i.Protocol_DoProtocol  protocol_msg.o
    0x08006c08   0x0000004c   Code   RO         1487    i.Protocol_Receive  protocol_debug.o
    0x08006c54   0x0000007c   Code   RO         1522    i.Protocol_Receive  protocol_wcdma.o
    0x08006cd0   0x00000074   Code   RO         1563    i.Protocol_Receive  protocol_msg.o
    0x08006d44   0x000000a8   Code   RO         1488    i.Protocol_Send     protocol_debug.o
    0x08006dec   0x000000a8   Code   RO         1523    i.Protocol_Send     protocol_wcdma.o
    0x08006e94   0x000000a8   Code   RO         1564    i.Protocol_Send     protocol_msg.o
    0x08006f3c   0x00000050   Code   RO         1524    i.Protocol_zd_Receive  protocol_wcdma.o
    0x08006f8c   0x00000034   Code   RO         1331    i.Protocols_Init    protocol.o
    0x08006fc0   0x0000002c   Code   RO         1822    i.READ_CSQ          qwl_net.o
    0x08006fec   0x0000009c   Code   RO         1823    i.REC_CSQ           qwl_net.o
    0x08007088   0x0000004c   Code   RO         2875    i.RecErrCB          protool.o
    0x080070d4   0x00000028   Code   RO         1332    i.ReceiveCallBack   protocol.o
    0x080070fc   0x00000018   Code   RO          837    i.ReceiveDataFromUartStruct  usart.o
    0x08007114   0x00000030   Code   RO         1473    i.ReceivePro_Debug_Dispose  protocolreccallback.o
    0x08007144   0x00000024   Code   RO         1489    i.ReceiveTimerOut   protocol_debug.o
    0x08007168   0x00000024   Code   RO         1525    i.ReceiveTimerOut   protocol_wcdma.o
    0x0800718c   0x00000024   Code   RO         1565    i.ReceiveTimerOut   protocol_msg.o
    0x080071b0   0x00000160   Code   RO         2877    i.RegistServer      protool.o
    0x08007310   0x00000028   Code   RO         1333    i.RegisterProtocolFun  protocol.o
    0x08007338   0x00000060   Code   RO         1334    i.ResetProtocolBuffer  protocol.o
    0x08007398   0x00000080   Code   RO         2878    i.ResponseHandle    protool.o
    0x08007418   0x000000c4   Code   RO         1196    i.SPI_Flash_Init    spi_flash.o
    0x080074dc   0x00000006   Code   RO         1197    i.SPI_Flash_ReadByte  spi_flash.o
    0x080074e2   0x00000002   PAD
    0x080074e4   0x00000034   Code   RO         1198    i.SPI_Flash_SendByte  spi_flash.o
    0x08007518   0x00000064   Code   RO         1199    i.SST25_R_BLOCK     spi_flash.o
    0x0800757c   0x000000ac   Code   RO         1202    i.SST25_clr_256_BLOCK  spi_flash.o
    0x08007628   0x00000002   Code   RO          254    i.SVC_Handler       stm32f10x_it.o
    0x0800762a   0x00000002   PAD
    0x0800762c   0x00000050   Code   RO          790    i.Save_Iap_Config   iap.o
    0x0800767c   0x0000010c   Code   RO         1059    i.Select_Program_run  iap_updata.o
    0x08007788   0x000001f8   Code   RO         2208    i.Self_Check        armchair.o
    0x08007980   0x00000020   Code   RO          838    i.SendDataFromUartStruct  usart.o
    0x080079a0   0x000000f4   Code   RO         2879    i.SendIpAckData     protool.o
    0x08007a94   0x000000a8   Code   RO         2880    i.SendIpUpData      protool.o
    0x08007b3c   0x00000104   Code   RO         2881    i.SendRouteUpData   protool.o
    0x08007c40   0x00000020   Code   RO         1336    i.SetProtocolReceiveCallBack  protocol.o
    0x08007c60   0x00000058   Code   RO          458    i.SetTimer          lowprcisiontime.o
    0x08007cb8   0x00000050   Code   RO         1337    i.SetUartParameter  protocol.o
    0x08007d08   0x0000005a   Code   RO         1794    i.Set_Comm_baud     download_pro.o
    0x08007d62   0x00000002   PAD
    0x08007d64   0x00000014   Code   RO         1338    i.SettingCommBps    protocol.o
    0x08007d78   0x000000cc   Code   RO          839    i.SettingSave       usart.o
    0x08007e44   0x00000014   Code   RO          840    i.SettingSaveByUSART_FUNCTION  usart.o
    0x08007e58   0x00000018   Code   RO          841    i.SettingSaveByUSART_TYPE  usart.o
    0x08007e70   0x0000000c   Code   RO          842    i.SettingSaveByUartStruct  usart.o
    0x08007e7c   0x00000070   Code   RO          843    i.SetupComDir       usart.o
    0x08007eec   0x00000074   Code   RO         2209    i.Shared_Module_switch  armchair.o
    0x08007f60   0x0000005c   Code   RO         1339    i.StartSendBuffer   protocol.o
    0x08007fbc   0x00000004   Code   RO          255    i.SysTick_Handler   stm32f10x_it.o
    0x08007fc0   0x0000002c   Code   RO          459    i.TIM5_IRQHandler   lowprcisiontime.o
    0x08007fec   0x00000024   Code   RO         2339    i.TM1618_SDA_OUT    tm1618.o
    0x08008010   0x0000005e   Code   RO         1927    i.TP_GPRS           cdma.o
    0x0800806e   0x00000088   Code   RO         2114    i.TP_GPRS1          g510.o
    0x080080f6   0x00000002   PAD
    0x080080f8   0x00000018   Code   RO            4    i.TimingDelay_Decrement  main.o
    0x08008110   0x00000048   Code   RO         2341    i.Tm618_IO_Init     tm1618.o
    0x08008158   0x00000054   Code   RO         2342    i.Tm618_Smg_8881    tm1618.o
    0x080081ac   0x00000054   Code   RO         2343    i.Tm618_Smg_8882    tm1618.o
    0x08008200   0x00000054   Code   RO         2346    i.Tm618_Smg_On      tm1618.o
    0x08008254   0x00000002   Code   RO          844    i.UART4_IRQHandler  usart.o
    0x08008256   0x00000002   PAD
    0x08008258   0x00000068   Code   RO          845    i.UART5_IRQHandler  usart.o
    0x080082c0   0x00000068   Code   RO          846    i.USART1_IRQHandler  usart.o
    0x08008328   0x00000070   Code   RO          847    i.USART1_Init       usart.o
    0x08008398   0x00000024   Code   RO          848    i.USART1_Timeout    usart.o
    0x080083bc   0x00000020   Code   RO         1824    i.USART1_sendchar   qwl_net.o
    0x080083dc   0x00000068   Code   RO          849    i.USART2_IRQHandler  usart.o
    0x08008444   0x0000007c   Code   RO          850    i.USART2_Init       usart.o
    0x080084c0   0x00000024   Code   RO          851    i.USART2_Timeout    usart.o
    0x080084e4   0x00000020   Code   RO         2438    i.USART2_sendchar   2x1278.o
    0x08008504   0x00000014   Code   RO         2439    i.USART2_sendstring  2x1278.o
    0x08008518   0x00000068   Code   RO          852    i.USART3_IRQHandler  usart.o
    0x08008580   0x00000090   Code   RO          853    i.USART3_Init       usart.o
    0x08008610   0x00000024   Code   RO          854    i.USART3_Timeout    usart.o
    0x08008634   0x00000020   Code   RO         2537    i.USART3_sendchar   amy_net.o
    0x08008654   0x0000001a   Code   RO         2539    i.USART3_sendstring1  amy_net.o
    0x0800866e   0x00000002   Code   RO          855    i.USART4_Init       usart.o
    0x08008670   0x00000024   Code   RO          856    i.USART4_Timeout    usart.o
    0x08008694   0x00000090   Code   RO          857    i.USART5_Init       usart.o
    0x08008724   0x00000024   Code   RO          858    i.USART5_Timeout    usart.o
    0x08008748   0x00000020   Code   RO         1159    i.USART5_sendchar   ceshi.o
    0x08008768   0x0000005c   Code   RO          859    i.UartStruct_Init   usart.o
    0x080087c4   0x0000003c   Code   RO          860    i.Uart_Init         usart.o
    0x08008800   0x00000348   Code   RO         1703    i.Uploading_Pro     uploading_pro.o
    0x08008b48   0x000000c4   Code   RO         1704    i.Uploading_Send_F8  uploading_pro.o
    0x08008c0c   0x00000002   Code   RO          256    i.UsageFault_Handler  stm32f10x_it.o
    0x08008c0e   0x00000024   Code   RO          761    i.WD_Init           watchdog.o
    0x08008c32   0x00000002   PAD
    0x08008c34   0x00000054   Code   RO         2348    i.Write_Byte        tm1618.o
    0x08008c88   0x00000030   Code   RO         2349    i.Write_Cmd         tm1618.o
    0x08008cb8   0x00000054   Code   RO         2678    i.Write_Flash       flash.o
    0x08008d0c   0x000000d4   Code   RO         2680    i.Write_light_idip  flash.o
    0x08008de0   0x00000020   Code   RO         3548    i.__0printf         mc_w.l(printfa.o)
    0x08008e00   0x00000028   Code   RO         3550    i.__0sprintf        mc_w.l(printfa.o)
    0x08008e28   0x00000008   Code   RO         3627    i.__aeabi_errno_addr  mc_w.l(errno.o)
    0x08008e30   0x0000000e   Code   RO         3691    i.__scatterload_copy  mc_w.l(handlers.o)
    0x08008e3e   0x00000002   Code   RO         3692    i.__scatterload_null  mc_w.l(handlers.o)
    0x08008e40   0x0000000e   Code   RO         3693    i.__scatterload_zeroinit  mc_w.l(handlers.o)
    0x08008e4e   0x00000002   PAD
    0x08008e50   0x00000164   Code   RO         3555    i._fp_digits        mc_w.l(printfa.o)
    0x08008fb4   0x000006dc   Code   RO         3556    i._printf_core      mc_w.l(printfa.o)
    0x08009690   0x00000024   Code   RO         3557    i._printf_post_padding  mc_w.l(printfa.o)
    0x080096b4   0x0000002e   Code   RO         3558    i._printf_pre_padding  mc_w.l(printfa.o)
    0x080096e2   0x0000000a   Code   RO         3560    i._sputc            mc_w.l(printfa.o)
    0x080096ec   0x00000024   Code   RO         2210    i.ac_switch_IN      armchair.o
    0x08009710   0x00000030   Code   RO         2211    i.ac_switch_OUT     armchair.o
    0x08009740   0x00000014   Code   RO         2882    i.aes_decrypt       protool.o
    0x08009754   0x00000014   Code   RO         2883    i.aes_encrypt       protool.o
    0x08009768   0x0000006a   Code   RO         2441    i.amy_amy_please    2x1278.o
    0x080097d2   0x00000002   PAD
    0x080097d4   0x0000006c   Code   RO         2442    i.amy_config_please  2x1278.o
    0x08009840   0x00000124   Code   RO         2443    i.amy_config_send   2x1278.o
    0x08009964   0x0000013c   Code   RO         2444    i.amy_config_send_1  2x1278.o
    0x08009aa0   0x00000090   Code   RO         2725    i.amyack_send_pack  post_protocol.o
    0x08009b30   0x00000034   Code   RO         2545    i.amystate_send     amy_net.o
    0x08009b64   0x0000002c   Code   RO         2212    i.armchair_change_outIO  armchair.o
    0x08009b90   0x00000014   Code   RO         2213    i.armchair_io_state  armchair.o
    0x08009ba4   0x00000014   Code   RO         2214    i.armchair_io_state_1  armchair.o
    0x08009bb8   0x0000001e   Code   RO          337    i.asc2hex           basicfunc.o
    0x08009bd6   0x00000002   PAD
    0x08009bd8   0x00000248   Code   RO         1928    i.cdma_init         cdma.o
    0x08009e20   0x00000248   Code   RO         1930    i.cdma_open_GPRS    cdma.o
    0x0800a068   0x00000218   Code   RO         1825    i.cdma_or_nblot     qwl_net.o
    0x0800a280   0x0000005c   Code   RO         1826    i.cdma_or_nblot_setp_init  qwl_net.o
    0x0800a2dc   0x00000124   Code   RO         1931    i.cdma_reconnect    cdma.o
    0x0800a400   0x00000148   Code   RO         1932    i.cdma_send         cdma.o
    0x0800a548   0x00000034   Code   RO         1204    i.checktest         spi_flash.o
    0x0800a57c   0x0000002e   Code   RO          338    i.chk_LcdMode_chksum  basicfunc.o
    0x0800a5aa   0x0000004e   Code   RO          339    i.chk_post_chksum   basicfunc.o
    0x0800a5f8   0x0000000c   Code   RO         1933    i.clear_SystemBuf   cdma.o
    0x0800a604   0x00000024   Code   RO         1160    i.fputc             ceshi.o
    0x0800a628   0x00000050   Code   RO         3576    i.free              mc_w.l(malloc.o)
    0x0800a678   0x0000002c   Code   RO         1340    i.getPINFO          protocol.o
    0x0800a6a4   0x0000002c   Code   RO         1341    i.getPINFO_BC95     protocol.o
    0x0800a6d0   0x0000000e   Code   RO          340    i.hi_hex2asc        basicfunc.o
    0x0800a6de   0x00000010   Code   RO          341    i.low_hex2asc       basicfunc.o
    0x0800a6ee   0x00000002   PAD
    0x0800a6f0   0x0000004c   Code   RO            5    i.main              main.o
    0x0800a73c   0x0000006c   Code   RO         3577    i.malloc            mc_w.l(malloc.o)
    0x0800a7a8   0x000000b8   Code   RO         2815    i.mofanSDK          plugsdk.o
    0x0800a860   0x00000044   Code   RO         2005    i.nblot_TP_GPRS     nblot.o
    0x0800a8a4   0x00000530   Code   RO         2006    i.nblot_init        nblot.o
    0x0800add4   0x00000014   Code   RO         2007    i.nblot_init_0      nblot.o
    0x0800ade8   0x0000017c   Code   RO         2008    i.nblot_open_GPRS   nblot.o
    0x0800af64   0x00000038   Code   RO         2009    i.nblot_read        nblot.o
    0x0800af9c   0x00000058   Code   RO         2010    i.nblot_rec         nblot.o
    0x0800aff4   0x000000ec   Code   RO         2011    i.nblot_reconnect   nblot.o
    0x0800b0e0   0x00000100   Code   RO         2012    i.nblot_send        nblot.o
    0x0800b1e0   0x00000014   Code   RO         2153    i.net_data_send     protocol_send.o
    0x0800b1f4   0x00000010   Code   RO         2154    i.net_data_send_delay  protocol_send.o
    0x0800b204   0x00000018   Code   RO         2155    i.net_data_send_init  protocol_send.o
    0x0800b21c   0x0000003c   Code   RO         1827    i.net_rec           qwl_net.o
    0x0800b258   0x00000038   Code   RO         1828    i.net_send          qwl_net.o
    0x0800b290   0x000001b0   Code   RO         1829    i.net_state         qwl_net.o
    0x0800b440   0x000000fc   Code   RO         2884    i.popup             protool.o
    0x0800b53c   0x00000108   Code   RO         2728    i.post_group        post_protocol.o
    0x0800b644   0x000000ac   Code   RO         1705    i.process_00        uploading_pro.o
    0x0800b6f0   0x0000014c   Code   RO         1706    i.process_12        uploading_pro.o
    0x0800b83c   0x00000070   Code   RO         2156    i.process_F8        protocol_send.o
    0x0800b8ac   0x00000348   Code   RO         1707    i.process_fb        uploading_pro.o
    0x0800bbf4   0x00000060   Code   RO         2445    i.q2x1278_check_send  2x1278.o
    0x0800bc54   0x0000002c   Code   RO         2447    i.q2x1278_init      2x1278.o
    0x0800bc80   0x000000e0   Code   RO         2448    i.q2x1278_plc_send  2x1278.o
    0x0800bd60   0x000000dc   Code   RO         2449    i.q2x1278_rec_cofig  2x1278.o
    0x0800be3c   0x00000024   Code   RO         1830    i.qwl_net_init      qwl_net.o
    0x0800be60   0x00000028   Code   RO         1831    i.qwl_net_s_deal    qwl_net.o
    0x0800be88   0x00000004   Code   RO         1832    i.qwl_net_sendchar  qwl_net.o
    0x0800be8c   0x00000022   Code   RO         1833    i.qwl_net_sendstring  qwl_net.o
    0x0800beae   0x00000014   Code   RO         1834    i.qwl_net_sendstring1  qwl_net.o
    0x0800bec2   0x00000004   Code   RO         1161    i.qwl_sendchar      ceshi.o
    0x0800bec6   0x00000022   Code   RO         1162    i.qwl_sendstring    ceshi.o
    0x0800bee8   0x00000014   Code   RO         1163    i.qwl_sendstring1   ceshi.o
    0x0800befc   0x0000002c   Code   RO         1206    i.rdsr              spi_flash.o
    0x0800bf28   0x00000030   Code   RO         2218    i.slot_machines_data_send  armchair.o
    0x0800bf58   0x00000042   Code   RO         2793    i.strsearch         algorithm.o
    0x0800bf9a   0x00000002   PAD
    0x0800bf9c   0x0000004c   Code   RO         1934    i.strsearch_h       cdma.o
    0x0800bfe8   0x00000046   Code   RO         2794    i.strsearch_qwl     algorithm.o
    0x0800c02e   0x00000002   PAD
    0x0800c030   0x00000010   Code   RO         3025    i.swapInt16         mf_common.o
    0x0800c040   0x00000010   Code   RO         3026    i.swapInt32         mf_common.o
    0x0800c050   0x00000018   Code   RO          342    i.twoascii2byte     basicfunc.o
    0x0800c068   0x00000044   Code   RO         1208    i.unlock            spi_flash.o
    0x0800c0ac   0x00000074   Code   RO         2157    i.upload_link_send  protocol_send.o
    0x0800c120   0x000000c4   Code   RO         1835    i.usart_init        qwl_net.o
    0x0800c1e4   0x00000028   Code   RO         1209    i.wdis              spi_flash.o
    0x0800c20c   0x00000024   Code   RO         1210    i.wen               spi_flash.o
    0x0800c230   0x00000428   Code   RO         2219    i.wg_rec_deal       armchair.o
    0x0800c658   0x00000028   Code   RO         1211    i.wip               spi_flash.o
    0x0800c680   0x00000064   Code   RO         1212    i.wsr               spi_flash.o
    0x0800c6e4   0x000000a0   Code   RO         2220    i.zd_rec_deal       armchair.o
    0x0800c784   0x00000080   Data   RO         1343    .constdata          protocol.o
    0x0800c804   0x00000018   Data   RO         1837    .constdata          qwl_net.o
    0x0800c81c   0x00000100   Data   RO         2730    .constdata          post_protocol.o
    0x0800c91c   0x00000081   Data   RO         3656    .constdata          mc_w.l(ctype_o.o)
    0x0800c99d   0x00000003   PAD
    0x0800c9a0   0x00000004   Data   RO         3657    .constdata          mc_w.l(ctype_o.o)
    0x0800c9a4   0x00000048   Data   RO         2886    .conststring        protool.o
    0x0800c9ec   0x00000020   Data   RO         3689    Region$$Table       anon$$obj.o


    Execution Region RW_IRAM1 (Base: 0x20000000, Size: 0x00009ee8, Max: 0x0000c000, ABSOLUTE, COMPRESSED[0x0000025c])

    Base Addr    Size         Type   Attr      Idx    E Section Name        Object

    0x20000000   0x00000001   Data   RW            6    .data               main.o
    0x20000001   0x00000001   Data   RW          440    .data               data.o
    0x20000002   0x00000001   Data   RW          441    .data               data.o
    0x20000003   0x00000001   PAD
    0x20000004   0x00000008   Data   RW          460    .data               lowprcisiontime.o
    0x2000000c   0x00000004   Data   RW          762    .data               watchdog.o
    0x20000010   0x000000bc   Data   RW          862    .data               usart.o
    0x200000cc   0x00000012   Data   RW         1061    .data               iap_updata.o
    0x200000de   0x00000003   Data   RW         1214    .data               spi_flash.o
    0x200000e1   0x00000001   Data   RW         1345    .data               protocol.o
    0x200000e2   0x00000002   PAD
    0x200000e4   0x00000004   Data   RW         1491    .data               protocol_debug.o
    0x200000e8   0x00000004   Data   RW         1527    .data               protocol_wcdma.o
    0x200000ec   0x00000004   Data   RW         1567    .data               protocol_msg.o
    0x200000f0   0x00000001   Data   RW         1612    .data               postproda.o
    0x200000f1   0x00000001   Data   RW         1795    .data               download_pro.o
    0x200000f2   0x00000017   Data   RW         1839    .data               qwl_net.o
    0x20000109   0x00000001   Data   RW         1840    .data               qwl_net.o
    0x2000010a   0x00000016   Data   RW         1841    .data               qwl_net.o
    0x20000120   0x0000006b   Data   RW         1936    .data               cdma.o
    0x2000018b   0x00000016   Data   RW         1938    .data               cdma.o
    0x200001a1   0x00000128   Data   RW         2018    .data               nblot.o
    0x200002c9   0x00000047   Data   RW         2077    .data               m6312.o
    0x20000310   0x00000074   Data   RW         2115    .data               g510.o
    0x20000384   0x00000005   Data   RW         2159    .data               protocol_send.o
    0x20000389   0x00000001   PAD
    0x2000038a   0x0000001a   Data   RW         2223    .data               armchair.o
    0x200003a4   0x00000001   Data   RW         2227    .data               armchair.o
    0x200003a5   0x00000001   Data   RW         2229    .data               armchair.o
    0x200003a6   0x00000004   Data   RW         2357    .data               tm1618.o
    0x200003aa   0x00000001   Data   RW         2358    .data               tm1618.o
    0x200003ab   0x00000001   PAD
    0x200003ac   0x0000000a   Data   RW         2454    .data               2x1278.o
    0x200003b6   0x00000001   Data   RW         2455    .data               2x1278.o
    0x200003b7   0x00000001   PAD
    0x200003b8   0x00000014   Data   RW         2557    .data               amy_net.o
    0x200003cc   0x00000001   Data   RW         2559    .data               amy_net.o
    0x200003cd   0x00000003   Data   RW         2561    .data               amy_net.o
    0x200003d0   0x00000008   Data   RW         2682    .data               flash.o
    0x200003d8   0x00000012   Data   RW         2731    .data               post_protocol.o
    0x200003ea   0x00000001   Data   RW         2817    .data               plugsdk.o
    0x200003eb   0x00000001   PAD
    0x200003ec   0x00000150   Data   RW         2887    .data               protool.o
    0x2000053c   0x00000001   Data   RW         3027    .data               mf_common.o
    0x2000053d   0x00000003   PAD
    0x20000540   0x00000014   Data   RW         3080    .data               STM32F10x_lib_HD.lib(system_stm32f10x.o)
    0x20000554   0x00000014   Data   RW         3255    .data               STM32F10x_lib_HD.lib(stm32f10x_rcc.o)
    0x20000568   0x00000004   Data   RW         3620    .data               mc_w.l(stdout.o)
    0x2000056c   0x00000004   Data   RW         3625    .data               mc_w.l(mvars.o)
    0x20000570   0x00000004   Data   RW         3626    .data               mc_w.l(mvars.o)
    0x20000574   0x00000004   Data   RW         3630    .data               mc_w.l(errno.o)
    0x20000578   0x00000046   Zero   RW          792    .bss                iap.o
    0x200005be   0x00000002   PAD
    0x200005c0   0x0000012c   Zero   RW          861    .bss                usart.o
    0x200006ec   0x00000064   Zero   RW         1342    .bss                protocol.o
    0x20000750   0x00000bd6   Zero   RW         1490    .bss                protocol_debug.o
    0x20001326   0x00000bd6   Zero   RW         1526    .bss                protocol_wcdma.o
    0x20001efc   0x00000bd6   Zero   RW         1566    .bss                protocol_msg.o
    0x20002ad2   0x00000400   Zero   RW         1836    .bss                qwl_net.o
    0x20002ed2   0x00000014   Zero   RW         1935    .bss                cdma.o
    0x20002ee6   0x0000157c   Zero   RW         2221    .bss                armchair.o
    0x20004462   0x00000010   Zero   RW         2222    .bss                armchair.o
    0x20004472   0x000001c8   Zero   RW         2451    .bss                2x1278.o
    0x2000463a   0x00000137   Zero   RW         2550    .bss                amy_net.o
    0x20004771   0x00000010   Zero   RW         2552    .bss                amy_net.o
    0x20004781   0x00000016   Zero   RW         2681    .bss                flash.o
    0x20004797   0x00000400   Zero   RW         2729    .bss                post_protocol.o
    0x20004b97   0x00004d50   Zero   RW         2885    .bss                protool.o
    0x200098e7   0x00000001   PAD
    0x200098e8   0x00000200   Zero   RW          317    HEAP                startup_stm32f10x_hd.o
    0x20009ae8   0x00000400   Zero   RW          316    STACK               startup_stm32f10x_hd.o


==============================================================================

Image component sizes


      Code (inc. data)   RO Data    RW Data    ZI Data      Debug   Object Name

      1458        262          0         11        456       8635   2x1278.o
       136          0          0          0          0       1988   algorithm.o
       110         20          0         24        327       4490   amy_net.o
       266         16          0          0          0      16801   api.o
      3064        706          0         28       5516      13140   armchair.o
       402          0          0          0          0       8756   basicfunc.o
      2114        578          0        129         20       7777   cdma.o
       126         12          0          0          0       3102   ceshi.o
         0          0          0          2          0        307   data.o
       304         12          0          0          0       4313   download.o
       490         52          0          1          0       3904   download_pro.o
      1564        376          0          8         22       4579   flash.o
      2120        616          0        116          0       5590   g510.o
        38          0          0          0          0       1036   gpiomap.o
       140         16          0          0         70       2366   iap.o
      1274        132          0         18          0      25312   iap_updata.o
        36          8          0          0          0        443   led.o
       444         40          0          8          0       6138   lowprcisiontime.o
      1776        546          0         71          0       4383   m6312.o
       174         14          0          1          0     290417   main.o
        32          8          0          1          0       1259   mf_common.o
      2432        764          0        296          0       7697   nblot.o
       284         64          0          1          0       5839   plugsdk.o
       500         26        256         18       1024       4216   post_protocol.o
       604         24          0          1          0       8677   postproda.o
      2234        128        128          1        100      20164   protocol.o
       428         56          0          4       3030       3386   protocol_debug.o
       468         56          0          4       3030       3408   protocol_msg.o
       288         62          0          5          0       4171   protocol_send.o
       556         70          0          4       3030       4120   protocol_wcdma.o
        48          0          0          0          0       1051   protocolreccallback.o
      3712       1100         72        336      19792      19891   protool.o
      1738        370         24         46       1024      10953   qwl_net.o
       978        114          0          3          0       8433   spi_flash.o
        36          8        304          0       1536        832   startup_stm32f10x_hd.o
        20          0          0          0          0       3938   stm32f10x_it.o
       492         36          0          5          0       4853   tm1618.o
      2980        820          0          0          0       8343   uploading_pro.o
      2828        256          0        188        300      23624   usart.o
        52          6          0          4          0       1928   watchdog.o

    ----------------------------------------------------------------------
     36788       7374        816       1344      39280     560260   Object Totals
         0          0         32          0          0          0   (incl. Generated)
        42          0          0         10          3          0   (incl. Padding)

    ----------------------------------------------------------------------

      Code (inc. data)   RO Data    RW Data    ZI Data      Debug   Library Member Name

        32          0          0          0          0        404   core_cm3.o
       224         20          0          0          0       1833   misc.o
       596          8          0          0          0       3647   stm32f10x_dma.o
      1508         38          0          0          0       8230   stm32f10x_flash.o
       840         38          0          0          0       5713   stm32f10x_gpio.o
        64          6          0          0          0       1281   stm32f10x_iwdg.o
       912         32          0         20          0       8832   stm32f10x_rcc.o
       780         14          0          0          0       6650   stm32f10x_spi.o
      3174         74          0          0          0      22224   stm32f10x_tim.o
      1032         20          0          0          0       8468   stm32f10x_usart.o
       444         32          0         20          0     274099   system_stm32f10x.o
        86          0          0          0          0          0   __dczerorl2.o
        28          0          0          0          0         68   _chval.o
       158          0          0          0          0         92   _strtoul.o
        26          0          0          0          0         80   atoi.o
         8          4        133          0          0         68   ctype_o.o
         0          0          0          0          0          0   entry.o
         0          0          0          0          0          0   entry10a.o
         0          0          0          0          0          0   entry11a.o
         8          4          0          0          0          0   entry2.o
         4          0          0          0          0          0   entry5.o
         0          0          0          0          0          0   entry7b.o
         0          0          0          0          0          0   entry8b.o
         8          4          0          0          0          0   entry9a.o
         8          4          0          4          0         68   errno.o
        30          0          0          0          0          0   handlers.o
        36          8          0          0          0         68   init.o
         0          0          0          0          0          0   iusefp.o
        30          0          0          0          0         68   llshl.o
        36          0          0          0          0         68   llsshr.o
        32          0          0          0          0         68   llushr.o
       188         20          0          0          0        160   malloc.o
        36          0          0          0          0         68   memcpya.o
        36          0          0          0          0        108   memseta.o
         0          0          0          8          0          0   mvars.o
      2276         96          0          0          0        596   printfa.o
         0          0          0          4          0          0   stdout.o
        14          0          0          0          0         68   strlen.o
       112          0          0          0          0         88   strtol.o
        44          0          0          0          0         80   uidiv.o
        98          0          0          0          0         92   uldiv.o
        48          0          0          0          0         68   cdrcmple.o
       334          0          0          0          0        148   dadd.o
       222          0          0          0          0        100   ddiv.o
       186          0          0          0          0        176   depilogue.o
        48          0          0          0          0         68   dfixul.o
       228          0          0          0          0         96   dmul.o

    ----------------------------------------------------------------------
     13984        422        136         56          0     343945   Library Totals
        10          0          3          0          0          0   (incl. Padding)

    ----------------------------------------------------------------------

      Code (inc. data)   RO Data    RW Data    ZI Data      Debug   Library Name

      9606        282          0         40          0     341381   STM32F10x_lib_HD.lib
      3302        140        133         16          0       1908   mc_w.l
      1066          0          0          0          0        656   mf_w.l

    ----------------------------------------------------------------------
     13984        422        136         56          0     343945   Library Totals

    ----------------------------------------------------------------------

==============================================================================


      Code (inc. data)   RO Data    RW Data    ZI Data      Debug   

     50772       7796        952       1400      39280     885193   Grand Totals
     50772       7796        952        604      39280     885193   ELF Image Totals (compressed)
     50772       7796        952        604          0          0   ROM Totals

==============================================================================

    Total RO  Size (Code + RO Data)                51724 (  50.51kB)
    Total RW  Size (RW Data + ZI Data)             40680 (  39.73kB)
    Total ROM Size (Code + RO Data + RW Data)      52328 (  51.10kB)

==============================================================================

