<html>
<body>
<pre>
<h1>礦ision Build Log</h1>
<h2>Project:</h2>
F:\魔豆科技\按摩椅\比较贵按摩椅\按摩椅程序\按摩椅远程升级20171018增加平台配置轮询功能\Project\amy.uvproj
Project File Date:  10/18/2017

<h2>Output:</h2>
Build target 'STM32_Flash'
linking...
.\Obj_Flash\armchar3_0_2.axf: Error: L6218E: Undefined symbol M6312_init (referred from qwl_net.o).
Not enough information to list image symbols.
Finished: 1 information, 0 warning and 1 error messages.
".\Obj_Flash\armchar3_0_2.axf" - 1 Error(s), 0 Warning(s).
Target not created
).
Target not created
_Flash.c...
..\BSP\SpiFlash\Spi_Flash.c(496): warning:  #550-D: variable "byu1" was set but never used
        char byu1,byu2;
..\BSP\SpiFlash\Spi_Flash.c(496): warning:  #550-D: variable "byu2" was set but never used
        char byu1,byu2;
..\BSP\SpiFlash\Spi_Flash.c: 2 warnings, 0 errors
compiling Protocol.c...
compiling ProtocolRecCallBack.c...
compiling Protocol_Debug.c...
compiling Protocol_wcdma.c...
compiling Protocol_MSG.c...
compiling PostProDa.c...
compiling Uploading_Pro.c...
..\Protocol\PostProDa\Uploading_Pro.c(26): warning:  #177-D: variable "Cmd" was declared but never referenced
  {     uchar  Cmd = DaPtr[4];
..\Protocol\PostProDa\Uploading_Pro.c: 1 warning, 0 errors
compiling DownLoad.c...
compiling DownLoad_Pro.c...
compiling qwl_net.c...
compiling cdma.c...
compiling nblot.c...
compiling Protocol_send.c...
compiling armchair.c...
compiling TM1618.c...
compiling 2x1278.c...
compiling amy_net.c...
compiling flash.c...
compiling post_protocol.c...
compiling algorithm.c...
linking...
Program Size: Code=45372 RO-data=776 RW-data=816 ZI-data=19496  
FromELF: creating hex file...
After Build - User command #1: D:\360data\Keil_v5\ARM\ARMCC\bin\fromelf.exe --bin .\Obj_Flash\armchar3_0_2.axf --output .\bin\armchar3_0_2.bin
".\Obj_Flash\armchar3_0_2.axf" - 0 Error(s), 3 Warning(s).
 3.303V
State of Pins: 
TCK: 0, TDI: 1, TDO: 0, TMS: 0, TRES: 1, TRST: 1
Hardware-Breakpoints: 6
Software-Breakpoints: 8192
Watchpoints:          4
JTAG speed: 2000 kHz
 
Erase Done.
Programming Done.
Verify OK.
Application running ...
.
