<html>
<body>
<pre>
<h1>礦ision Build Log</h1>
<h2>Tool Versions:</h2>
IDE-Version: μVision V5.20.0.0
Copyright (C) 2016 ARM Ltd and ARM Germany GmbH. All rights reserved.
License Information: pxc Microsoft, Microsoft, LIC=SDAY8-3KA9U-TFMI4-F40MS-D7AG5-TBRTT
 
Tool Versions:
Toolchain:       MDK-ARM Plus  Version: 5.20
Toolchain Path:  D:\Keil_v5\ARM\ARMCC\Bin
C Compiler:      Armcc.exe V5.06 update 2 (build 183)
Assembler:       Armasm.exe V5.06 update 2 (build 183)
Linker/Locator:  ArmLink.exe V5.06 update 2 (build 183)
Library Manager: ArmAr.exe V5.06 update 2 (build 183)
Hex Converter:   FromElf.exe V5.06 update 2 (build 183)
CPU DLL:         SARMCM3.DLL V5.20
Dialog DLL:      DCM.DLL V1.13.7.0
Target DLL:      STLink\ST-LINKIII-KEIL_SWO.dll V2.0.18.0
Dialog DLL:      TCM.DLL V1.14.9.0
 
<h2>Project:</h2>
D:\pxc-work\按摩椅远程升级20180126修改投币机拉低时间\Project\amy.uvprojx
Project File Date:  04/10/2018

<h2>Output:</h2>
*** Using Compiler 'V5.06 update 2 (build 183)', folder: 'D:\Keil_v5\ARM\ARMCC\Bin'
Build target 'STM32_Flash'
compiling Protool.c...
..\mofangSDK\PlugSdk.h(21): warning:  #1295-D: Deprecated declaration mofanSDK - give arg types
  extern int mofanSDK();
..\mofangSDK\Protool.c(51): warning:  #1295-D: Deprecated declaration RegistServer - give arg types
  static int RegistServer();
..\mofangSDK\Protool.c(125): warning:  #167-D: argument of type "u8 *" is incompatible with parameter of type "char *"
  			push(MF_recv_buf,Rx_count);
..\mofangSDK\Protool.c(190): warning:  #940-D: missing return statement at end of non-void function "SendData"
  }
..\mofangSDK\Protool.c(208): warning:  #223-D: function "swapInt16" declared implicitly
  	pk_head.magic = swapInt16(DX_MAGIC_HEAD);
..\mofangSDK\Protool.c(260): warning:  #223-D: function "swapInt16" declared implicitly
  	dlen2 = swapInt16(dlen2);
..\mofangSDK\Protool.c(346): warning:  #223-D: function "swapInt16" declared implicitly
  	dlen2=swapInt16(dlen2);
..\mofangSDK\Protool.c(286): warning:  #550-D: variable "ret" was set but never used
  	int   ret;
..\mofangSDK\Protool.c(365): warning:  #223-D: function "RecErrCB" declared implicitly
  		RecErrCB(errid_regist);
..\mofangSDK\Protool.c(368): warning:  #940-D: missing return statement at end of non-void function "MF_Login_Connect"
  }
..\mofangSDK\Protool.c(379): warning:  #223-D: function "RecErrCB" declared implicitly
  		RecErrCB(errid_regist);
..\mofangSDK\Protool.c(372): warning:  #177-D: variable "i" was declared but never referenced
  	int i =0,j=0;
..\mofangSDK\Protool.c(372): warning:  #177-D: variable "j" was declared but never referenced
  	int i =0,j=0;
..\mofangSDK\Protool.c(557): warning:  #223-D: function "swapInt16" declared implicitly
  	dlen2 = swapInt16(dlen2);
..\mofangSDK\Protool.c(572): warning:  #550-D: variable "regist_port" was set but never used
  	int regist_port,ret;
..\mofangSDK\Protool.c(572): warning:  #177-D: variable "ret" was declared but never referenced
  	int regist_port,ret;
..\mofangSDK\Protool.c(648): warning:  #223-D: function "swapInt16" declared implicitly
  			if((*phead).magic == swapInt16(DX_MAGIC_HEAD))
..\mofangSDK\Protool.c(638): warning:  #177-D: variable "j" was declared but never referenced
  	int j =0;
..\mofangSDK\Protool.c(712): warning:  #177-D: variable "size" was declared but never referenced
  	int size = 1022;
..\mofangSDK\Protool.c(794): warning:  #223-D: function "swapInt16" declared implicitly
  	errcode = swapInt16(errcode);
..\mofangSDK\Protool.c(951): warning:  #223-D: function "swapInt16" declared implicitly
  					printf("optlen %d,code or radom %d\n",dhead.optLength,swapInt16(errerno));
..\mofangSDK\Protool.c(970): warning:  #223-D: function "swapInt16" declared implicitly
  					mLoginPort = swapInt16(regist_res->port);
..\mofangSDK\Protool.c(1002): warning:  #223-D: function "swapInt16" declared implicitly
  					mHeartInterval = swapInt16(longin_res->heartbeat);
..\mofangSDK\Protool.c(1048): warning:  #111-D: statement is unreachable
  			break;
..\mofangSDK\Protool.c(1065): warning:  #940-D: missing return statement at end of non-void function "NewTcpServer"
  }
..\mofangSDK\Protool.c(1057): warning:  #550-D: variable "ret" was set but never used
  	u8 ret;
..\mofangSDK\Protool.c(1089): warning:  #225-D: the format string ends before this argument
  			sprintf(senddata,"{\"KEY\":0}",(int)curtime);
..\mofangSDK\Protool.c(1114): warning:  #223-D: function "swapInt32" declared implicitly
  	optdata.timestamp = swapInt32(curtime);
..\mofangSDK\Protool.c(1130): warning:  #940-D: missing return statement at end of non-void function "MF_Get_time"
  }
..\mofangSDK\Protool.c(114): warning:  #177-D: variable "ret_pos" was declared but never referenced
  static int ret_pos; 
..\mofangSDK\Protool.c: 30 warnings, 0 errors
linking...
Program Size: Code=50772 RO-data=952 RW-data=1400 ZI-data=39280  
FromELF: creating hex file...
".\Obj_Flash\armchar3_77.axf" - 0 Error(s), 30 Warning(s).

<h2>Collection of Component include folders:</h2>
  D:\pxc-work\按摩椅远程升级20180126修改投币机拉低时间\Project\RTE
  D:\Keil_v5\ARM\PACK\Keil\STM32F1xx_DFP\2.2.0\Device\Include

<h2>Collection of Component Files used:</h2>
Build Time Elapsed:  00:00:03
</pre>
</body>
</html>
