<html>
<body>
<pre>
<h1>礦ision Build Log</h1>
<h2>Project:</h2>
F:\魔豆科技\按摩椅\比较贵按摩椅\按摩椅程序\按摩椅远程升级20171206_1加入加快反映的数据发送\Project\amy.uvproj
Project File Date:  12/06/2017

<h2>Output:</h2>
Build target 'STM32_Flash'
linking...
Program Size: Code=51496 RO-data=776 RW-data=1020 ZI-data=19500  
FromELF: creating hex file...
After Build - User command #1: C:\Keil_v5\ARM\ARMCC\bin\fromelf.exe --bin .\Obj_Flash\armchar3_73.axf --output .\bin\armchar3_73.bin
".\Obj_Flash\armchar3_73.axf" - 0 Error(s), 0 Warning(s).
</pre>
</body>
</html>
c...
..\BSP\SpiFlash\Spi_Flash.c(496): warning:  #550-D: variable "byu1" was set but never used
        char byu1,byu2;
..\BSP\SpiFlash\Spi_Flash.c(496): warning:  #550-D: variable "byu2" was set but never used
        char byu1,byu2;
..\BSP\SpiFlash\Spi_Flash.c: 2 warnings, 0 errors
compiling Protocol.c...
compiling ProtocolRecCallBack.c...
compiling Protocol_Debug.c...
compiling Protocol_wcdma.c...
compiling Protocol_MSG.c...
compiling PostProDa.c...
compiling Uploading_Pro.c...
..\Protocol\PostProDa\Uploading_Pro.c(26): warning:  #177-D: variable "Cmd" was declared but never referenced
  {     uchar  Cmd = DaPtr[4];
..\Protocol\PostProDa\Uploading_Pro.c: 1 warning, 0 errors
compiling DownLoad.c...
compiling DownLoad_Pro.c...
compiling qwl_net.c...
compiling cdma.c...
compiling nblot.c...
compiling M6312.c...
compiling g510.c...
compiling Protocol_send.c...
compiling armchair.c...
compiling TM1618.c...
compiling 2x1278.c...
compiling amy_net.c...
compiling flash.c...
compiling post_protocol.c...
compiling algorithm.c...
linking...
Program Size: Code=51496 RO-data=776 RW-data=1020 ZI-data=19500  
FromELF: creating hex file...
After Build - User command #1: C:\Keil_v5\ARM\ARMCC\bin\fromelf.exe --bin .\Obj_Flash\armchar3_72.axf --output .\bin\armchar3_72.bin
".\Obj_Flash\armchar3_72.axf" - 0 Error(s), 3 Warning(s).
