Product: MDK-ARM Professional 5.10
Component: ARM Compiler 5.04 update 1 (build 49)
Tool: armlink [5040049]

==============================================================================

Section Cross References

    main.o(i.InitChip) refers to system_stm32f10x.o(.text) for SystemInit
    main.o(i.InitChip) refers to misc.o(.text) for NVIC_SetVectorTable
    main.o(i.InitHardWare) refers to main.o(i.InitChip) for InitChip
    main.o(i.InitHardWare) refers to api.o(i.API_Led_Init) for API_Led_Init
    main.o(i.InitHardWare) refers to api.o(i.API_Armchair_IO_Init) for API_Armchair_IO_Init
    main.o(i.InitHardWare) refers to api.o(i.API_SPI_Flash_Init) for API_SPI_Flash_Init
    main.o(i.InitHardWare) refers to api.o(i.API_Protocols_Init) for API_Protocols_Init
    main.o(i.InitHardWare) refers to api.o(i.API_Timers_Init) for API_Timers_Init
    main.o(i.InitSoftSystem) refers to api.o(i.API_SetTimer) for API_SetTimer
    main.o(i.InitSoftSystem) refers to api.o(i.API_qwl_net_init) for API_qwl_net_init
    main.o(i.InitSoftSystem) refers to api.o(i.API_net_data_send_init) for API_net_data_send_init
    main.o(i.InitSoftSystem) refers to api.o(i.API_StartRunTimer) for API_StartRunTimer
    main.o(i.InitSoftSystem) refers to api.o(i.API_Armchair_Init) for API_Armchair_Init
    main.o(i.InitSoftSystem) refers to api.o(i.API_Select_Program_run) for API_Select_Program_run
    main.o(i.TimingDelay_Decrement) refers to main.o(.data) for .data
    main.o(i.main) refers to main.o(i.InitHardWare) for InitHardWare
    main.o(i.main) refers to main.o(i.InitSoftSystem) for InitSoftSystem
    main.o(i.main) refers to api.o(i.API_Check_Run_User_Program_Falg) for API_Check_Run_User_Program_Falg
    main.o(i.main) refers to api.o(i.API_WatchDog_Feed) for API_WatchDog_Feed
    main.o(i.main) refers to lowprcisiontime.o(i.DoTimer) for DoTimer
    main.o(i.main) refers to api.o(i.API_DoProtocols) for API_DoProtocols
    main.o(i.main) refers to api.o(i.API_net_state) for API_net_state
    main.o(i.main) refers to api.o(i.API_net_data_send) for API_net_data_send
    main.o(i.main) refers to api.o(i.API_ARMCHAIR_DEAL) for API_ARMCHAIR_DEAL
    stm32f10x_it.o(i.SysTick_Handler) refers to main.o(i.TimingDelay_Decrement) for TimingDelay_Decrement
    startup_stm32f10x_hd.o(RESET) refers to startup_stm32f10x_hd.o(STACK) for __initial_sp
    startup_stm32f10x_hd.o(RESET) refers to startup_stm32f10x_hd.o(.text) for Reset_Handler
    startup_stm32f10x_hd.o(RESET) refers to stm32f10x_it.o(i.NMI_Handler) for NMI_Handler
    startup_stm32f10x_hd.o(RESET) refers to stm32f10x_it.o(i.HardFault_Handler) for HardFault_Handler
    startup_stm32f10x_hd.o(RESET) refers to stm32f10x_it.o(i.MemManage_Handler) for MemManage_Handler
    startup_stm32f10x_hd.o(RESET) refers to stm32f10x_it.o(i.BusFault_Handler) for BusFault_Handler
    startup_stm32f10x_hd.o(RESET) refers to stm32f10x_it.o(i.UsageFault_Handler) for UsageFault_Handler
    startup_stm32f10x_hd.o(RESET) refers to stm32f10x_it.o(i.SVC_Handler) for SVC_Handler
    startup_stm32f10x_hd.o(RESET) refers to stm32f10x_it.o(i.DebugMon_Handler) for DebugMon_Handler
    startup_stm32f10x_hd.o(RESET) refers to stm32f10x_it.o(i.PendSV_Handler) for PendSV_Handler
    startup_stm32f10x_hd.o(RESET) refers to stm32f10x_it.o(i.SysTick_Handler) for SysTick_Handler
    startup_stm32f10x_hd.o(RESET) refers to usart.o(i.DMA1_Channel3_IRQHandler) for DMA1_Channel3_IRQHandler
    startup_stm32f10x_hd.o(RESET) refers to usart.o(i.DMA1_Channel5_IRQHandler) for DMA1_Channel5_IRQHandler
    startup_stm32f10x_hd.o(RESET) refers to usart.o(i.DMA1_Channel6_IRQHandler) for DMA1_Channel6_IRQHandler
    startup_stm32f10x_hd.o(RESET) refers to usart.o(i.USART1_IRQHandler) for USART1_IRQHandler
    startup_stm32f10x_hd.o(RESET) refers to usart.o(i.USART2_IRQHandler) for USART2_IRQHandler
    startup_stm32f10x_hd.o(RESET) refers to usart.o(i.USART3_IRQHandler) for USART3_IRQHandler
    startup_stm32f10x_hd.o(RESET) refers to lowprcisiontime.o(i.TIM5_IRQHandler) for TIM5_IRQHandler
    startup_stm32f10x_hd.o(RESET) refers to usart.o(i.UART4_IRQHandler) for UART4_IRQHandler
    startup_stm32f10x_hd.o(RESET) refers to usart.o(i.UART5_IRQHandler) for UART5_IRQHandler
    startup_stm32f10x_hd.o(RESET) refers to usart.o(i.DMA2_Channel3_IRQHandler) for DMA2_Channel3_IRQHandler
    startup_stm32f10x_hd.o(.text) refers to system_stm32f10x.o(.text) for SystemInit
    startup_stm32f10x_hd.o(.text) refers to entry.o(.ARM.Collect$$$$00000000) for __main
    basicfunc.o(i.AscTOHex) refers to basicfunc.o(i.asc2hex) for asc2hex
    basicfunc.o(i.AscToHexFun) refers to basicfunc.o(i.AscTOHex) for AscTOHex
    basicfunc.o(i.AscWord2Byte) refers to basicfunc.o(i.asc2hex) for asc2hex
    basicfunc.o(i.CS_Delay_10_uS) refers to basicfunc.o(i.Delay_2us) for Delay_2us
    basicfunc.o(i.Delay_MS) refers to api.o(i.API_WatchDog_Feed) for API_WatchDog_Feed
    basicfunc.o(i.Delay_MS) refers to basicfunc.o(i.CS_Delay_10_uS) for CS_Delay_10_uS
[...]
    __aeabi_uidiv                            0x0800a6d9   Thumb Code     0  uidiv.o(.text)
    __aeabi_uidivmod                         0x0800a6d9   Thumb Code    44  uidiv.o(.text)
    __aeabi_uldivmod                         0x0800a705   Thumb Code    98  uldiv.o(.text)
    __I$use$fp                               0x0800a767   Thumb Code     0  iusefp.o(.text)
    __aeabi_dadd                             0x0800a767   Thumb Code   322  dadd.o(.text)
    __aeabi_dsub                             0x0800a8a9   Thumb Code     6  dadd.o(.text)
    __aeabi_drsub                            0x0800a8af   Thumb Code     6  dadd.o(.text)
    __aeabi_dmul                             0x0800a8b5   Thumb Code   228  dmul.o(.text)
    __aeabi_ddiv                             0x0800a999   Thumb Code   222  ddiv.o(.text)
    __aeabi_d2ulz                            0x0800aa77   Thumb Code    48  dfixul.o(.text)
    __aeabi_cdrcmple                         0x0800aaa9   Thumb Code    38  cdrcmple.o(.text)
    __scatterload                            0x0800aad1   Thumb Code    28  init.o(.text)
    __scatterload_rt2                        0x0800aad1   Thumb Code     0  init.o(.text)
    __aeabi_llsl                             0x0800aaf5   Thumb Code    30  llshl.o(.text)
    _ll_shift_l                              0x0800aaf5   Thumb Code     0  llshl.o(.text)
    __aeabi_llsr                             0x0800ab13   Thumb Code    32  llushr.o(.text)
    _ll_ushift_r                             0x0800ab13   Thumb Code     0  llushr.o(.text)
    __aeabi_lasr                             0x0800ab33   Thumb Code    36  llsshr.o(.text)
    _ll_sshift_r                             0x0800ab33   Thumb Code     0  llsshr.o(.text)
    _double_round                            0x0800ab57   Thumb Code    26  depilogue.o(.text)
    _double_epilogue                         0x0800ab71   Thumb Code   156  depilogue.o(.text)
    __decompress                             0x0800ac0d   Thumb Code     0  __dczerorl2.o(.text)
    __decompress1                            0x0800ac0d   Thumb Code    86  __dczerorl2.o(.text)
    AMY_addr_please_set                      0x0800ac65   Thumb Code   312  uploading_pro.o(i.AMY_addr_please_set)
    API_ARMCHAIR_DEAL                        0x0800ae51   Thumb Code     4  api.o(i.API_ARMCHAIR_DEAL)
    API_ARMCHAIR_TIME                        0x0800ae55   Thumb Code     4  api.o(i.API_ARMCHAIR_TIME)
    API_AddProtocolBuffer                    0x0800ae59   Thumb Code     4  api.o(i.API_AddProtocolBuffer)
    API_Armchair_IO_Init                     0x0800ae5d   Thumb Code     4  api.o(i.API_Armchair_IO_Init)
    API_Armchair_Init                        0x0800ae61   Thumb Code     4  api.o(i.API_Armchair_Init)
    API_Check_Run_User_Program_Falg          0x0800ae65   Thumb Code     4  api.o(i.API_Check_Run_User_Program_Falg)
    API_DoProtocols                          0x0800ae69   Thumb Code     4  api.o(i.API_DoProtocols)
    API_GetProtocolBufferOrLen               0x0800ae6d   Thumb Code     4  api.o(i.API_GetProtocolBufferOrLen)
    API_Get_Iap_Config                       0x0800ae71   Thumb Code     4  api.o(i.API_Get_Iap_Config)
    API_IAP_Update_End                       0x0800ae75   Thumb Code     4  api.o(i.API_IAP_Update_End)
    API_IAP_Update_Start                     0x0800ae79   Thumb Code     4  api.o(i.API_IAP_Update_Start)
    API_IAP_Update_Write                     0x0800ae7d   Thumb Code     4  api.o(i.API_IAP_Update_Write)
    API_KillTimer                            0x0800ae81   Thumb Code     4  api.o(i.API_KillTimer)
    API_Led_Init                             0x0800ae85   Thumb Code    10  api.o(i.API_Led_Init)
    API_Protocols_Init                       0x0800ae8f   Thumb Code    10  api.o(i.API_Protocols_Init)
    API_ResetProtocolBuffer                  0x0800ae99   Thumb Code     4  api.o(i.API_ResetProtocolBuffer)
    API_SPI_Flash_Init                       0x0800ae9d   Thumb Code    10  api.o(i.API_SPI_Flash_Init)
    API_Select_Program_run                   0x0800aea7   Thumb Code     4  api.o(i.API_Select_Program_run)
    API_SetComParameter                      0x0800aeab   Thumb Code    12  api.o(i.API_SetComParameter)
    API_SetTimer                             0x0800aeb7   Thumb Code    12  api.o(i.API_SetTimer)
    API_StartRunTimer                        0x0800aec3   Thumb Code    10  api.o(i.API_StartRunTimer)
    API_StartSendBuffer                      0x0800aecd   Thumb Code     4  api.o(i.API_StartSendBuffer)
    API_Timers_Init                          0x0800aed1   Thumb Code    10  api.o(i.API_Timers_Init)
    API_WatchDog_Feed                        0x0800aedb   Thumb Code     4  api.o(i.API_WatchDog_Feed)
    API_WatchDog_Init                        0x0800aedf   Thumb Code     4  api.o(i.API_WatchDog_Init)
    API_goto_iap                             0x0800aee3   Thumb Code     4  api.o(i.API_goto_iap)
    API_nblot_init_0                         0x0800aee7   Thumb Code     4  api.o(i.API_nblot_init_0)
    API_net_data_send                        0x0800aeed   Thumb Code    18  api.o(i.API_net_data_send)
    API_net_data_send_init                   0x0800af05   Thumb Code    28  api.o(i.API_net_data_send_init)
    API_net_rec                              0x0800af25   Thumb Code    10  api.o(i.API_net_rec)
    API_net_state                            0x0800af31   Thumb Code    14  api.o(i.API_net_state)
    API_qwl_net_init                         0x0800af45   Thumb Code    10  api.o(i.API_qwl_net_init)
    ARMCHAIR_DEAL                            0x0800af51   Thumb Code    40  armchair.o(i.ARMCHAIR_DEAL)
    ARMCHAIR_S_IQR                           0x0800af7d   Thumb Code   120  armchair.o(i.ARMCHAIR_S_IQR)
    ARMCHAIR_TIME                            0x0800b025   Thumb Code    52  armchair.o(i.ARMCHAIR_TIME)
    AddProtocolBuffer                        0x0800b065   Thumb Code   112  protocol.o(i.AddProtocolBuffer)
    Amy_Record_Store                         0x0800b0d9   Thumb Code   118  armchair.o(i.Amy_Record_Store)
    Armchair_IO_Init                         0x0800b189   Thumb Code    76  armchair.o(i.Armchair_IO_Init)
    Armchair_Init                            0x0800b1e5   Thumb Code    36  armchair.o(i.Armchair_Init)
    AscTOHex                                 0x0800b20d   Thumb Code    24  basicfunc.o(i.AscTOHex)
    AscToHexFun                              0x0800b225   Thumb Code    38  basicfunc.o(i.AscToHexFun)
    BusFault_Handler                         0x0800b24b   Thumb Code     2  stm32f10x_it.o(i.BusFault_Handler)
    CDMA_IO_Init                             0x0800b24d   Thumb Code    60  cdma.o(i.CDMA_IO_Init)
    CRC8_Table                               0x0800b28d   Thumb Code    28  post_protocol.o(i.CRC8_Table)
    CS_Delay_10_uS                           0x0800b2ad   Thumb Code    26  basicfunc.o(i.CS_Delay_10_uS)
    CheckNode                                0x0800b2c9   Thumb Code    22  lowprcisiontime.o(i.CheckNode)
    Check_Run_User_Program_Falg              0x0800b3d5   Thumb Code    20  iap_updata.o(i.Check_Run_User_Program_Falg)
    DMA1_Channel3_IRQHandler                 0x0800b3ed   Thumb Code     8  usart.o(i.DMA1_Channel3_IRQHandler)
    DMA1_Channel5_IRQHandler                 0x0800b3f9   Thumb Code     8  usart.o(i.DMA1_Channel5_IRQHandler)
    DMA1_Channel6_IRQHandler                 0x0800b405   Thumb Code     8  usart.o(i.DMA1_Channel6_IRQHandler)
    DMA2_Channel3_IRQHandler                 0x0800b411   Thumb Code     8  usart.o(i.DMA2_Channel3_IRQHandler)
    DMA_UART_Receive                         0x0800b41d   Thumb Code   204  usart.o(i.DMA_UART_Receive)
    DMA_UART_Receive_Process                 0x0800b4fd   Thumb Code   272  usart.o(i.DMA_UART_Receive_Process)
    DMA_USART_Timeout                        0x0800b61d   Thumb Code    72  usart.o(i.DMA_USART_Timeout)
    DMA_UsartConfiguration                   0x0800b679   Thumb Code   138  usart.o(i.DMA_UsartConfiguration)
    DMA_Usart_Init                           0x0800b70d   Thumb Code   164  usart.o(i.DMA_Usart_Init)
    DealPostPro                              0x0800b7bd   Thumb Code    20  postproda.o(i.DealPostPro)
    DealPostProtocol                         0x0800b7d1   Thumb Code   154  postproda.o(i.DealPostProtocol)
    DebugMon_Handler                         0x0800b875   Thumb Code     2  stm32f10x_it.o(i.DebugMon_Handler)
    DelTimer                                 0x0800b879   Thumb Code    68  lowprcisiontime.o(i.DelTimer)
    Delay_1us                                0x0800b8c1   Thumb Code    12  basicfunc.o(i.Delay_1us)
    Delay_2us                                0x0800b8cd   Thumb Code    12  basicfunc.o(i.Delay_2us)
    Delay_MS                                 0x0800b8d9   Thumb Code    32  basicfunc.o(i.Delay_MS)
    Delay_US_FALSH                           0x0800b8f9   Thumb Code    22  spi_flash.o(i.Delay_US_FALSH)
    Delay_uS                                 0x0800b90f   Thumb Code    18  basicfunc.o(i.Delay_uS)
    DoProtocolReceiveAnalysis                0x0800b949   Thumb Code    14  protocol.o(i.DoProtocolReceiveAnalysis)
    DoProtocolReceiveAnalysis_BC95           0x0800b959   Thumb Code   442  protocol.o(i.DoProtocolReceiveAnalysis_BC95)
    DoProtocolReceiveAnalysis_ZTE            0x0800bb21   Thumb Code   330  protocol.o(i.DoProtocolReceiveAnalysis_ZTE)
    DoProtocol_DMA_ReceiveAnalysis           0x0800bc71   Thumb Code   350  protocol.o(i.DoProtocol_DMA_ReceiveAnalysis)
    DoProtocols                              0x0800bdd5   Thumb Code    30  protocol.o(i.DoProtocols)
    DoTimer                                  0x0800bdf9   Thumb Code    82  lowprcisiontime.o(i.DoTimer)
    DownLoad_DealPro                         0x0800be51   Thumb Code    20  download.o(i.DownLoad_DealPro)
    DownLoad_DealProtocol                    0x0800be65   Thumb Code    82  download.o(i.DownLoad_DealProtocol)
    DownLoad_Pro                             0x0800bebd   Thumb Code    62  download_pro.o(i.DownLoad_Pro)
    DownLoad_SendByte                        0x0800bf09   Thumb Code    12  download.o(i.DownLoad_SendByte)
    DownLoad_SendChksum                      0x0800bf15   Thumb Code    82  download.o(i.DownLoad_SendChksum)
    DownLoad_SendHead                        0x0800bf67   Thumb Code    58  download.o(i.DownLoad_SendHead)
    DownLoad_SendTail                        0x0800bfa1   Thumb Code    44  download.o(i.DownLoad_SendTail)
    EnableCom                                0x0800bfcd   Thumb Code    32  usart.o(i.EnableCom)
    FlashReadID                              0x0800bfed   Thumb Code    62  spi_flash.o(i.FlashReadID)
    G510_init                                0x0800c035   Thumb Code   414  g510.o(i.G510_init)
    G510_open_GPRS                           0x0800c285   Thumb Code   382  g510.o(i.G510_open_GPRS)
    G510_reconnect                           0x0800c4e5   Thumb Code   190  g510.o(i.G510_reconnect)
    G510_send                                0x0800c621   Thumb Code   252  g510.o(i.G510_send)
    GATEWAY_heart_link                       0x0800c72d   Thumb Code   148  amy_net.o(i.GATEWAY_heart_link)
    GATEWAY_heart_send                       0x0800c7e1   Thumb Code   122  amy_net.o(i.GATEWAY_heart_send)
    GATEWAY_heart_send_pack                  0x0800c895   Thumb Code   114  post_protocol.o(i.GATEWAY_heart_send_pack)
    GATEWAY_peizhi_pack                      0x0800c921   Thumb Code    54  post_protocol.o(i.GATEWAY_peizhi_pack)
    GATEWAY_send                             0x0800c95d   Thumb Code    18  amy_net.o(i.GATEWAY_send)
    GSM_RESET                                0x0800c971   Thumb Code    76  cdma.o(i.GSM_RESET)
    GetProtocolBufferOrLen                   0x0800c9c1   Thumb Code    42  protocol.o(i.GetProtocolBufferOrLen)
    GetProtocolResource                      0x0800c9f1   Thumb Code    22  protocol.o(i.GetProtocolResource)
    GetUartStructBaseFunction                0x0800ca0d   Thumb Code    16  usart.o(i.GetUartStructBaseFunction)
    GetUtProtocolResource                    0x0800ca21   Thumb Code    24  usart.o(i.GetUtProtocolResource)
    Get_Iap_Config                           0x0800ca3d   Thumb Code    52  iap.o(i.Get_Iap_Config)
    Get_Usart_Function                       0x0800ca79   Thumb Code    22  usart.o(i.Get_Usart_Function)
    Gpio_Init                                0x0800ca95   Thumb Code    38  gpiomap.o(i.Gpio_Init)
    HardFault_Handler                        0x0800cabb   Thumb Code     2  stm32f10x_it.o(i.HardFault_Handler)
    IAP_ReStart                              0x0800cabd   Thumb Code    44  iap_updata.o(i.IAP_ReStart)
    IAP_Update_End                           0x0800caf5   Thumb Code    86  iap_updata.o(i.IAP_Update_End)
    IAP_Update_Start                         0x0800cb61   Thumb Code    80  iap_updata.o(i.IAP_Update_Start)
    IAP_Update_Write                         0x0800cbb9   Thumb Code   468  iap_updata.o(i.IAP_Update_Write)
    InitChip                                 0x0800cdb5   Thumb Code    20  main.o(i.InitChip)
    InitHardWare                             0x0800cdc9   Thumb Code    30  main.o(i.InitHardWare)
    InitSoftSystem                           0x0800cde9   Thumb Code    40  main.o(i.InitSoftSystem)
    Init_Amy_Id                              0x0800ce15   Thumb Code   828  flash.o(i.Init_Amy_Id)
    Init_Protocol_Debug                      0x0800d28d   Thumb Code    86  protocol_debug.o(i.Init_Protocol_Debug)
    Init_Protocol_MSG                        0x0800d2f9   Thumb Code    88  protocol_msg.o(i.Init_Protocol_MSG)
    Init_Protocol_Wcdma                      0x0800d365   Thumb Code    88  protocol_wcdma.o(i.Init_Protocol_Wcdma)
    InvertedOrder                            0x0800d3d1   Thumb Code    32  basicfunc.o(i.InvertedOrder)
    Led_Init                                 0x0800d3f1   Thumb Code    28  led.o(i.Led_Init)
    LowPrcisionTime_Init                     0x0800d415   Thumb Code   106  lowprcisiontime.o(i.LowPrcisionTime_Init)
    LowPrcisionTime_Start                    0x0800d485   Thumb Code     8  lowprcisiontime.o(i.LowPrcisionTime_Start)
    M6312_init                               0x0800d491   Thumb Code   414  m6312.o(i.M6312_init)
    M6312_open_GPRS                          0x0800d6e1   Thumb Code   382  m6312.o(i.M6312_open_GPRS)
    M6312_reconnect                          0x0800d941   Thumb Code   170  m6312.o(i.M6312_reconnect)
    M6312_send                               0x0800da61   Thumb Code   252  m6312.o(i.M6312_send)
    MemManage_Handler                        0x0800db6d   Thumb Code     2  stm32f10x_it.o(i.MemManage_Handler)
    NMI_Handler                              0x0800db6f   Thumb Code     2  stm32f10x_it.o(i.NMI_Handler)
    PLCtime_share_process                    0x0800db71   Thumb Code   280  armchair.o(i.PLCtime_share_process)
    POLL_list_link                           0x0800dcf1   Thumb Code    44  amy_net.o(i.POLL_list_link)
    POLL_list_send                           0x0800dd3d   Thumb Code   134  amy_net.o(i.POLL_list_send)
    PendSV_Handler                           0x0800ddfd   Thumb Code     2  stm32f10x_it.o(i.PendSV_Handler)
    PostSendByte                             0x0800ddff   Thumb Code    12  postproda.o(i.PostSendByte)
    PostSendByteASC                          0x0800de0b   Thumb Code    42  postproda.o(i.PostSendByteASC)
    PostSendDataLen                          0x0800de35   Thumb Code    78  postproda.o(i.PostSendDataLen)
    PostSendDefault                          0x0800de83   Thumb Code    46  postproda.o(i.PostSendDefault)
    PostSendFixupByte                        0x0800deb1   Thumb Code    28  postproda.o(i.PostSendFixupByte)
    PostSendHead                             0x0800decd   Thumb Code    84  postproda.o(i.PostSendHead)
    PostSendPostChksum                       0x0800df29   Thumb Code    74  postproda.o(i.PostSendPostChksum)
    PostSendTail                             0x0800df73   Thumb Code    20  postproda.o(i.PostSendTail)
    PostSend_Word                            0x0800df87   Thumb Code    24  postproda.o(i.PostSend_Word)
    Program_Updata_timeout                   0x0800e0b9   Thumb Code    28  download_pro.o(i.Program_Updata_timeout)
    ProtocolReceiveByte                      0x0800e0dd   Thumb Code    28  protocol.o(i.ProtocolReceiveByte)
    ProtocolSendByte                         0x0800e0fd   Thumb Code    26  protocol.o(i.ProtocolSendByte)
    Protocol_zd_Receive                      0x0800e4c1   Thumb Code    66  protocol_wcdma.o(i.Protocol_zd_Receive)
    Protocols_Init                           0x0800e511   Thumb Code    46  protocol.o(i.Protocols_Init)
    READ_CSQ                                 0x0800e545   Thumb Code    20  qwl_net.o(i.READ_CSQ)
    REC_CSQ                                  0x0800e565   Thumb Code   100  qwl_net.o(i.REC_CSQ)
    ReceiveCallBack                          0x0800e5cd   Thumb Code    34  protocol.o(i.ReceiveCallBack)
    ReceiveDataFromUartStruct                0x0800e5f5   Thumb Code    24  usart.o(i.ReceiveDataFromUartStruct)
    ReceivePro_Debug_Dispose                 0x0800e60d   Thumb Code    48  protocolreccallback.o(i.ReceivePro_Debug_Dispose)
    RegisterProtocolFun                      0x0800e6a9   Thumb Code    36  protocol.o(i.RegisterProtocolFun)
    ResetProtocolBuffer                      0x0800e6d1   Thumb Code    90  protocol.o(i.ResetProtocolBuffer)
    SPI_Flash_Init                           0x0800e731   Thumb Code   182  spi_flash.o(i.SPI_Flash_Init)
    SPI_Flash_ReadByte                       0x0800e7f5   Thumb Code     6  spi_flash.o(i.SPI_Flash_ReadByte)
    SPI_Flash_SendByte                       0x0800e7fd   Thumb Code    48  spi_flash.o(i.SPI_Flash_SendByte)
    SST25_R_BLOCK                            0x0800e831   Thumb Code    96  spi_flash.o(i.SST25_R_BLOCK)
    SST25_W_BLOCK                            0x0800e895   Thumb Code   360  spi_flash.o(i.SST25_W_BLOCK)
    SST25_W_BLOCKQ                           0x0800ea05   Thumb Code   304  spi_flash.o(i.SST25_W_BLOCKQ)
    SST25_clr_256_BLOCK                      0x0800eb3d   Thumb Code   136  spi_flash.o(i.SST25_clr_256_BLOCK)
    SVC_Handler                              0x0800ebe9   Thumb Code     2  stm32f10x_it.o(i.SVC_Handler)
    Save_Iap_Config                          0x0800ebed   Thumb Code    72  iap.o(i.Save_Iap_Config)
    Select_Program_run                       0x0800ec3d   Thumb Code    28  iap_updata.o(i.Select_Program_run)
    Self_Check                               0x0800ec61   Thumb Code    86  armchair.o(i.Self_Check)
    SendDataFromUartStruct                   0x0800ece1   Thumb Code    32  usart.o(i.SendDataFromUartStruct)
    SetProtocolReceiveCallBack               0x0800ed01   Thumb Code    26  protocol.o(i.SetProtocolReceiveCallBack)
    SetTimer                                 0x0800ed21   Thumb Code    84  lowprcisiontime.o(i.SetTimer)
    SetUartParameter                         0x0800ed79   Thumb Code    70  protocol.o(i.SetUartParameter)
    Set_Comm_baud                            0x0800edc9   Thumb Code    90  download_pro.o(i.Set_Comm_baud)
    SettingCommBps                           0x0800ee25   Thumb Code    14  protocol.o(i.SettingCommBps)
    SettingSaveByUSART_FUNCTION              0x0800ef05   Thumb Code    16  usart.o(i.SettingSaveByUSART_FUNCTION)
    SetupComDir                              0x0800ef3d   Thumb Code    98  usart.o(i.SetupComDir)
    StartSendBuffer                          0x0800efad   Thumb Code    86  protocol.o(i.StartSendBuffer)
    SysTick_Handler                          0x0800f009   Thumb Code     4  stm32f10x_it.o(i.SysTick_Handler)
    TIM5_IRQHandler                          0x0800f00d   Thumb Code    34  lowprcisiontime.o(i.TIM5_IRQHandler)
    TM1618_SDA_IN                            0x0800f039   Thumb Code    40  tm1618.o(i.TM1618_SDA_IN)
    TM1618_SDA_OUT                           0x0800f069   Thumb Code    32  tm1618.o(i.TM1618_SDA_OUT)
    TP_GPRS                                  0x0800f08d   Thumb Code    94  cdma.o(i.TP_GPRS)
    TP_GPRS1                                 0x0800f0eb   Thumb Code   136  g510.o(i.TP_GPRS1)
    TimingDelay_Decrement                    0x0800f175   Thumb Code    18  main.o(i.TimingDelay_Decrement)
    Tm618_Display                            0x0800f18d   Thumb Code   646  tm1618.o(i.Tm618_Display)
    Tm618_IO_Init                            0x0800f431   Thumb Code    66  tm1618.o(i.Tm618_IO_Init)
    Tm618_Smg_Line                           0x0800f479   Thumb Code    66  tm1618.o(i.Tm618_Smg_Line)
    Tm618_Smg_On                             0x0800f4c1   Thumb Code    78  tm1618.o(i.Tm618_Smg_On)
    Tm618_Smg_clear                          0x0800f515   Thumb Code    64  tm1618.o(i.Tm618_Smg_clear)
    UART4_IRQHandler                         0x0800f559   Thumb Code     2  usart.o(i.UART4_IRQHandler)
    UART5_IRQHandler                         0x0800f55d   Thumb Code    98  usart.o(i.UART5_IRQHandler)
    USART1_IRQHandler                        0x0800f5c5   Thumb Code    98  usart.o(i.USART1_IRQHandler)
    USART1_Timeout                           0x0800f69d   Thumb Code    36  usart.o(i.USART1_Timeout)
    USART1_sendchar                          0x0800f6c1   Thumb Code    26  qwl_net.o(i.USART1_sendchar)
    USART2_IRQHandler                        0x0800f6e1   Thumb Code    82  usart.o(i.USART2_IRQHandler)
    USART2_Timeout                           0x0800f7c5   Thumb Code    36  usart.o(i.USART2_Timeout)
    USART2_sendchar                          0x0800f7e9   Thumb Code    26  2x1278.o(i.USART2_sendchar)
    USART2_sendstring                        0x0800f809   Thumb Code    20  2x1278.o(i.USART2_sendstring)
    USART3_IRQHandler                        0x0800f81d   Thumb Code    98  usart.o(i.USART3_IRQHandler)
    USART3_Timeout                           0x0800f915   Thumb Code    36  usart.o(i.USART3_Timeout)
    USART3_sendchar                          0x0800f939   Thumb Code    26  amy_net.o(i.USART3_sendchar)
    USART3_sendstring1                       0x0800f959   Thumb Code    26  amy_net.o(i.USART3_sendstring1)
    USART4_Timeout                           0x0800f975   Thumb Code    36  usart.o(i.USART4_Timeout)
    USART5_Timeout                           0x0800fa29   Thumb Code    36  usart.o(i.USART5_Timeout)
    USART5_sendchar                          0x0800fa4d   Thumb Code    26  ceshi.o(i.USART5_sendchar)
    Uart_Init                                0x0800fac9   Thumb Code    52  usart.o(i.Uart_Init)
    Uploading_Pro                            0x0800fb05   Thumb Code   556  uploading_pro.o(i.Uploading_Pro)
    UsageFault_Handler                       0x0800fead   Thumb Code     2  stm32f10x_it.o(i.UsageFault_Handler)
    Write_Byte                               0x0800feb1   Thumb Code    80  tm1618.o(i.Write_Byte)
    Write_Cmd                                0x0800ff05   Thumb Code    44  tm1618.o(i.Write_Cmd)
    Write_Flash                              0x0800ff35   Thumb Code    84  flash.o(i.Write_Flash)
    Write_light_idip                         0x0800ff89   Thumb Code   184  flash.o(i.Write_light_idip)
    __0sprintf                               0x0801005d   Thumb Code    34  printfa.o(i.__0sprintf)
    __1sprintf                               0x0801005d   Thumb Code     0  printfa.o(i.__0sprintf)
    __2sprintf                               0x0801005d   Thumb Code     0  printfa.o(i.__0sprintf)
    __c89sprintf                             0x0801005d   Thumb Code     0  printfa.o(i.__0sprintf)
    sprintf                                  0x0801005d   Thumb Code     0  printfa.o(i.__0sprintf)
    __scatterload_copy                       0x08010085   Thumb Code    14  handlers.o(i.__scatterload_copy)
    __scatterload_null                       0x08010093   Thumb Code     2  handlers.o(i.__scatterload_null)
    __scatterload_zeroinit                   0x08010095   Thumb Code    14  handlers.o(i.__scatterload_zeroinit)
    amy_CHKSUM_produce                       0x08010941   Thumb Code    56  amy_net.o(i.amy_CHKSUM_produce)
    amy_ack_send                             0x08010981   Thumb Code   144  2x1278.o(i.amy_ack_send)
    amy_config_please                        0x08010a31   Thumb Code    88  2x1278.o(i.amy_config_please)
    amy_config_send                          0x08010a9d   Thumb Code   216  2x1278.o(i.amy_config_send)
    amy_config_send_1                        0x08010bc1   Thumb Code   238  2x1278.o(i.amy_config_send_1)
    amy_state_send                           0x08010cfd   Thumb Code   790  amy_net.o(i.amy_state_send)
    amyack_send_pack                         0x080110c9   Thumb Code   136  post_protocol.o(i.amyack_send_pack)
    amystate_pack_send                       0x08011159   Thumb Code    38  amy_net.o(i.amystate_pack_send)
    amystate_send                            0x0801118d   Thumb Code    38  amy_net.o(i.amystate_send)
    amystate_send_pack                       0x080111c1   Thumb Code   200  post_protocol.o(i.amystate_send_pack)
    armchair_change_outIO                    0x08011299   Thumb Code    36  armchair.o(i.armchair_change_outIO)
    armchair_io_state                        0x080112c5   Thumb Code    16  armchair.o(i.armchair_io_state)
    armchair_io_state_1                      0x080112d9   Thumb Code    16  armchair.o(i.armchair_io_state_1)
    asc2hex                                  0x080112ed   Thumb Code    30  basicfunc.o(i.asc2hex)
    cdma_init                                0x0801130d   Thumb Code   410  cdma.o(i.cdma_init)
    cdma_open_GPRS                           0x08011555   Thumb Code   352  cdma.o(i.cdma_open_GPRS)
    cdma_or_nblot                            0x0801179d   Thumb Code   354  qwl_net.o(i.cdma_or_nblot)
    cdma_or_nblot_setp_init                  0x080119b5   Thumb Code    58  qwl_net.o(i.cdma_or_nblot_setp_init)
    cdma_reconnect                           0x08011a11   Thumb Code   164  cdma.o(i.cdma_reconnect)
    cdma_send                                0x08011b35   Thumb Code   274  cdma.o(i.cdma_send)
    checktest                                0x08011c5d   Thumb Code    46  spi_flash.o(i.checktest)
    chk_LcdMode_chksum                       0x08011c91   Thumb Code    46  basicfunc.o(i.chk_LcdMode_chksum)
    chk_post_chksum                          0x08011cbf   Thumb Code    78  basicfunc.o(i.chk_post_chksum)
    clear_SystemBuf                          0x08011d0d   Thumb Code     8  cdma.o(i.clear_SystemBuf)
    free                                     0x08011d19   Thumb Code    76  malloc.o(i.free)
    getPINFO                                 0x08011d69   Thumb Code    38  protocol.o(i.getPINFO)
    getPINFO_BC95                            0x08011d95   Thumb Code    38  protocol.o(i.getPINFO_BC95)
    goto_iap                                 0x08011dc1   Thumb Code    42  iap.o(i.goto_iap)
    hi_hex2asc                               0x08011df9   Thumb Code    14  basicfunc.o(i.hi_hex2asc)
    key_process                              0x08011e09   Thumb Code   192  armchair.o(i.key_process)
    key_q2x1278_set                          0x08011edd   Thumb Code   138  armchair.o(i.key_q2x1278_set)
    low_hex2asc                              0x08011f91   Thumb Code    16  basicfunc.o(i.low_hex2asc)
    main                                     0x08011fa1   Thumb Code    58  main.o(i.main)
    malloc                                   0x08011fdd   Thumb Code    92  malloc.o(i.malloc)
    nblot_TP_GPRS                            0x08012049   Thumb Code    68  nblot.o(i.nblot_TP_GPRS)
    nblot_init                               0x0801208d   Thumb Code   852  nblot.o(i.nblot_init)
    nblot_init_0                             0x080125bd   Thumb Code    16  nblot.o(i.nblot_init_0)
    nblot_open_GPRS                          0x080125d1   Thumb Code   248  nblot.o(i.nblot_open_GPRS)
    nblot_read                               0x0801274d   Thumb Code    36  nblot.o(i.nblot_read)
    nblot_rec                                0x08012785   Thumb Code    84  nblot.o(i.nblot_rec)
    nblot_reconnect                          0x080127dd   Thumb Code   150  nblot.o(i.nblot_reconnect)
    nblot_send                               0x080128c9   Thumb Code   232  nblot.o(i.nblot_send)
    net_data_send                            0x080129c5   Thumb Code    14  protocol_send.o(i.net_data_send)
    net_data_send_delay                      0x080129d9   Thumb Code    10  protocol_send.o(i.net_data_send_delay)
    net_data_send_init                       0x080129e9   Thumb Code    18  protocol_send.o(i.net_data_send_init)
    net_rec                                  0x08012a01   Thumb Code    44  qwl_net.o(i.net_rec)
    net_send                                 0x08012a35   Thumb Code    48  qwl_net.o(i.net_send)
    net_state                                0x08012a6d   Thumb Code   354  qwl_net.o(i.net_state)
    poll_list_send_pack                      0x08012c1d   Thumb Code    84  post_protocol.o(i.poll_list_send_pack)
    post_group                               0x08012c79   Thumb Code   256  post_protocol.o(i.post_group)
    process_00                               0x08012d81   Thumb Code   114  uploading_pro.o(i.process_00)
    process_12                               0x08012e1d   Thumb Code   242  uploading_pro.o(i.process_12)
    process_F8                               0x08012f6d   Thumb Code    90  protocol_send.o(i.process_F8)
    process_fb                               0x08012fdd   Thumb Code   600  uploading_pro.o(i.process_fb)
    q2x1278_check_send                       0x08013325   Thumb Code    64  2x1278.o(i.q2x1278_check_send)
    q2x1278_fb                               0x08013385   Thumb Code    62  2x1278.o(i.q2x1278_fb)
    q2x1278_init                             0x080133ed   Thumb Code    38  2x1278.o(i.q2x1278_init)
    q2x1278_plc_send                         0x08013419   Thumb Code   204  2x1278.o(i.q2x1278_plc_send)
    q2x1278_rec_cofig                        0x080134f9   Thumb Code   208  2x1278.o(i.q2x1278_rec_cofig)
    q2x1278_rec_or_send                      0x080135e1   Thumb Code    72  armchair.o(i.q2x1278_rec_or_send)
    q2x1278_set                              0x08013635   Thumb Code   246  2x1278.o(i.q2x1278_set)
    qwl_net_init                             0x08013769   Thumb Code    30  qwl_net.o(i.qwl_net_init)
    qwl_net_s_deal                           0x0801378d   Thumb Code    34  qwl_net.o(i.qwl_net_s_deal)
    qwl_net_sendchar                         0x080137b5   Thumb Code     4  qwl_net.o(i.qwl_net_sendchar)
    qwl_net_sendstring                       0x080137b9   Thumb Code    34  qwl_net.o(i.qwl_net_sendstring)
    qwl_net_sendstring1                      0x080137db   Thumb Code    20  qwl_net.o(i.qwl_net_sendstring1)
    qwl_sendchar                             0x080137ef   Thumb Code     4  ceshi.o(i.qwl_sendchar)
    qwl_sendstring                           0x080137f3   Thumb Code    34  ceshi.o(i.qwl_sendstring)
    qwl_sendstring1                          0x08013815   Thumb Code    20  ceshi.o(i.qwl_sendstring1)
    rdcr                                     0x08013829   Thumb Code    40  spi_flash.o(i.rdcr)
    rdsr                                     0x08013855   Thumb Code    40  spi_flash.o(i.rdsr)
    read_key                                 0x08013881   Thumb Code    78  tm1618.o(i.read_key)
    rec_key                                  0x080138d5   Thumb Code    84  tm1618.o(i.rec_key)
    sect_clr                                 0x0801392d   Thumb Code   100  spi_flash.o(i.sect_clr)
    strsearch                                0x08013999   Thumb Code    66  algorithm.o(i.strsearch)
    strsearch_h                              0x080139dd   Thumb Code    70  cdma.o(i.strsearch_h)
    strsearch_qwl                            0x08013a29   Thumb Code    70  algorithm.o(i.strsearch_qwl)
    twoascii2byte                            0x08013a6f   Thumb Code    24  basicfunc.o(i.twoascii2byte)
    unlock                                   0x08013a89   Thumb Code    58  spi_flash.o(i.unlock)
    upload_link_send                         0x08013acd   Thumb Code    94  protocol_send.o(i.upload_link_send)
    usart_init                               0x08013b41   Thumb Code   188  qwl_net.o(i.usart_init)
    wdis                                     0x08013c05   Thumb Code    34  spi_flash.o(i.wdis)
    wen                                      0x08013c2d   Thumb Code    30  spi_flash.o(i.wen)
    wg_amy_state                             0x08013c51   Thumb Code   120  amy_net.o(i.wg_amy_state)
    wg_rec_deal                              0x08013cfd   Thumb Code   896  armchair.o(i.wg_rec_deal)
    wip                                      0x080140ed   Thumb Code    34  spi_flash.o(i.wip)
    wsr                                      0x08014115   Thumb Code    92  spi_flash.o(i.wsr)
    wwen                                     0x08014179   Thumb Code    24  spi_flash.o(i.wwen)
    zd_rec_deal                              0x08014195   Thumb Code   120  armchair.o(i.zd_rec_deal)
    _gProtocol_info                          0x08014238   Data          48  protocol.o(.constdata)
    _gProtocol_info1                         0x08014268   Data          80  protocol.o(.constdata)
    ASCII_hex                                0x080142b8   Data          24  qwl_net.o(.constdata)
    NUM                                      0x080142d0   Data          32  tm1618.o(.constdata)
    CRC8Table                                0x080142f0   Data         256  post_protocol.o(.constdata)
    Region$$Table$$Base                      0x080143f0   Number         0  anon$$obj.o(Region$$Table)
    Region$$Table$$Limit                     0x08014410   Number         0  anon$$obj.o(Region$$Table)
    ModAddress                               0x20000001   Data           1  data.o(.data)
    Run_User_Program_Falg                    0x20000002   Data           1  data.o(.data)
    Timer50msCount                           0x20000004   Data           2  lowprcisiontime.o(.data)
    _gTimerLinkerHeader                      0x20000008   Data           4  lowprcisiontime.o(.data)
    _gucfg                                   0x200000a0   Data          40  usart.o(.data)
    ApplicationAddress                       0x200000c8   Data           4  iap_updata.o(.data)
    FlashDestination                         0x200000cc   Data           4  iap_updata.o(.data)
    LONG_TO_CHAR4                            0x200000d0   Data           4  iap_updata.o(.data)
    fac_id                                   0x200000d5   Data           1  spi_flash.o(.data)
    dev_id                                   0x200000d6   Data           1  spi_flash.o(.data)
    _guf                                     0x200000d7   Data           1  protocol.o(.data)
    RTN                                      0x200000e4   Data           1  postproda.o(.data)
    send_NSORF_flag                          0x200000e6   Data           1  qwl_net.o(.data)
    connect_flag                             0x200000e7   Data           1  qwl_net.o(.data)
    nblot_or_cdma_flag                       0x200000e8   Data           1  qwl_net.o(.data)
    net_error_flag                           0x200000e9   Data           1  qwl_net.o(.data)
    CSQ_rec_deal                             0x200000ea   Data           1  qwl_net.o(.data)
    CSQ_buf                                  0x200000eb   Data           1  qwl_net.o(.data)
    CSQ                                      0x200000ec   Data           1  qwl_net.o(.data)
    CSQ_DELAY                                0x200000ed   Data           1  qwl_net.o(.data)
    Rx                                       0x200000ee   Data           2  qwl_net.o(.data)
    net                                      0x200000f0   Data           5  qwl_net.o(.data)
    exchange_platform                        0x200000f5   Data           8  qwl_net.o(.data)
    deal_process                             0x200000fd   Data           1  qwl_net.o(.data)
    update_ip                                0x200000fe   Data          22  qwl_net.o(.data)
    cdma_RESET_flag                          0x20000114   Data           1  cdma.o(.data)
    g_flag                                   0x20000115   Data           1  cdma.o(.data)
    AT_CIMI                                  0x20000116   Data           8  cdma.o(.data)
    AT_CPIN                                  0x2000011e   Data           9  cdma.o(.data)
    AT_CIPSTART                              0x20000127   Data          15  cdma.o(.data)
    AT_CIPCLOSE                              0x20000136   Data          13  cdma.o(.data)
    AT_zpppopen                              0x20000143   Data          12  cdma.o(.data)
    AT_CIPSEND                               0x2000014f   Data          14  cdma.o(.data)
    AT_GETICCID                              0x2000015d   Data          12  cdma.o(.data)
    light_TCP                                0x20000169   Data          22  cdma.o(.data)
    nblot_rec_flag                           0x2000017f   Data           1  nblot.o(.data)
    nblot_read_flag                          0x20000180   Data           1  nblot.o(.data)
    nblot_read_flag1                         0x20000181   Data           1  nblot.o(.data)
    nblot_RESET_flag                         0x20000182   Data           1  nblot.o(.data)
    NBIOT_SET_FALG                           0x20000183   Data           1  nblot.o(.data)
    NB_SET_FLAG                              0x20000184   Data           1  nblot.o(.data)
    nblot_CGATT                              0x20000185   Data          11  nblot.o(.data)
    nblot_NSOST                              0x20000190   Data          12  nblot.o(.data)
    nblot_NSOCR                              0x2000019c   Data          27  nblot.o(.data)
    nblot_NCCID                              0x200001b7   Data           9  nblot.o(.data)
    nblot_NBAND                              0x200001c0   Data          10  nblot.o(.data)
    nblot_NBAND1                             0x200001ca   Data          11  nblot.o(.data)
    nblot_NCONFIG                            0x200001d5   Data          12  nblot.o(.data)
    nblot_AUTOCONNECT                        0x200001e1   Data          28  nblot.o(.data)
    nblot_SCRAMBL_true                       0x200001fd   Data          40  nblot.o(.data)
    nblot_SCRAMBL_false                      0x20000225   Data          41  nblot.o(.data)
    nblot_AVOID_true                         0x2000024e   Data          33  nblot.o(.data)
    nblot_AVOID_false                        0x2000026f   Data          34  nblot.o(.data)
    light_UDP                                0x20000291   Data          22  nblot.o(.data)
    M6312_RESET_flag                         0x200002a7   Data           1  m6312.o(.data)
    AT_CIMI1                                 0x200002a8   Data           8  m6312.o(.data)
    AT_CPIN1                                 0x200002b0   Data           9  m6312.o(.data)
    AT_CIPSTART1                             0x200002b9   Data          18  m6312.o(.data)
    AT_CIPCLOSE1                             0x200002cb   Data          11  m6312.o(.data)
    AT_zpppopen1                             0x200002d6   Data          13  m6312.o(.data)
    AT_CIPSEND1                              0x200002e3   Data          11  m6312.o(.data)
    AT_GETICCID1                             0x200002ee   Data          12  m6312.o(.data)
    G510_RESET_flag                          0x200002fa   Data           1  g510.o(.data)
    AT_CIMI2                                 0x200002fb   Data           8  g510.o(.data)
    AT_CPIN2                                 0x20000303   Data           9  g510.o(.data)
    AT_CIPSTART2                             0x2000030c   Data          16  g510.o(.data)
    AT_CIPCLOSE2                             0x2000031c   Data          13  g510.o(.data)
    AT_zpppopen2                             0x20000329   Data          35  g510.o(.data)
    AT_CIPSEND2                              0x2000034c   Data          14  g510.o(.data)
    AT_GETICCID2                             0x2000035a   Data          12  g510.o(.data)
    Net_Data_Send                            0x20000366   Data           5  protocol_send.o(.data)
    amy_config                               0x2000036c   Data           1  armchair.o(.data)
    amy_config1                              0x2000036d   Data           1  armchair.o(.data)
    PLC_time_flag                            0x2000036e   Data           1  armchair.o(.data)
    PLC_time_tiqian                          0x2000036f   Data           1  armchair.o(.data)
    time_share_process_flag                  0x20000370   Data           1  armchair.o(.data)
    ceshi                                    0x20000371   Data           1  armchair.o(.data)
    amy_total                                0x20000372   Data           1  armchair.o(.data)
    armchair_time_flag                       0x20000373   Data           1  armchair.o(.data)
    amy_rec_flag                             0x20000374   Data           1  armchair.o(.data)
    amy_rec_flag_1                           0x20000375   Data           1  armchair.o(.data)
    amy_cotrol_flag                          0x20000376   Data           1  armchair.o(.data)
    wg_stor_pointer                          0x20000377   Data           1  armchair.o(.data)
    wg_ack_times                             0x20000378   Data           1  armchair.o(.data)
    zd_update_flag                           0x20000379   Data           1  armchair.o(.data)
    armchair_fen_delay                       0x2000037a   Data           1  armchair.o(.data)
    zd_overtime_flag                         0x2000037c   Data           2  armchair.o(.data)
    amy_cotrol_time                          0x2000037e   Data           2  armchair.o(.data)
    amy_cotrol_time_flag                     0x20000380   Data           2  armchair.o(.data)
    armchair_s_delay                         0x20000382   Data           2  armchair.o(.data)
    amy_CHKSUM                               0x20000384   Data           1  armchair.o(.data)
    wg_deal_pointer                          0x20000385   Data           1  armchair.o(.data)
    wg_state_flag                            0x20000386   Data           1  armchair.o(.data)
    change_led_flag                          0x20000387   Data           1  tm1618.o(.data)
    TM1618_DISPLAY_NO                        0x20000388   Data           3  tm1618.o(.data)
    key_delay_out                            0x2000038b   Data           1  tm1618.o(.data)
    q2x1278_config_buf1                      0x2000038c   Data           1  2x1278.o(.data)
    sx1278_fb_flag                           0x2000038e   Data           1  2x1278.o(.data)
    rx2_pointer                              0x2000038f   Data           1  2x1278.o(.data)
    config_recwait_time                      0x20000390   Data           2  2x1278.o(.data)
    q2x1278_config_buf                       0x20000392   Data           6  2x1278.o(.data)
    rx_pointer                               0x20000398   Data           1  2x1278.o(.data)
    GATEWAY_deal_time                        0x2000039a   Data           1  amy_net.o(.data)
    getwayheart_sendok_flag                  0x2000039b   Data           1  amy_net.o(.data)
    GATEWAY_list_time                        0x2000039c   Data           1  amy_net.o(.data)
    getwaylist_sendok_flag                   0x2000039d   Data           1  amy_net.o(.data)
    getwaylist_send_flag                     0x2000039e   Data           1  amy_net.o(.data)
    getwaylist_send_times                    0x2000039f   Data           1  amy_net.o(.data)
    amy_check_pointer                        0x200003a0   Data           1  amy_net.o(.data)
    amy_storflash_flag                       0x200003a1   Data           1  amy_net.o(.data)
    GATEWAY_heart_time_flag                  0x200003a2   Data           2  amy_net.o(.data)
    GATEWAY_heart_max_flag                   0x200003a4   Data           2  amy_net.o(.data)
    GATEWAY_list_time_flag                   0x200003a6   Data           2  amy_net.o(.data)
    amy_config_rec_flag                      0x200003a8   Data           1  amy_net.o(.data)
    plc_cofig_buf_1                          0x200003a9   Data           3  amy_net.o(.data)
    carrieroperator                          0x200003ac   Data           1  flash.o(.data)
    module_name                              0x200003ad   Data           1  flash.o(.data)
    amy_max_total                            0x200003ae   Data           1  flash.o(.data)
    zd_sl_flag                               0x200003af   Data           1  flash.o(.data)
    software_version                         0x200003b0   Data           2  flash.o(.data)
    Hardware_version                         0x200003b2   Data           2  flash.o(.data)
    post_len                                 0x200003b4   Data           2  post_protocol.o(.data)
    NO                                       0x200003b6   Data          16  post_protocol.o(.data)
    SystemCoreClock                          0x200003c8   Data           4  system_stm32f10x.o(.data)
    AHBPrescTable                            0x200003cc   Data          16  system_stm32f10x.o(.data)
    __microlib_freelist                      0x200003f0   Data           4  mvars.o(.data)
    __microlib_freelist_initialised          0x200003f4   Data           4  mvars.o(.data)
    iap_data                                 0x200003f8   Data          70  iap.o(.bss)
    DMA_InitStructure                        0x20000490   Data         220  usart.o(.bss)
    SystemBuf                                0x2000295c   Data        1024  qwl_net.o(.bss)
    SIM_ID                                   0x20002d5c   Data          20  cdma.o(.bss)
    amy_record_buf                           0x20002d70   Data        5250  armchair.o(.bss)
    amy_record_buf_1                         0x200041f2   Data          50  armchair.o(.bss)
    wg_ack_buf                               0x20004224   Data         200  armchair.o(.bss)
    AmyID                                    0x200042ec   Data          16  armchair.o(.bss)
    config_recwait_buf                       0x200042fc   Data         250  2x1278.o(.bss)
    Uart2_RecData_buf                        0x200043f6   Data         200  2x1278.o(.bss)
    amystate_send_flag                       0x200044be   Data         250  amy_net.o(.bss)
    poll_zd                                  0x200045b8   Data          45  amy_net.o(.bss)
    amy_check_ID                             0x200045e5   Data          16  amy_net.o(.bss)
    plc_cofig_buf                            0x200045f5   Data          16  amy_net.o(.bss)
    Upgrade_ip                               0x20004605   Data          22  flash.o(.bss)
    post_buf                                 0x2000461b   Data        1024  post_protocol.o(.bss)
    __heap_base                              0x20004a20   Data           0  startup_stm32f10x_hd.o(HEAP)
    __heap_limit                             0x20004c20   Data           0  startup_stm32f10x_hd.o(HEAP)
    __initial_sp                             0x20005020   Data           0  startup_stm32f10x_hd.o(STACK)



==============================================================================

Memory Map of the image

  Image Entry point : 0x08008131

  Load Region LR_IROM1 (Base: 0x08008000, Size: 0x0000c808, Max: 0x00016000, ABSOLUTE, COMPRESSED[0x0000c614])

    Execution Region ER_IROM1 (Base: 0x08008000, Size: 0x0000c410, Max: 0x00016000, ABSOLUTE)

    Base Addr    Size         Type   Attr      Idx    E Section Name        Object

    0x08008000   0x00000130   Data   RO          310    RESET               startup_stm32f10x_hd.o
    0x08008130   0x00000000   Code   RO         3081  * .ARM.Collect$$$$00000000  mc_w.l(entry.o)
    0x08008130   0x00000004   Code   RO         3379    .ARM.Collect$$$$00000001  mc_w.l(entry2.o)
    0x08008134   0x00000004   Code   RO         3382    .ARM.Collect$$$$00000004  mc_w.l(entry5.o)
    0x08008138   0x00000000   Code   RO         3384    .ARM.Collect$$$$00000008  mc_w.l(entry7b.o)
    0x08008138   0x00000000   Code   RO         3386    .ARM.Collect$$$$0000000A  mc_w.l(entry8b.o)
    0x08008138   0x00000008   Code   RO         3387    .ARM.Collect$$$$0000000B  mc_w.l(entry9a.o)
    0x08008140   0x00000000   Code   RO         3389    .ARM.Collect$$$$0000000D  mc_w.l(entry10a.o)
    0x08008140   0x00000000   Code   RO         3391    .ARM.Collect$$$$0000000F  mc_w.l(entry11a.o)
    0x08008140   0x00000004   Code   RO         3380    .ARM.Collect$$$$00002712  mc_w.l(entry2.o)
    0x08008144   0x00000024   Code   RO          311    .text               startup_stm32f10x_hd.o
    0x08008168   0x000001bc   Code   RO         2868    .text               STM32F10x_lib_HD.lib(system_stm32f10x.o)
    0x08008324   0x000000e0   Code   RO         2979    .text               STM32F10x_lib_HD.lib(misc.o)
    0x08008404   0x00000254   Code   RO         2995    .text               STM32F10x_lib_HD.lib(stm32f10x_dma.o)
    0x08008658   0x000005e4   Code   RO         3007    .text               STM32F10x_lib_HD.lib(stm32f10x_flash.o)
    0x08008c3c   0x00000348   Code   RO         3019    .text               STM32F10x_lib_HD.lib(stm32f10x_gpio.o)
    0x08008f84   0x00000390   Code   RO         3031    .text               STM32F10x_lib_HD.lib(stm32f10x_rcc.o)
    0x08009314   0x0000030c   Code   RO         3045    .text               STM32F10x_lib_HD.lib(stm32f10x_spi.o)
    0x08009620   0x00000c66   Code   RO         3057    .text               STM32F10x_lib_HD.lib(stm32f10x_tim.o)
    0x0800a286   0x00000002   PAD
    0x0800a288   0x00000408   Code   RO         3069    .text               STM32F10x_lib_HD.lib(stm32f10x_usart.o)
    0x0800a690   0x00000024   Code   RO         3084    .text               mc_w.l(memcpya.o)
    0x0800a6b4   0x00000024   Code   RO         3086    .text               mc_w.l(memseta.o)
    0x0800a6d8   0x0000002c   Code   RO         3396    .text               mc_w.l(uidiv.o)
    0x0800a704   0x00000062   Code   RO         3398    .text               mc_w.l(uldiv.o)
    0x0800a766   0x00000000   Code   RO         3402    .text               mc_w.l(iusefp.o)
    0x0800a766   0x0000014e   Code   RO         3403    .text               mf_w.l(dadd.o)
    0x0800a8b4   0x000000e4   Code   RO         3405    .text               mf_w.l(dmul.o)
    0x0800a998   0x000000de   Code   RO         3407    .text               mf_w.l(ddiv.o)
    0x0800aa76   0x00000030   Code   RO         3409    .text               mf_w.l(dfixul.o)
    0x0800aaa6   0x00000002   PAD
    0x0800aaa8   0x00000028   Code   RO         3411    .text               mf_w.l(cdrcmple.o)
    0x0800aad0   0x00000024   Code   RO         3413    .text               mc_w.l(init.o)
    0x0800aaf4   0x0000001e   Code   RO         3416    .text               mc_w.l(llshl.o)
    0x0800ab12   0x00000020   Code   RO         3418    .text               mc_w.l(llushr.o)
    0x0800ab32   0x00000024   Code   RO         3420    .text               mc_w.l(llsshr.o)
    0x0800ab56   0x000000b6   Code   RO         3423    .text               mf_w.l(depilogue.o)
    0x0800ac0c   0x00000056   Code   RO         3433    .text               mc_w.l(__dczerorl2.o)
    0x0800ac62   0x00000002   PAD
    0x0800ac64   0x000001ec   Code   RO         1658    i.AMY_addr_please_set  uploading_pro.o
    0x0800ae50   0x00000004   Code   RO          499    i.API_ARMCHAIR_DEAL  api.o
    0x0800ae54   0x00000004   Code   RO          500    i.API_ARMCHAIR_TIME  api.o
    0x0800ae58   0x00000004   Code   RO          501    i.API_AddProtocolBuffer  api.o
    0x0800ae5c   0x00000004   Code   RO          502    i.API_Armchair_IO_Init  api.o
    0x0800ae60   0x00000004   Code   RO          503    i.API_Armchair_Init  api.o
    0x0800ae64   0x00000004   Code   RO          504    i.API_Check_Run_User_Program_Falg  api.o
    0x0800ae68   0x00000004   Code   RO          505    i.API_DoProtocols   api.o
    0x0800ae6c   0x00000004   Code   RO          506    i.API_GetProtocolBufferOrLen  api.o
    0x0800ae70   0x00000004   Code   RO          507    i.API_Get_Iap_Config  api.o
    0x0800ae74   0x00000004   Code   RO          508    i.API_IAP_Update_End  api.o
    0x0800ae78   0x00000004   Code   RO          509    i.API_IAP_Update_Start  api.o
    0x0800ae7c   0x00000004   Code   RO          510    i.API_IAP_Update_Write  api.o
    0x0800ae80   0x00000004   Code   RO          514    i.API_KillTimer     api.o
    0x0800ae84   0x0000000a   Code   RO          515    i.API_Led_Init      api.o
    0x0800ae8e   0x0000000a   Code   RO          516    i.API_Protocols_Init  api.o
    0x0800ae98   0x00000004   Code   RO          517    i.API_ResetProtocolBuffer  api.o
    0x0800ae9c   0x0000000a   Code   RO          518    i.API_SPI_Flash_Init  api.o
    0x0800aea6   0x00000004   Code   RO          519    i.API_Select_Program_run  api.o
    0x0800aeaa   0x0000000c   Code   RO          521    i.API_SetComParameter  api.o
    0x0800aeb6   0x0000000c   Code   RO          523    i.API_SetTimer      api.o
    0x0800aec2   0x0000000a   Code   RO          524    i.API_StartRunTimer  api.o
    0x0800aecc   0x00000004   Code   RO          525    i.API_StartSendBuffer  api.o
    0x0800aed0   0x0000000a   Code   RO          526    i.API_Timers_Init   api.o
    0x0800aeda   0x00000004   Code   RO          528    i.API_WatchDog_Feed  api.o
    0x0800aede   0x00000004   Code   RO          529    i.API_WatchDog_Init  api.o
    0x0800aee2   0x00000004   Code   RO          530    i.API_goto_iap      api.o
    0x0800aee6   0x00000004   Code   RO          532    i.API_nblot_init_0  api.o
    0x0800aeea   0x00000002   PAD
    0x0800aeec   0x00000018   Code   RO          533    i.API_net_data_send  api.o
    0x0800af04   0x00000020   Code   RO          534    i.API_net_data_send_init  api.o
    0x0800af24   0x0000000a   Code   RO          535    i.API_net_rec       api.o
    0x0800af2e   0x00000002   PAD
    0x0800af30   0x00000014   Code   RO          536    i.API_net_state     api.o
    0x0800af44   0x0000000a   Code   RO          537    i.API_qwl_net_init  api.o
    0x0800af4e   0x00000002   PAD
    0x0800af50   0x0000002c   Code   RO         2336    i.ARMCHAIR_DEAL     armchair.o
    0x0800af7c   0x000000a8   Code   RO         2337    i.ARMCHAIR_S_IQR    armchair.o
    0x0800b024   0x00000040   Code   RO         2338    i.ARMCHAIR_TIME     armchair.o
    0x0800b064   0x00000074   Code   RO         1276    i.AddProtocolBuffer  protocol.o
    0x0800b0d8   0x000000b0   Code   RO         2339    i.Amy_Record_Store  armchair.o
    0x0800b188   0x0000005c   Code   RO         2340    i.Armchair_IO_Init  armchair.o
    0x0800b1e4   0x00000028   Code   RO         2341    i.Armchair_Init     armchair.o
    0x0800b20c   0x00000018   Code   RO          316    i.AscTOHex          basicfunc.o
    0x0800b224   0x00000026   Code   RO          317    i.AscToHexFun       basicfunc.o
    0x0800b24a   0x00000002   Code   RO          239    i.BusFault_Handler  stm32f10x_it.o
    0x0800b24c   0x00000040   Code   RO         2062    i.CDMA_IO_Init      cdma.o
    0x0800b28c   0x00000020   Code   RO         2788    i.CRC8_Table        post_protocol.o
    0x0800b2ac   0x0000001a   Code   RO          319    i.CS_Delay_10_uS    basicfunc.o
    0x0800b2c6   0x00000002   PAD
    0x0800b2c8   0x0000001c   Code   RO          445    i.CheckNode         lowprcisiontime.o
    0x0800b2e4   0x00000078   Code   RO         1277    i.CheckProtocolType  protocol.o
    0x0800b35c   0x00000078   Code   RO         1278    i.CheckProtocolType_BC95  protocol.o
    0x0800b3d4   0x00000018   Code   RO         1017    i.Check_Run_User_Program_Falg  iap_updata.o
    0x0800b3ec   0x0000000c   Code   RO          791    i.DMA1_Channel3_IRQHandler  usart.o
    0x0800b3f8   0x0000000c   Code   RO          792    i.DMA1_Channel5_IRQHandler  usart.o
    0x0800b404   0x0000000c   Code   RO          793    i.DMA1_Channel6_IRQHandler  usart.o
    0x0800b410   0x0000000c   Code   RO          794    i.DMA2_Channel3_IRQHandler  usart.o
    0x0800b41c   0x000000e0   Code   RO          795    i.DMA_UART_Receive  usart.o
    0x0800b4fc   0x00000120   Code   RO          796    i.DMA_UART_Receive_Process  usart.o
    0x0800b61c   0x0000005c   Code   RO          797    i.DMA_USART_Timeout  usart.o
    0x0800b678   0x00000094   Code   RO          798    i.DMA_UsartConfiguration  usart.o
    0x0800b70c   0x000000b0   Code   RO          799    i.DMA_Usart_Init    usart.o
    0x0800b7bc   0x00000014   Code   RO         1554    i.DealPostPro       postproda.o
    0x0800b7d0   0x000000a4   Code   RO         1555    i.DealPostProtocol  postproda.o
    0x0800b874   0x00000002   Code   RO          240    i.DebugMon_Handler  stm32f10x_it.o
    0x0800b876   0x00000002   PAD
    0x0800b878   0x00000048   Code   RO          446    i.DelTimer          lowprcisiontime.o
    0x0800b8c0   0x0000000c   Code   RO          321    i.Delay_1us         basicfunc.o
    0x0800b8cc   0x0000000c   Code   RO          322    i.Delay_2us         basicfunc.o
    0x0800b8d8   0x00000020   Code   RO          323    i.Delay_MS          basicfunc.o
    0x0800b8f8   0x00000016   Code   RO         1151    i.Delay_US_FALSH    spi_flash.o
    0x0800b90e   0x00000012   Code   RO          324    i.Delay_uS          basicfunc.o
    0x0800b920   0x00000028   Code   RO          800    i.DoProtocol        usart.o
    0x0800b948   0x0000000e   Code   RO         1279    i.DoProtocolReceiveAnalysis  protocol.o
    0x0800b956   0x00000002   PAD
    0x0800b958   0x000001c8   Code   RO         1280    i.DoProtocolReceiveAnalysis_BC95  protocol.o
    0x0800bb20   0x00000150   Code   RO         1281    i.DoProtocolReceiveAnalysis_ZTE  protocol.o
    0x0800bc70   0x00000164   Code   RO         1282    i.DoProtocol_DMA_ReceiveAnalysis  protocol.o
    0x0800bdd4   0x00000024   Code   RO         1283    i.DoProtocols       protocol.o
    0x0800bdf8   0x00000058   Code   RO          447    i.DoTimer           lowprcisiontime.o
    0x0800be50   0x00000014   Code   RO         1887    i.DownLoad_DealPro  download.o
    0x0800be64   0x00000058   Code   RO         1888    i.DownLoad_DealProtocol  download.o
    0x0800bebc   0x0000004c   Code   RO         1929    i.DownLoad_Pro      download_pro.o
    0x0800bf08   0x0000000c   Code   RO         1889    i.DownLoad_SendByte  download.o
    0x0800bf14   0x00000052   Code   RO         1890    i.DownLoad_SendChksum  download.o
    0x0800bf66   0x0000003a   Code   RO         1891    i.DownLoad_SendHead  download.o
    0x0800bfa0   0x0000002c   Code   RO         1892    i.DownLoad_SendTail  download.o
    0x0800bfcc   0x00000020   Code   RO          801    i.EnableCom         usart.o
    0x0800bfec   0x00000048   Code   RO         1152    i.FlashReadID       spi_flash.o
    0x0800c034   0x00000250   Code   RO         2246    i.G510_init         g510.o
    0x0800c284   0x00000260   Code   RO         2247    i.G510_open_GPRS    g510.o
    0x0800c4e4   0x0000013c   Code   RO         2248    i.G510_reconnect    g510.o
    0x0800c620   0x0000010c   Code   RO         2249    i.G510_send         g510.o
    0x0800c72c   0x000000b4   Code   RO         2625    i.GATEWAY_heart_link  amy_net.o
    0x0800c7e0   0x000000b4   Code   RO         2626    i.GATEWAY_heart_send  amy_net.o
    0x0800c894   0x0000008c   Code   RO         2789    i.GATEWAY_heart_send_pack  post_protocol.o
    0x0800c920   0x0000003c   Code   RO         2791    i.GATEWAY_peizhi_pack  post_protocol.o
    0x0800c95c   0x00000012   Code   RO         2627    i.GATEWAY_send      amy_net.o
    0x0800c96e   0x00000002   PAD
    0x0800c970   0x00000050   Code   RO         2063    i.GSM_RESET         cdma.o
    0x0800c9c0   0x00000030   Code   RO         1284    i.GetProtocolBufferOrLen  protocol.o
    0x0800c9f0   0x0000001c   Code   RO         1285    i.GetProtocolResource  protocol.o
    0x0800ca0c   0x00000014   Code   RO          802    i.GetUartStructBaseFunction  usart.o
    0x0800ca20   0x0000001c   Code   RO          803    i.GetUtProtocolResource  usart.o
    0x0800ca3c   0x0000003c   Code   RO          757    i.Get_Iap_Config    iap.o
    0x0800ca78   0x0000001c   Code   RO          804    i.Get_Usart_Function  usart.o
    0x0800ca94   0x00000026   Code   RO         1110    i.Gpio_Init         gpiomap.o
    0x0800caba   0x00000002   Code   RO          241    i.HardFault_Handler  stm32f10x_it.o
    0x0800cabc   0x00000038   Code   RO         1019    i.IAP_ReStart       iap_updata.o
    0x0800caf4   0x0000006c   Code   RO         1020    i.IAP_Update_End    iap_updata.o
    0x0800cb60   0x00000058   Code   RO         1021    i.IAP_Update_Start  iap_updata.o
    0x0800cbb8   0x000001fc   Code   RO         1022    i.IAP_Update_Write  iap_updata.o
    0x0800cdb4   0x00000014   Code   RO            1    i.InitChip          main.o
    0x0800cdc8   0x0000001e   Code   RO            2    i.InitHardWare      main.o
    0x0800cde6   0x00000002   PAD
    0x0800cde8   0x0000002c   Code   RO            3    i.InitSoftSystem    main.o
    0x0800ce14   0x00000478   Code   RO         2746    i.Init_Amy_Id       flash.o
    0x0800d28c   0x0000006c   Code   RO         1442    i.Init_Protocol_Debug  protocol_debug.o
    0x0800d2f8   0x0000006c   Code   RO         1518    i.Init_Protocol_MSG  protocol_msg.o
    0x0800d364   0x0000006c   Code   RO         1477    i.Init_Protocol_Wcdma  protocol_wcdma.o
    0x0800d3d0   0x00000020   Code   RO          326    i.InvertedOrder     basicfunc.o
    0x0800d3f0   0x00000024   Code   RO         1092    i.Led_Init          led.o
    0x0800d414   0x00000070   Code   RO          448    i.LowPrcisionTime_Init  lowprcisiontime.o
    0x0800d484   0x0000000c   Code   RO          449    i.LowPrcisionTime_Start  lowprcisiontime.o
    0x0800d490   0x00000250   Code   RO         2210    i.M6312_init        m6312.o
    0x0800d6e0   0x00000260   Code   RO         2211    i.M6312_open_GPRS   m6312.o
    0x0800d940   0x00000120   Code   RO         2212    i.M6312_reconnect   m6312.o
    0x0800da60   0x0000010c   Code   RO         2213    i.M6312_send        m6312.o
    0x0800db6c   0x00000002   Code   RO          242    i.MemManage_Handler  stm32f10x_it.o
    0x0800db6e   0x00000002   Code   RO          243    i.NMI_Handler       stm32f10x_it.o
    0x0800db70   0x00000180   Code   RO         2342    i.PLCtime_share_process  armchair.o
    0x0800dcf0   0x0000004c   Code   RO         2628    i.POLL_list_link    amy_net.o
    0x0800dd3c   0x000000c0   Code   RO         2629    i.POLL_list_send    amy_net.o
    0x0800ddfc   0x00000002   Code   RO          245    i.PendSV_Handler    stm32f10x_it.o
    0x0800ddfe   0x0000000c   Code   RO         1556    i.PostSendByte      postproda.o
    0x0800de0a   0x0000002a   Code   RO         1557    i.PostSendByteASC   postproda.o
    0x0800de34   0x0000004e   Code   RO         1559    i.PostSendDataLen   postproda.o
    0x0800de82   0x0000002e   Code   RO         1560    i.PostSendDefault   postproda.o
    0x0800deb0   0x0000001c   Code   RO         1561    i.PostSendFixupByte  postproda.o
    0x0800decc   0x0000005c   Code   RO         1562    i.PostSendHead      postproda.o
    0x0800df28   0x0000004a   Code   RO         1564    i.PostSendPostChksum  postproda.o
    0x0800df72   0x00000014   Code   RO         1565    i.PostSendTail      postproda.o
    0x0800df86   0x00000018   Code   RO         1568    i.PostSend_Word     postproda.o
    0x0800df9e   0x00000002   PAD
    0x0800dfa0   0x00000118   Code   RO         1930    i.Program_Updata    download_pro.o
    0x0800e0b8   0x00000024   Code   RO         1931    i.Program_Updata_timeout  download_pro.o
    0x0800e0dc   0x00000020   Code   RO         1286    i.ProtocolReceiveByte  protocol.o
    0x0800e0fc   0x00000020   Code   RO         1287    i.ProtocolSendByte  protocol.o
    0x0800e11c   0x00000028   Code   RO         1443    i.Protocol_DoProtocol  protocol_debug.o
    0x0800e144   0x00000028   Code   RO         1478    i.Protocol_DoProtocol  protocol_wcdma.o
    0x0800e16c   0x00000028   Code   RO         1519    i.Protocol_DoProtocol  protocol_msg.o
    0x0800e194   0x0000004c   Code   RO         1444    i.Protocol_Receive  protocol_debug.o
    0x0800e1e0   0x00000074   Code   RO         1479    i.Protocol_Receive  protocol_wcdma.o
    0x0800e254   0x00000074   Code   RO         1520    i.Protocol_Receive  protocol_msg.o
    0x0800e2c8   0x000000a8   Code   RO         1445    i.Protocol_Send     protocol_debug.o
    0x0800e370   0x000000a8   Code   RO         1480    i.Protocol_Send     protocol_wcdma.o
    0x0800e418   0x000000a8   Code   RO         1521    i.Protocol_Send     protocol_msg.o
    0x0800e4c0   0x00000050   Code   RO         1481    i.Protocol_zd_Receive  protocol_wcdma.o
    0x0800e510   0x00000034   Code   RO         1288    i.Protocols_Init    protocol.o
    0x0800e544   0x00000020   Code   RO         1960    i.READ_CSQ          qwl_net.o
    0x0800e564   0x00000068   Code   RO         1961    i.REC_CSQ           qwl_net.o
    0x0800e5cc   0x00000028   Code   RO         1289    i.ReceiveCallBack   protocol.o
    0x0800e5f4   0x00000018   Code   RO          805    i.ReceiveDataFromUartStruct  usart.o
    0x0800e60c   0x00000030   Code   RO         1430    i.ReceivePro_Debug_Dispose  protocolreccallback.o
    0x0800e63c   0x00000024   Code   RO         1446    i.ReceiveTimerOut   protocol_debug.o
    0x0800e660   0x00000024   Code   RO         1482    i.ReceiveTimerOut   protocol_wcdma.o
    0x0800e684   0x00000024   Code   RO         1522    i.ReceiveTimerOut   protocol_msg.o
    0x0800e6a8   0x00000028   Code   RO         1290    i.RegisterProtocolFun  protocol.o
    0x0800e6d0   0x00000060   Code   RO         1291    i.ResetProtocolBuffer  protocol.o
    0x0800e730   0x000000c4   Code   RO         1153    i.SPI_Flash_Init    spi_flash.o
    0x0800e7f4   0x00000006   Code   RO         1154    i.SPI_Flash_ReadByte  spi_flash.o
    0x0800e7fa   0x00000002   PAD
    0x0800e7fc   0x00000034   Code   RO         1155    i.SPI_Flash_SendByte  spi_flash.o
    0x0800e830   0x00000064   Code   RO         1156    i.SST25_R_BLOCK     spi_flash.o
    0x0800e894   0x00000170   Code   RO         1157    i.SST25_W_BLOCK     spi_flash.o
    0x0800ea04   0x00000138   Code   RO         1158    i.SST25_W_BLOCKQ    spi_flash.o
    0x0800eb3c   0x000000ac   Code   RO         1159    i.SST25_clr_256_BLOCK  spi_flash.o
    0x0800ebe8   0x00000002   Code   RO          246    i.SVC_Handler       stm32f10x_it.o
    0x0800ebea   0x00000002   PAD
    0x0800ebec   0x00000050   Code   RO          758    i.Save_Iap_Config   iap.o
    0x0800ec3c   0x00000024   Code   RO         1026    i.Select_Program_run  iap_updata.o
    0x0800ec60   0x00000080   Code   RO         2343    i.Self_Check        armchair.o
    0x0800ece0   0x00000020   Code   RO          806    i.SendDataFromUartStruct  usart.o
    0x0800ed00   0x00000020   Code   RO         1293    i.SetProtocolReceiveCallBack  protocol.o
    0x0800ed20   0x00000058   Code   RO          450    i.SetTimer          lowprcisiontime.o
    0x0800ed78   0x00000050   Code   RO         1294    i.SetUartParameter  protocol.o
    0x0800edc8   0x0000005a   Code   RO         1932    i.Set_Comm_baud     download_pro.o
    0x0800ee22   0x00000002   PAD
    0x0800ee24   0x00000014   Code   RO         1295    i.SettingCommBps    protocol.o
    0x0800ee38   0x000000cc   Code   RO          807    i.SettingSave       usart.o
    0x0800ef04   0x00000014   Code   RO          808    i.SettingSaveByUSART_FUNCTION  usart.o
    0x0800ef18   0x00000018   Code   RO          809    i.SettingSaveByUSART_TYPE  usart.o
    0x0800ef30   0x0000000c   Code   RO          810    i.SettingSaveByUartStruct  usart.o
    0x0800ef3c   0x00000070   Code   RO          811    i.SetupComDir       usart.o
    0x0800efac   0x0000005c   Code   RO         1296    i.StartSendBuffer   protocol.o
    0x0800f008   0x00000004   Code   RO          247    i.SysTick_Handler   stm32f10x_it.o
    0x0800f00c   0x0000002c   Code   RO          451    i.TIM5_IRQHandler   lowprcisiontime.o
    0x0800f038   0x00000030   Code   RO         2450    i.TM1618_SDA_IN     tm1618.o
    0x0800f068   0x00000024   Code   RO         2451    i.TM1618_SDA_OUT    tm1618.o
    0x0800f08c   0x0000005e   Code   RO         2065    i.TP_GPRS           cdma.o
    0x0800f0ea   0x00000088   Code   RO         2250    i.TP_GPRS1          g510.o
    0x0800f172   0x00000002   PAD
    0x0800f174   0x00000018   Code   RO            4    i.TimingDelay_Decrement  main.o
    0x0800f18c   0x000002a4   Code   RO         2452    i.Tm618_Display     tm1618.o
    0x0800f430   0x00000048   Code   RO         2453    i.Tm618_IO_Init     tm1618.o
    0x0800f478   0x00000048   Code   RO         2454    i.Tm618_Smg_Line    tm1618.o
    0x0800f4c0   0x00000054   Code   RO         2456    i.Tm618_Smg_On      tm1618.o
    0x0800f514   0x00000044   Code   RO         2457    i.Tm618_Smg_clear   tm1618.o
    0x0800f558   0x00000002   Code   RO          812    i.UART4_IRQHandler  usart.o
    0x0800f55a   0x00000002   PAD
    0x0800f55c   0x00000068   Code   RO          813    i.UART5_IRQHandler  usart.o
    0x0800f5c4   0x00000068   Code   RO          814    i.USART1_IRQHandler  usart.o
    0x0800f62c   0x00000070   Code   RO          815    i.USART1_Init       usart.o
    0x0800f69c   0x00000024   Code   RO          816    i.USART1_Timeout    usart.o
    0x0800f6c0   0x00000020   Code   RO         1962    i.USART1_sendchar   qwl_net.o
    0x0800f6e0   0x00000068   Code   RO          817    i.USART2_IRQHandler  usart.o
    0x0800f748   0x0000007c   Code   RO          818    i.USART2_Init       usart.o
    0x0800f7c4   0x00000024   Code   RO          819    i.USART2_Timeout    usart.o
    0x0800f7e8   0x00000020   Code   RO         2538    i.USART2_sendchar   2x1278.o
    0x0800f808   0x00000014   Code   RO         2539    i.USART2_sendstring  2x1278.o
    0x0800f81c   0x00000068   Code   RO          820    i.USART3_IRQHandler  usart.o
    0x0800f884   0x00000090   Code   RO          821    i.USART3_Init       usart.o
    0x0800f914   0x00000024   Code   RO          822    i.USART3_Timeout    usart.o
    0x0800f938   0x00000020   Code   RO         2630    i.USART3_sendchar   amy_net.o
    0x0800f958   0x0000001a   Code   RO         2632    i.USART3_sendstring1  amy_net.o
    0x0800f972   0x00000002   Code   RO          823    i.USART4_Init       usart.o
    0x0800f974   0x00000024   Code   RO          824    i.USART4_Timeout    usart.o
    0x0800f998   0x00000090   Code   RO          825    i.USART5_Init       usart.o
    0x0800fa28   0x00000024   Code   RO          826    i.USART5_Timeout    usart.o
    0x0800fa4c   0x00000020   Code   RO         1122    i.USART5_sendchar   ceshi.o
    0x0800fa6c   0x0000005c   Code   RO          827    i.UartStruct_Init   usart.o
    0x0800fac8   0x0000003c   Code   RO          828    i.Uart_Init         usart.o
    0x0800fb04   0x000002f0   Code   RO         1659    i.Uploading_Pro     uploading_pro.o
    0x0800fdf4   0x000000b8   Code   RO         1660    i.Uploading_Send_F8  uploading_pro.o
    0x0800feac   0x00000002   Code   RO          248    i.UsageFault_Handler  stm32f10x_it.o
    0x0800feae   0x00000002   PAD
    0x0800feb0   0x00000054   Code   RO         2458    i.Write_Byte        tm1618.o
    0x0800ff04   0x00000030   Code   RO         2459    i.Write_Cmd         tm1618.o
    0x0800ff34   0x00000054   Code   RO         2747    i.Write_Flash       flash.o
    0x0800ff88   0x000000d4   Code   RO         2749    i.Write_light_idip  flash.o
    0x0801005c   0x00000028   Code   RO         3325    i.__0sprintf        mc_w.l(printfa.o)
    0x08010084   0x0000000e   Code   RO         3427    i.__scatterload_copy  mc_w.l(handlers.o)
    0x08010092   0x00000002   Code   RO         3428    i.__scatterload_null  mc_w.l(handlers.o)
    0x08010094   0x0000000e   Code   RO         3429    i.__scatterload_zeroinit  mc_w.l(handlers.o)
    0x080100a2   0x00000002   PAD
    0x080100a4   0x00000164   Code   RO         3330    i._fp_digits        mc_w.l(printfa.o)
    0x08010208   0x000006dc   Code   RO         3331    i._printf_core      mc_w.l(printfa.o)
    0x080108e4   0x00000024   Code   RO         3332    i._printf_post_padding  mc_w.l(printfa.o)
    0x08010908   0x0000002e   Code   RO         3333    i._printf_pre_padding  mc_w.l(printfa.o)
    0x08010936   0x0000000a   Code   RO         3335    i._sputc            mc_w.l(printfa.o)
    0x08010940   0x00000040   Code   RO         2633    i.amy_CHKSUM_produce  amy_net.o
    0x08010980   0x000000b0   Code   RO         2540    i.amy_ack_send      2x1278.o
    0x08010a30   0x0000006c   Code   RO         2541    i.amy_config_please  2x1278.o
    0x08010a9c   0x00000124   Code   RO         2542    i.amy_config_send   2x1278.o
    0x08010bc0   0x0000013c   Code   RO         2543    i.amy_config_send_1  2x1278.o
    0x08010cfc   0x000003cc   Code   RO         2634    i.amy_state_send    amy_net.o
    0x080110c8   0x00000090   Code   RO         2792    i.amyack_send_pack  post_protocol.o
    0x08011158   0x00000034   Code   RO         2635    i.amystate_pack_send  amy_net.o
    0x0801118c   0x00000034   Code   RO         2636    i.amystate_send     amy_net.o
    0x080111c0   0x000000d8   Code   RO         2793    i.amystate_send_pack  post_protocol.o
    0x08011298   0x0000002c   Code   RO         2344    i.armchair_change_outIO  armchair.o
    0x080112c4   0x00000014   Code   RO         2345    i.armchair_io_state  armchair.o
    0x080112d8   0x00000014   Code   RO         2346    i.armchair_io_state_1  armchair.o
    0x080112ec   0x0000001e   Code   RO          329    i.asc2hex           basicfunc.o
    0x0801130a   0x00000002   PAD
    0x0801130c   0x00000248   Code   RO         2066    i.cdma_init         cdma.o
    0x08011554   0x00000248   Code   RO         2068    i.cdma_open_GPRS    cdma.o
    0x0801179c   0x00000218   Code   RO         1963    i.cdma_or_nblot     qwl_net.o
    0x080119b4   0x0000005c   Code   RO         1964    i.cdma_or_nblot_setp_init  qwl_net.o
    0x08011a10   0x00000124   Code   RO         2069    i.cdma_reconnect    cdma.o
    0x08011b34   0x00000128   Code   RO         2070    i.cdma_send         cdma.o
    0x08011c5c   0x00000034   Code   RO         1161    i.checktest         spi_flash.o
    0x08011c90   0x0000002e   Code   RO          330    i.chk_LcdMode_chksum  basicfunc.o
    0x08011cbe   0x0000004e   Code   RO          331    i.chk_post_chksum   basicfunc.o
    0x08011d0c   0x0000000c   Code   RO         2071    i.clear_SystemBuf   cdma.o
    0x08011d18   0x00000050   Code   RO         3351    i.free              mc_w.l(malloc.o)
    0x08011d68   0x0000002c   Code   RO         1297    i.getPINFO          protocol.o
    0x08011d94   0x0000002c   Code   RO         1298    i.getPINFO_BC95     protocol.o
    0x08011dc0   0x00000038   Code   RO          759    i.goto_iap          iap.o
    0x08011df8   0x0000000e   Code   RO          332    i.hi_hex2asc        basicfunc.o
    0x08011e06   0x00000002   PAD
    0x08011e08   0x000000d4   Code   RO         2347    i.key_process       armchair.o
    0x08011edc   0x000000b4   Code   RO         2348    i.key_q2x1278_set   armchair.o
    0x08011f90   0x00000010   Code   RO          333    i.low_hex2asc       basicfunc.o
    0x08011fa0   0x0000003a   Code   RO            5    i.main              main.o
    0x08011fda   0x00000002   PAD
    0x08011fdc   0x0000006c   Code   RO         3352    i.malloc            mc_w.l(malloc.o)
    0x08012048   0x00000044   Code   RO         2142    i.nblot_TP_GPRS     nblot.o
    0x0801208c   0x00000530   Code   RO         2143    i.nblot_init        nblot.o
    0x080125bc   0x00000014   Code   RO         2144    i.nblot_init_0      nblot.o
    0x080125d0   0x0000017c   Code   RO         2145    i.nblot_open_GPRS   nblot.o
    0x0801274c   0x00000038   Code   RO         2146    i.nblot_read        nblot.o
    0x08012784   0x00000058   Code   RO         2147    i.nblot_rec         nblot.o
    0x080127dc   0x000000ec   Code   RO         2148    i.nblot_reconnect   nblot.o
    0x080128c8   0x000000fc   Code   RO         2149    i.nblot_send        nblot.o
    0x080129c4   0x00000014   Code   RO         2288    i.net_data_send     protocol_send.o
    0x080129d8   0x00000010   Code   RO         2289    i.net_data_send_delay  protocol_send.o
    0x080129e8   0x00000018   Code   RO         2290    i.net_data_send_init  protocol_send.o
    0x08012a00   0x00000034   Code   RO         1965    i.net_rec           qwl_net.o
    0x08012a34   0x00000038   Code   RO         1966    i.net_send          qwl_net.o
    0x08012a6c   0x000001b0   Code   RO         1967    i.net_state         qwl_net.o
    0x08012c1c   0x0000005c   Code   RO         2794    i.poll_list_send_pack  post_protocol.o
    0x08012c78   0x00000108   Code   RO         2795    i.post_group        post_protocol.o
    0x08012d80   0x0000009c   Code   RO         1661    i.process_00        uploading_pro.o
    0x08012e1c   0x00000150   Code   RO         1662    i.process_12        uploading_pro.o
    0x08012f6c   0x00000070   Code   RO         2291    i.process_F8        protocol_send.o
    0x08012fdc   0x00000348   Code   RO         1663    i.process_fb        uploading_pro.o
    0x08013324   0x00000060   Code   RO         2544    i.q2x1278_check_send  2x1278.o
    0x08013384   0x00000068   Code   RO         2545    i.q2x1278_fb        2x1278.o
    0x080133ec   0x0000002c   Code   RO         2546    i.q2x1278_init      2x1278.o
    0x08013418   0x000000e0   Code   RO         2547    i.q2x1278_plc_send  2x1278.o
    0x080134f8   0x000000e8   Code   RO         2548    i.q2x1278_rec_cofig  2x1278.o
    0x080135e0   0x00000054   Code   RO         2349    i.q2x1278_rec_or_send  armchair.o
    0x08013634   0x00000134   Code   RO         2549    i.q2x1278_set       2x1278.o
    0x08013768   0x00000024   Code   RO         1968    i.qwl_net_init      qwl_net.o
    0x0801378c   0x00000028   Code   RO         1969    i.qwl_net_s_deal    qwl_net.o
    0x080137b4   0x00000004   Code   RO         1970    i.qwl_net_sendchar  qwl_net.o
    0x080137b8   0x00000022   Code   RO         1971    i.qwl_net_sendstring  qwl_net.o
    0x080137da   0x00000014   Code   RO         1972    i.qwl_net_sendstring1  qwl_net.o
    0x080137ee   0x00000004   Code   RO         1123    i.qwl_sendchar      ceshi.o
    0x080137f2   0x00000022   Code   RO         1124    i.qwl_sendstring    ceshi.o
    0x08013814   0x00000014   Code   RO         1125    i.qwl_sendstring1   ceshi.o
    0x08013828   0x0000002c   Code   RO         1162    i.rdcr              spi_flash.o
    0x08013854   0x0000002c   Code   RO         1163    i.rdsr              spi_flash.o
    0x08013880   0x00000054   Code   RO         2460    i.read_key          tm1618.o
    0x080138d4   0x00000058   Code   RO         2461    i.rec_key           tm1618.o
    0x0801392c   0x0000006c   Code   RO         1164    i.sect_clr          spi_flash.o
    0x08013998   0x00000042   Code   RO         2850    i.strsearch         algorithm.o
    0x080139da   0x00000002   PAD
    0x080139dc   0x0000004c   Code   RO         2072    i.strsearch_h       cdma.o
    0x08013a28   0x00000046   Code   RO         2851    i.strsearch_qwl     algorithm.o
    0x08013a6e   0x00000018   Code   RO          334    i.twoascii2byte     basicfunc.o
    0x08013a86   0x00000002   PAD
    0x08013a88   0x00000044   Code   RO         1165    i.unlock            spi_flash.o
    0x08013acc   0x00000074   Code   RO         2292    i.upload_link_send  protocol_send.o
    0x08013b40   0x000000c4   Code   RO         1973    i.usart_init        qwl_net.o
    0x08013c04   0x00000028   Code   RO         1166    i.wdis              spi_flash.o
    0x08013c2c   0x00000024   Code   RO         1167    i.wen               spi_flash.o
    0x08013c50   0x000000ac   Code   RO         2639    i.wg_amy_state      amy_net.o
    0x08013cfc   0x000003f0   Code   RO         2350    i.wg_rec_deal       armchair.o
    0x080140ec   0x00000028   Code   RO         1168    i.wip               spi_flash.o
    0x08014114   0x00000064   Code   RO         1169    i.wsr               spi_flash.o
    0x08014178   0x0000001c   Code   RO         1170    i.wwen              spi_flash.o
    0x08014194   0x000000a4   Code   RO         2351    i.zd_rec_deal       armchair.o
    0x08014238   0x00000080   Data   RO         1300    .constdata          protocol.o
    0x080142b8   0x00000018   Data   RO         1975    .constdata          qwl_net.o
    0x080142d0   0x00000020   Data   RO         2462    .constdata          tm1618.o
    0x080142f0   0x00000100   Data   RO         2797    .constdata          post_protocol.o
    0x080143f0   0x00000020   Data   RO         3425    Region$$Table       anon$$obj.o


    Execution Region RW_IRAM1 (Base: 0x20000000, Size: 0x00005020, Max: 0x0000c000, ABSOLUTE, COMPRESSED[0x00000204])

    Base Addr    Size         Type   Attr      Idx    E Section Name        Object

    0x20000000   0x00000001   Data   RW            6    .data               main.o
    0x20000001   0x00000001   Data   RW          432    .data               data.o
    0x20000002   0x00000001   Data   RW          433    .data               data.o
    0x20000003   0x00000001   PAD
    0x20000004   0x00000008   Data   RW          452    .data               lowprcisiontime.o
    0x2000000c   0x000000bc   Data   RW          830    .data               usart.o
    0x200000c8   0x0000000c   Data   RW         1029    .data               iap_updata.o
    0x200000d4   0x00000003   Data   RW         1171    .data               spi_flash.o
    0x200000d7   0x00000001   Data   RW         1302    .data               protocol.o
    0x200000d8   0x00000004   Data   RW         1448    .data               protocol_debug.o
    0x200000dc   0x00000004   Data   RW         1484    .data               protocol_wcdma.o
    0x200000e0   0x00000004   Data   RW         1524    .data               protocol_msg.o
    0x200000e4   0x00000001   Data   RW         1569    .data               postproda.o
    0x200000e5   0x00000001   Data   RW         1933    .data               download_pro.o
    0x200000e6   0x00000017   Data   RW         1977    .data               qwl_net.o
    0x200000fd   0x00000001   Data   RW         1978    .data               qwl_net.o
    0x200000fe   0x00000016   Data   RW         1979    .data               qwl_net.o
    0x20000114   0x0000006b   Data   RW         2074    .data               cdma.o
    0x2000017f   0x00000128   Data   RW         2155    .data               nblot.o
    0x200002a7   0x00000053   Data   RW         2214    .data               m6312.o
    0x200002fa   0x0000006c   Data   RW         2251    .data               g510.o
    0x20000366   0x00000005   Data   RW         2294    .data               protocol_send.o
    0x2000036b   0x00000001   PAD
    0x2000036c   0x00000018   Data   RW         2354    .data               armchair.o
    0x20000384   0x00000001   Data   RW         2355    .data               armchair.o
    0x20000385   0x00000001   Data   RW         2357    .data               armchair.o
    0x20000386   0x00000001   Data   RW         2358    .data               armchair.o
    0x20000387   0x00000004   Data   RW         2467    .data               tm1618.o
    0x2000038b   0x00000001   Data   RW         2468    .data               tm1618.o
    0x2000038c   0x00000001   Data   RW         2552    .data               2x1278.o
    0x2000038d   0x00000001   PAD
    0x2000038e   0x0000000a   Data   RW         2553    .data               2x1278.o
    0x20000398   0x00000001   Data   RW         2554    .data               2x1278.o
    0x20000399   0x00000001   PAD
    0x2000039a   0x0000000e   Data   RW         2647    .data               amy_net.o
    0x200003a8   0x00000001   Data   RW         2648    .data               amy_net.o
    0x200003a9   0x00000003   Data   RW         2650    .data               amy_net.o
    0x200003ac   0x00000008   Data   RW         2751    .data               flash.o
    0x200003b4   0x00000012   Data   RW         2798    .data               post_protocol.o
    0x200003c6   0x00000002   PAD
    0x200003c8   0x00000014   Data   RW         2869    .data               STM32F10x_lib_HD.lib(system_stm32f10x.o)
    0x200003dc   0x00000014   Data   RW         3032    .data               STM32F10x_lib_HD.lib(stm32f10x_rcc.o)
    0x200003f0   0x00000004   Data   RW         3400    .data               mc_w.l(mvars.o)
    0x200003f4   0x00000004   Data   RW         3401    .data               mc_w.l(mvars.o)
    0x200003f8   0x00000046   Zero   RW          760    .bss                iap.o
    0x2000043e   0x00000002   PAD
    0x20000440   0x0000012c   Zero   RW          829    .bss                usart.o
    0x2000056c   0x0000000a   Zero   RW         1027    .bss                iap_updata.o
    0x20000576   0x00000064   Zero   RW         1299    .bss                protocol.o
    0x200005da   0x00000bd6   Zero   RW         1447    .bss                protocol_debug.o
    0x200011b0   0x00000bd6   Zero   RW         1483    .bss                protocol_wcdma.o
    0x20001d86   0x00000bd6   Zero   RW         1523    .bss                protocol_msg.o
    0x2000295c   0x00000400   Zero   RW         1974    .bss                qwl_net.o
    0x20002d5c   0x00000014   Zero   RW         2073    .bss                cdma.o
    0x20002d70   0x0000157c   Zero   RW         2352    .bss                armchair.o
    0x200042ec   0x00000010   Zero   RW         2353    .bss                armchair.o
    0x200042fc   0x000001c2   Zero   RW         2550    .bss                2x1278.o
    0x200044be   0x00000137   Zero   RW         2640    .bss                amy_net.o
    0x200045f5   0x00000010   Zero   RW         2642    .bss                amy_net.o
    0x20004605   0x00000016   Zero   RW         2750    .bss                flash.o
    0x2000461b   0x00000400   Zero   RW         2796    .bss                post_protocol.o
    0x20004a1b   0x00000005   PAD
    0x20004a20   0x00000200   Zero   RW          309    HEAP                startup_stm32f10x_hd.o
    0x20004c20   0x00000400   Zero   RW          308    STACK               startup_stm32f10x_hd.o


==============================================================================

Image component sizes


      Code (inc. data)   RO Data    RW Data    ZI Data      Debug   Object Name

      1952        398          0         12        450      10496   2x1278.o
       136          0          0          0          0       1884   algorithm.o
      2016        456          0         18        327      11315   amy_net.o
       250         16          0          0          0      18209   api.o
      2828        534          0         27       5516      13515   armchair.o
       402          0          0          0          0       9456   basicfunc.o
      2082        580          0        107         20       8270   cdma.o
        90          6          0          0          0       2774   ceshi.o
         0          0          0          2          0        391   data.o
       304         12          0          0          0       4489   download.o
       482         52          0          1          0       3884   download_pro.o
      1440        344          0          8         22       4359   flash.o
      1920        552          0        108          0       5481   g510.o
        38          0          0          0          0       1060   gpiomap.o
       196         30          0          0         70      18312   iap.o
       820         94          0         12         10      21549   iap_updata.o
        36          8          0          0          0        527   led.o
       444         40          0          8          0       6554   lowprcisiontime.o
      1756        544          0         83          0       4755   m6312.o
       176         10          0          1          0     282841   main.o
      2428        762          0        296          0       8233   nblot.o
       948         76        256         18       1024       6909   post_protocol.o
       600         24          0          1          0       9001   postproda.o
      2234        128        128          1        100      20316   protocol.o
       428         56          0          4       3030       3974   protocol_debug.o
       468         56          0          4       3030       3996   protocol_msg.o
       288         62          0          5          0       4747   protocol_send.o
       548         70          0          4       3030       4704   protocol_wcdma.o
        48          0          0          0          0       1107   protocolreccallback.o
      1666        366         24         46       1024      11841   qwl_net.o
      1860        146          0          3          0      13821   spi_flash.o
        36          8        304          0       1536        868   startup_stm32f10x_hd.o
        20          0          0          0          0       4694   stm32f10x_it.o
      1360         82         32          5          0       8703   tm1618.o
      2760        800          0          0          0     233737   uploading_pro.o
      2828        256          0        188        300      25620   usart.o

    ----------------------------------------------------------------------
     35928       6568        776        968      19496     792392   Object Totals
         0          0         32          0          0          0   (incl. Generated)
        40          0          0          6          7          0   (incl. Padding)

    ----------------------------------------------------------------------

      Code (inc. data)   RO Data    RW Data    ZI Data      Debug   Library Member Name

       224         20          0          0          0       1833   misc.o
       596          8          0          0          0       3647   stm32f10x_dma.o
      1508         38          0          0          0       8230   stm32f10x_flash.o
       840         38          0          0          0       5713   stm32f10x_gpio.o
       912         32          0         20          0       8832   stm32f10x_rcc.o
       780         14          0          0          0       6650   stm32f10x_spi.o
      3174         74          0          0          0      22224   stm32f10x_tim.o
      1032         20          0          0          0       8468   stm32f10x_usart.o
       444         32          0         20          0     274099   system_stm32f10x.o
        86          0          0          0          0          0   __dczerorl2.o
         0          0          0          0          0          0   entry.o
         0          0          0          0          0          0   entry10a.o
         0          0          0          0          0          0   entry11a.o
         8          4          0          0          0          0   entry2.o
         4          0          0          0          0          0   entry5.o
         0          0          0          0          0          0   entry7b.o
         0          0          0          0          0          0   entry8b.o
         8          4          0          0          0          0   entry9a.o
        30          0          0          0          0          0   handlers.o
        36          8          0          0          0         68   init.o
         0          0          0          0          0          0   iusefp.o
        30          0          0          0          0         68   llshl.o
        36          0          0          0          0         68   llsshr.o
        32          0          0          0          0         68   llushr.o
       188         20          0          0          0        160   malloc.o
        36          0          0          0          0         68   memcpya.o
        36          0          0          0          0        108   memseta.o
         0          0          0          8          0          0   mvars.o
      2244         86          0          0          0        512   printfa.o
        44          0          0          0          0         80   uidiv.o
        98          0          0          0          0         92   uldiv.o
        40          2          0          0          0         68   cdrcmple.o
       334          0          0          0          0        148   dadd.o
       222          0          0          0          0        100   ddiv.o
       182          0          0          0          0        176   depilogue.o
        48          0          0          0          0         68   dfixul.o
       228          0          0          0          0         96   dmul.o

    ----------------------------------------------------------------------
     13488        400          0         48          0     341644   Library Totals
         8          0          0          0          0          0   (incl. Padding)

    ----------------------------------------------------------------------

      Code (inc. data)   RO Data    RW Data    ZI Data      Debug   Library Name

      9510        276          0         40          0     339696   STM32F10x_lib_HD.lib
      2916        122          0          8          0       1292   mc_w.l
      1054          2          0          0          0        656   mf_w.l

    ----------------------------------------------------------------------
     13488        400          0         48          0     341644   Library Totals

    ----------------------------------------------------------------------

==============================================================================


      Code (inc. data)   RO Data    RW Data    ZI Data      Debug   

     49416       6968        776       1016      19496    1116164   Grand Totals
     49416       6968        776        516      19496    1116164   ELF Image Totals (compressed)
     49416       6968        776        516          0          0   ROM Totals

==============================================================================

    Total RO  Size (Code + RO Data)                50192 (  49.02kB)
    Total RW  Size (RW Data + ZI Data)             20512 (  20.03kB)
    Total ROM Size (Code + RO Data + RW Data)      50708 (  49.52kB)

==============================================================================

