<html>
<body>
<pre>
<h1>礦ision Build Log</h1>
<h2>Project:</h2>
F:\魔豆科技\按摩椅\比较贵按摩椅\按摩椅程序\按摩椅远程升级20170823与路灯升级功能同步\Project\amy.uvproj
Project File Date:  09/02/2017

<h2>Output:</h2>
Build target 'STM32_Flash'
compiling main.c...
compiling stm32f10x_it.c...
compiling BasicFunc.c...
compiling data.c...
compiling LowPrcisionTime.c...
compiling api.c...
compiling WatchDog.c...
compiling IAP.c...
compiling USART.c...
compiling iap_updata.c...
compiling LED.c...
compiling GpioMap.c...
compiling CESHI.C...
compiling Spi_Flash.c...
..\BSP\SpiFlash\Spi_Flash.c(496): warning:  #550-D: variable "byu1" was set but never used
        char byu1,byu2;
..\BSP\SpiFlash\Spi_Flash.c(496): warning:  #550-D: variable "byu2" was set but never used
        char byu1,byu2;
..\BSP\SpiFlash\Spi_Flash.c: 2 warnings, 0 errors
compiling Protocol.c...
compiling ProtocolRecCallBack.c...
compiling Protocol_Debug.c...
compiling Protocol_wcdma.c...
compiling Protocol_MSG.c...
compiling PostProDa.c...
compiling Uploading_Pro.c...
..\Protocol\PostProDa\Uploading_Pro.c(26): warning:  #177-D: variable "Cmd" was declared but never referenced
  {     uchar  Cmd = DaPtr[4];
..\Protocol\PostProDa\Uploading_Pro.c: 1 warning, 0 errors
compiling DownLoad.c...
compiling DownLoad_Pro.c...
compiling qwl_net.c...
compiling cdma.c...
compiling nblot.c...
compiling Protocol_send.c...
compiling armchair.c...
compiling TM1618.c...
compiling 2x1278.c...
compiling amy_net.c...
compiling flash.c...
compiling post_protocol.c...
compiling algorithm.c...
linking...
Program Size: Code=44920 RO-data=776 RW-data=812 ZI-data=19452  
FromELF: creating hex file...
After Build - User command #1: D:\360data\Keil_v5\ARM\ARMCC\bin\fromelf.exe --bin .\Obj_Flash\armchair2_2.axf --output .\bin\armchair2_2.bin
".\Obj_Flash\armchair2_2.axf" - 0 Error(s), 3 Warning(s).
Load "F:\\魔豆科技\\按摩椅\\比较贵按摩椅\\按摩椅程序\\按摩椅远程升级20170823与路灯升级功能同步\\Project\\Obj_Flash\\armchair2_2.axf" 
Set JLink Project File to "F:\魔豆科技\按摩椅\比较贵按摩椅\按摩椅程序\按摩椅远程升级20170823与路灯升级功能同步\Project\JLinkSettings.ini"
* JLink Info: Device "STM32F103VC" selected.
 
JLink info:
------------
DLL: V5.12a, compiled Apr 12 2016 17:39:55
Firmware: J-Link V9 compiled Mar 29 2016 18:46:37
Hardware: V9.20
Feature(s) : RDI, GDB, FlashDL, FlashBP, JFlash, RDDI 
 
* JLink Info: Found SWD-DP with ID 0x1BA01477
* JLink Info: Found SWD-DP with ID 0x1BA01477
* JLink Info: Found Cortex-M3 r1p1, Little endian.
* JLink Info: FPUnit: 6 code (BP) slots and 2 literal slots
* JLink Info: CoreSight components:
* JLink Info: ROMTbl 0 @ E00FF000
* JLink Info: ROMTbl 0 [0]: FFF0F000, CID: B105E00D, PID: 001BB000 SCS
* JLink Info: ROMTbl 0 [1]: FFF02000, CID: B105E00D, PID: 001BB002 DWT
* JLink Info: ROMTbl 0 [2]: FFF03000, CID: B105E00D, PID: 000BB003 FPB
* JLink Info: ROMTbl 0 [3]: FFF01000, CID: B105E00D, PID: 001BB001 ITM
* JLink Info: ROMTbl 0 [4]: FFF41000, CID: B105900D, PID: 001BB923 TPIU-Lite
* JLink Info: ROMTbl 0 [5]: FFF42000, CID: B105900D, PID: 101BB924 ETM-M3
ROMTableAddr = 0xE00FF003
 
Target info:
------------
Device: STM32F103VC
VTarget = 3.298V
State of Pins: 
TCK: 0, TDI: 1, TDO: 0, TMS: 0, TRES: 1, TRST: 1
Hardware-Breakpoints: 6
Software-Breakpoints: 8192
Watchpoints:          4
JTAG speed: 2000 kHz
 
Erase Done.
Programming Done.
Verify OK.
Application running ...
</pre>
</body>
</html>
