Product: MDK-ARM Professional 5.10
Component: ARM Compiler 5.04 update 1 (build 49)
Tool: armlink [5040049]

==============================================================================

Section Cross References

    main.o(i.InitChip) refers to system_stm32f10x.o(.text) for SystemInit
    main.o(i.InitChip) refers to misc.o(.text) for NVIC_SetVectorTable
    main.o(i.InitHardWare) refers to main.o(i.InitChip) for InitChip
    main.o(i.InitHardWare) refers to api.o(i.API_Led_Init) for API_Led_Init
    main.o(i.InitHardWare) refers to api.o(i.API_Armchair_IO_Init) for API_Armchair_IO_Init
    main.o(i.InitHardWare) refers to api.o(i.API_SPI_Flash_Init) for API_SPI_Flash_Init
    main.o(i.InitHardWare) refers to api.o(i.API_Protocols_Init) for API_Protocols_Init
    main.o(i.InitHardWare) refers to api.o(i.API_Timers_Init) for API_Timers_Init
    main.o(i.InitSoftSystem) refers to api.o(i.API_SetTimer) for API_SetTimer
    main.o(i.InitSoftSystem) refers to api.o(i.API_qwl_net_init) for API_qwl_net_init
    main.o(i.InitSoftSystem) refers to api.o(i.API_net_data_send_init) for API_net_data_send_init
    main.o(i.InitSoftSystem) refers to api.o(i.API_StartRunTimer) for API_StartRunTimer
    main.o(i.InitSoftSystem) refers to api.o(i.API_Armchair_Init) for API_Armchair_Init
    main.o(i.InitSoftSystem) refers to api.o(i.API_Select_Program_run) for API_Select_Program_run
    main.o(i.TimingDelay_Decrement) refers to main.o(.data) for .data
    main.o(i.main) refers to main.o(i.InitHardWare) for InitHardWare
    main.o(i.main) refers to main.o(i.InitSoftSystem) for InitSoftSystem
    main.o(i.main) refers to api.o(i.API_Check_Run_User_Program_Falg) for API_Check_Run_User_Program_Falg
    main.o(i.main) refers to api.o(i.API_WatchDog_Feed) for API_WatchDog_Feed
    main.o(i.main) refers to lowprcisiontime.o(i.DoTimer) for DoTimer
    main.o(i.main) refers to api.o(i.API_DoProtocols) for API_DoProtocols
    main.o(i.main) refers to api.o(i.API_net_state) for API_net_state
    main.o(i.main) refers to api.o(i.API_net_data_send) for API_net_data_send
    main.o(i.main) refers to api.o(i.API_ARMCHAIR_DEAL) for API_ARMCHAIR_DEAL
    main.o(i.main) refers to armchair.o(.data) for amy_config
    stm32f10x_it.o(i.SysTick_Handler) refers to main.o(i.TimingDelay_Decrement) for TimingDelay_Decrement
    startup_stm32f10x_hd.o(RESET) refers to startup_stm32f10x_hd.o(STACK) for __initial_sp
    startup_stm32f10x_hd.o(RESET) refers to startup_stm32f10x_hd.o(.text) for Reset_Handler
    startup_stm32f10x_hd.o(RESET) refers to stm32f10x_it.o(i.NMI_Handler) for NMI_Handler
    startup_stm32f10x_hd.o(RESET) refers to stm32f10x_it.o(i.HardFault_Handler) for HardFault_Handler
    startup_stm32f10x_hd.o(RESET) refers to stm32f10x_it.o(i.MemManage_Handler) for MemManage_Handler
    startup_stm32f10x_hd.o(RESET) refers to stm32f10x_it.o(i.BusFault_Handler) for BusFault_Handler
    startup_stm32f10x_hd.o(RESET) refers to stm32f10x_it.o(i.UsageFault_Handler) for UsageFault_Handler
    startup_stm32f10x_hd.o(RESET) refers to stm32f10x_it.o(i.SVC_Handler) for SVC_Handler
    startup_stm32f10x_hd.o(RESET) refers to stm32f10x_it.o(i.DebugMon_Handler) for DebugMon_Handler
    startup_stm32f10x_hd.o(RESET) refers to stm32f10x_it.o(i.PendSV_Handler) for PendSV_Handler
    startup_stm32f10x_hd.o(RESET) refers to stm32f10x_it.o(i.SysTick_Handler) for SysTick_Handler
    startup_stm32f10x_hd.o(RESET) refers to usart.o(i.DMA1_Channel3_IRQHandler) for DMA1_Channel3_IRQHandler
    startup_stm32f10x_hd.o(RESET) refers to usart.o(i.DMA1_Channel5_IRQHandler) for DMA1_Channel5_IRQHandler
    startup_stm32f10x_hd.o(RESET) refers to usart.o(i.DMA1_Channel6_IRQHandler) for DMA1_Channel6_IRQHandler
    startup_stm32f10x_hd.o(RESET) refers to usart.o(i.USART1_IRQHandler) for USART1_IRQHandler
    startup_stm32f10x_hd.o(RESET) refers to usart.o(i.USART2_IRQHandler) for USART2_IRQHandler
    startup_stm32f10x_hd.o(RESET) refers to usart.o(i.USART3_IRQHandler) for USART3_IRQHandler
    startup_stm32f10x_hd.o(RESET) refers to lowprcisiontime.o(i.TIM5_IRQHandler) for TIM5_IRQHandler
    startup_stm32f10x_hd.o(RESET) refers to usart.o(i.UART4_IRQHandler) for UART4_IRQHandler
    startup_stm32f10x_hd.o(RESET) refers to usart.o(i.UART5_IRQHandler) for UART5_IRQHandler
    startup_stm32f10x_hd.o(RESET) refers to usart.o(i.DMA2_Channel3_IRQHandler) for DMA2_Channel3_IRQHandler
    startup_stm32f10x_hd.o(.text) refers to system_stm32f10x.o(.text) for SystemInit
    startup_stm32f10x_hd.o(.text) refers to entry.o(.ARM.Collect$$$$00000000) for __main
    basicfunc.o(i.AscTOHex) refers to basicfunc.o(i.asc2hex) for asc2hex
    basicfunc.o(i.AscToHexFun) refers to basicfunc.o(i.AscTOHex) for AscTOHex
    basicfunc.o(i.AscWord2Byte) refers to basicfunc.o(i.asc2hex) for asc2hex
    basicfunc.o(i.CS_Delay_10_uS) refers to basicfunc.o(i.Delay_2us) for Delay_2us
    basicfunc.o(i.Delay_MS) refers to api.o(i.API_WatchDog_Feed) for API_WatchDog_Feed
[...]
    TIM_GetCapture4                          0x0800a233   Thumb Code     8  stm32f10x_tim.o(.text)
    TIM_GetCounter                           0x0800a23b   Thumb Code     6  stm32f10x_tim.o(.text)
    TIM_GetPrescaler                         0x0800a241   Thumb Code     6  stm32f10x_tim.o(.text)
    TIM_GetFlagStatus                        0x0800a247   Thumb Code    18  stm32f10x_tim.o(.text)
    TIM_ClearFlag                            0x0800a259   Thumb Code     6  stm32f10x_tim.o(.text)
    TIM_GetITStatus                          0x0800a25f   Thumb Code    34  stm32f10x_tim.o(.text)
    TIM_ClearITPendingBit                    0x0800a281   Thumb Code     6  stm32f10x_tim.o(.text)
    USART_DeInit                             0x0800a289   Thumb Code   134  stm32f10x_usart.o(.text)
    USART_Init                               0x0800a30f   Thumb Code   210  stm32f10x_usart.o(.text)
    USART_StructInit                         0x0800a3e1   Thumb Code    24  stm32f10x_usart.o(.text)
    USART_ClockInit                          0x0800a3f9   Thumb Code    32  stm32f10x_usart.o(.text)
    USART_ClockStructInit                    0x0800a419   Thumb Code    12  stm32f10x_usart.o(.text)
    USART_Cmd                                0x0800a425   Thumb Code    24  stm32f10x_usart.o(.text)
    USART_ITConfig                           0x0800a43d   Thumb Code    72  stm32f10x_usart.o(.text)
    USART_DMACmd                             0x0800a485   Thumb Code    24  stm32f10x_usart.o(.text)
    USART_SetAddress                         0x0800a49d   Thumb Code    18  stm32f10x_usart.o(.text)
    USART_WakeUpConfig                       0x0800a4af   Thumb Code    18  stm32f10x_usart.o(.text)
    USART_ReceiverWakeUpCmd                  0x0800a4c1   Thumb Code    24  stm32f10x_usart.o(.text)
    USART_LINBreakDetectLengthConfig         0x0800a4d9   Thumb Code    18  stm32f10x_usart.o(.text)
    USART_LINCmd                             0x0800a4eb   Thumb Code    24  stm32f10x_usart.o(.text)
    USART_SendData                           0x0800a503   Thumb Code     8  stm32f10x_usart.o(.text)
    USART_ReceiveData                        0x0800a50b   Thumb Code    10  stm32f10x_usart.o(.text)
    USART_SendBreak                          0x0800a515   Thumb Code    10  stm32f10x_usart.o(.text)
    USART_SetGuardTime                       0x0800a51f   Thumb Code    16  stm32f10x_usart.o(.text)
    USART_SetPrescaler                       0x0800a52f   Thumb Code    16  stm32f10x_usart.o(.text)
    USART_SmartCardCmd                       0x0800a53f   Thumb Code    24  stm32f10x_usart.o(.text)
    USART_SmartCardNACKCmd                   0x0800a557   Thumb Code    24  stm32f10x_usart.o(.text)
    USART_HalfDuplexCmd                      0x0800a56f   Thumb Code    24  stm32f10x_usart.o(.text)
    USART_OverSampling8Cmd                   0x0800a587   Thumb Code    22  stm32f10x_usart.o(.text)
    USART_OneBitMethodCmd                    0x0800a59d   Thumb Code    24  stm32f10x_usart.o(.text)
    USART_IrDAConfig                         0x0800a5b5   Thumb Code    18  stm32f10x_usart.o(.text)
    USART_IrDACmd                            0x0800a5c7   Thumb Code    24  stm32f10x_usart.o(.text)
    USART_GetFlagStatus                      0x0800a5df   Thumb Code    26  stm32f10x_usart.o(.text)
    USART_ClearFlag                          0x0800a5f9   Thumb Code    18  stm32f10x_usart.o(.text)
    USART_GetITStatus                        0x0800a60b   Thumb Code    84  stm32f10x_usart.o(.text)
    USART_ClearITPendingBit                  0x0800a65f   Thumb Code    50  stm32f10x_usart.o(.text)
    __aeabi_memcpy                           0x0800a691   Thumb Code    36  memcpya.o(.text)
    __aeabi_memcpy4                          0x0800a691   Thumb Code     0  memcpya.o(.text)
    __aeabi_memcpy8                          0x0800a691   Thumb Code     0  memcpya.o(.text)
    __aeabi_memset                           0x0800a6b5   Thumb Code    14  memseta.o(.text)
    __aeabi_memset4                          0x0800a6b5   Thumb Code     0  memseta.o(.text)
    __aeabi_memset8                          0x0800a6b5   Thumb Code     0  memseta.o(.text)
    __aeabi_memclr                           0x0800a6c3   Thumb Code     4  memseta.o(.text)
    __aeabi_memclr4                          0x0800a6c3   Thumb Code     0  memseta.o(.text)
    __aeabi_memclr8                          0x0800a6c3   Thumb Code     0  memseta.o(.text)
    _memset$wrapper                          0x0800a6c7   Thumb Code    18  memseta.o(.text)
    __aeabi_uidiv                            0x0800a6d9   Thumb Code     0  uidiv.o(.text)
    __aeabi_uidivmod                         0x0800a6d9   Thumb Code    44  uidiv.o(.text)
    __aeabi_uldivmod                         0x0800a705   Thumb Code    98  uldiv.o(.text)
    __I$use$fp                               0x0800a767   Thumb Code     0  iusefp.o(.text)
    __aeabi_dadd                             0x0800a767   Thumb Code   322  dadd.o(.text)
    __aeabi_dsub                             0x0800a8a9   Thumb Code     6  dadd.o(.text)
    __aeabi_drsub                            0x0800a8af   Thumb Code     6  dadd.o(.text)
    __aeabi_dmul                             0x0800a8b5   Thumb Code   228  dmul.o(.text)
    __aeabi_ddiv                             0x0800a999   Thumb Code   222  ddiv.o(.text)
    __aeabi_d2ulz                            0x0800aa77   Thumb Code    48  dfixul.o(.text)
    __aeabi_cdrcmple                         0x0800aaa9   Thumb Code    38  cdrcmple.o(.text)
    __scatterload                            0x0800aad1   Thumb Code    28  init.o(.text)
    __scatterload_rt2                        0x0800aad1   Thumb Code     0  init.o(.text)
    __aeabi_llsl                             0x0800aaf5   Thumb Code    30  llshl.o(.text)
    _ll_shift_l                              0x0800aaf5   Thumb Code     0  llshl.o(.text)
    __aeabi_llsr                             0x0800ab13   Thumb Code    32  llushr.o(.text)
    _ll_ushift_r                             0x0800ab13   Thumb Code     0  llushr.o(.text)
    __aeabi_lasr                             0x0800ab33   Thumb Code    36  llsshr.o(.text)
    _ll_sshift_r                             0x0800ab33   Thumb Code     0  llsshr.o(.text)
    _double_round                            0x0800ab57   Thumb Code    26  depilogue.o(.text)
    _double_epilogue                         0x0800ab71   Thumb Code   156  depilogue.o(.text)
    __decompress                             0x0800ac0d   Thumb Code     0  __dczerorl2.o(.text)
    __decompress1                            0x0800ac0d   Thumb Code    86  __dczerorl2.o(.text)
    AMY_addr_please_set                      0x0800ac65   Thumb Code   206  uploading_pro.o(i.AMY_addr_please_set)
    API_ARMCHAIR_DEAL                        0x0800adc9   Thumb Code     4  api.o(i.API_ARMCHAIR_DEAL)
    API_ARMCHAIR_TIME                        0x0800adcd   Thumb Code     4  api.o(i.API_ARMCHAIR_TIME)
    API_AddProtocolBuffer                    0x0800add1   Thumb Code     4  api.o(i.API_AddProtocolBuffer)
    API_Armchair_IO_Init                     0x0800add5   Thumb Code     4  api.o(i.API_Armchair_IO_Init)
    API_Armchair_Init                        0x0800add9   Thumb Code     4  api.o(i.API_Armchair_Init)
    API_Check_Run_User_Program_Falg          0x0800addd   Thumb Code     4  api.o(i.API_Check_Run_User_Program_Falg)
    API_DoProtocols                          0x0800ade1   Thumb Code     4  api.o(i.API_DoProtocols)
    API_GetProtocolBufferOrLen               0x0800ade5   Thumb Code     4  api.o(i.API_GetProtocolBufferOrLen)
    API_Get_Iap_Config                       0x0800ade9   Thumb Code     4  api.o(i.API_Get_Iap_Config)
    API_IAP_Update_End                       0x0800aded   Thumb Code     4  api.o(i.API_IAP_Update_End)
    API_IAP_Update_Start                     0x0800adf1   Thumb Code     4  api.o(i.API_IAP_Update_Start)
    API_IAP_Update_Write                     0x0800adf5   Thumb Code     4  api.o(i.API_IAP_Update_Write)
    API_KillTimer                            0x0800adf9   Thumb Code     4  api.o(i.API_KillTimer)
    API_Led_Init                             0x0800adfd   Thumb Code    10  api.o(i.API_Led_Init)
    API_Protocols_Init                       0x0800ae07   Thumb Code    10  api.o(i.API_Protocols_Init)
    API_ResetProtocolBuffer                  0x0800ae11   Thumb Code     4  api.o(i.API_ResetProtocolBuffer)
    API_SPI_Flash_Init                       0x0800ae15   Thumb Code    10  api.o(i.API_SPI_Flash_Init)
    API_Select_Program_run                   0x0800ae1f   Thumb Code     4  api.o(i.API_Select_Program_run)
    API_SetComParameter                      0x0800ae23   Thumb Code    12  api.o(i.API_SetComParameter)
    API_SetTimer                             0x0800ae2f   Thumb Code    12  api.o(i.API_SetTimer)
    API_StartRunTimer                        0x0800ae3b   Thumb Code    10  api.o(i.API_StartRunTimer)
    API_StartSendBuffer                      0x0800ae45   Thumb Code     4  api.o(i.API_StartSendBuffer)
    API_Timers_Init                          0x0800ae49   Thumb Code    10  api.o(i.API_Timers_Init)
    API_WatchDog_Feed                        0x0800ae53   Thumb Code     4  api.o(i.API_WatchDog_Feed)
    API_WatchDog_Init                        0x0800ae57   Thumb Code     4  api.o(i.API_WatchDog_Init)
    API_goto_iap                             0x0800ae5b   Thumb Code     4  api.o(i.API_goto_iap)
    API_nblot_init_0                         0x0800ae5f   Thumb Code     4  api.o(i.API_nblot_init_0)
    API_net_data_send                        0x0800ae65   Thumb Code    18  api.o(i.API_net_data_send)
    API_net_data_send_init                   0x0800ae7d   Thumb Code    28  api.o(i.API_net_data_send_init)
    API_net_rec                              0x0800ae9d   Thumb Code    10  api.o(i.API_net_rec)
    API_net_state                            0x0800aea9   Thumb Code    14  api.o(i.API_net_state)
    API_qwl_net_init                         0x0800aebd   Thumb Code    10  api.o(i.API_qwl_net_init)
    ARMCHAIR_DEAL                            0x0800aec9   Thumb Code    40  armchair.o(i.ARMCHAIR_DEAL)
    ARMCHAIR_S_IQR                           0x0800aef5   Thumb Code   110  armchair.o(i.ARMCHAIR_S_IQR)
    ARMCHAIR_TIME                            0x0800af91   Thumb Code    10  armchair.o(i.ARMCHAIR_TIME)
    AddProtocolBuffer                        0x0800afa1   Thumb Code   112  protocol.o(i.AddProtocolBuffer)
    Amy_Record_Store                         0x0800b015   Thumb Code   118  armchair.o(i.Amy_Record_Store)
    Armchair_IO_Init                         0x0800b0c5   Thumb Code    76  armchair.o(i.Armchair_IO_Init)
    Armchair_Init                            0x0800b121   Thumb Code    36  armchair.o(i.Armchair_Init)
    AscTOHex                                 0x0800b149   Thumb Code    24  basicfunc.o(i.AscTOHex)
    AscToHexFun                              0x0800b161   Thumb Code    38  basicfunc.o(i.AscToHexFun)
    BusFault_Handler                         0x0800b187   Thumb Code     2  stm32f10x_it.o(i.BusFault_Handler)
    CDMA_IO_Init                             0x0800b189   Thumb Code    60  cdma.o(i.CDMA_IO_Init)
    CRC8_Table                               0x0800b1c9   Thumb Code    28  post_protocol.o(i.CRC8_Table)
    CS_Delay_10_uS                           0x0800b1e9   Thumb Code    26  basicfunc.o(i.CS_Delay_10_uS)
    CheckNode                                0x0800b205   Thumb Code    22  lowprcisiontime.o(i.CheckNode)
    Check_Run_User_Program_Falg              0x0800b311   Thumb Code    20  iap_updata.o(i.Check_Run_User_Program_Falg)
    DMA1_Channel3_IRQHandler                 0x0800b329   Thumb Code     8  usart.o(i.DMA1_Channel3_IRQHandler)
    DMA1_Channel5_IRQHandler                 0x0800b335   Thumb Code     8  usart.o(i.DMA1_Channel5_IRQHandler)
    DMA1_Channel6_IRQHandler                 0x0800b341   Thumb Code     8  usart.o(i.DMA1_Channel6_IRQHandler)
    DMA2_Channel3_IRQHandler                 0x0800b34d   Thumb Code     8  usart.o(i.DMA2_Channel3_IRQHandler)
    DMA_UART_Receive                         0x0800b359   Thumb Code   204  usart.o(i.DMA_UART_Receive)
    DMA_UART_Receive_Process                 0x0800b439   Thumb Code   272  usart.o(i.DMA_UART_Receive_Process)
    DMA_USART_Timeout                        0x0800b559   Thumb Code    72  usart.o(i.DMA_USART_Timeout)
    DMA_UsartConfiguration                   0x0800b5b5   Thumb Code   138  usart.o(i.DMA_UsartConfiguration)
    DMA_Usart_Init                           0x0800b649   Thumb Code   164  usart.o(i.DMA_Usart_Init)
    DealPostPro                              0x0800b6f9   Thumb Code    20  postproda.o(i.DealPostPro)
    DealPostProtocol                         0x0800b70d   Thumb Code   154  postproda.o(i.DealPostProtocol)
    DebugMon_Handler                         0x0800b7b1   Thumb Code     2  stm32f10x_it.o(i.DebugMon_Handler)
    DelTimer                                 0x0800b7b5   Thumb Code    68  lowprcisiontime.o(i.DelTimer)
    Delay_1us                                0x0800b7fd   Thumb Code    12  basicfunc.o(i.Delay_1us)
    Delay_2us                                0x0800b809   Thumb Code    12  basicfunc.o(i.Delay_2us)
    Delay_MS                                 0x0800b815   Thumb Code    32  basicfunc.o(i.Delay_MS)
    Delay_US_FALSH                           0x0800b835   Thumb Code    22  spi_flash.o(i.Delay_US_FALSH)
    Delay_uS                                 0x0800b84b   Thumb Code    18  basicfunc.o(i.Delay_uS)
    DoProtocolReceiveAnalysis                0x0800b885   Thumb Code    14  protocol.o(i.DoProtocolReceiveAnalysis)
    DoProtocolReceiveAnalysis_BC95           0x0800b895   Thumb Code   442  protocol.o(i.DoProtocolReceiveAnalysis_BC95)
    DoProtocolReceiveAnalysis_ZTE            0x0800ba5d   Thumb Code   330  protocol.o(i.DoProtocolReceiveAnalysis_ZTE)
    DoProtocol_DMA_ReceiveAnalysis           0x0800bbad   Thumb Code   350  protocol.o(i.DoProtocol_DMA_ReceiveAnalysis)
    DoProtocols                              0x0800bd11   Thumb Code    30  protocol.o(i.DoProtocols)
    DoTimer                                  0x0800bd35   Thumb Code    82  lowprcisiontime.o(i.DoTimer)
    DownLoad_DealPro                         0x0800bd8d   Thumb Code    20  download.o(i.DownLoad_DealPro)
    DownLoad_DealProtocol                    0x0800bda1   Thumb Code    64  download.o(i.DownLoad_DealProtocol)
    DownLoad_Pro                             0x0800bde5   Thumb Code    62  download_pro.o(i.DownLoad_Pro)
    DownLoad_SendByte                        0x0800be31   Thumb Code    12  download.o(i.DownLoad_SendByte)
    DownLoad_SendChksum                      0x0800be3d   Thumb Code    82  download.o(i.DownLoad_SendChksum)
    DownLoad_SendHead                        0x0800be8f   Thumb Code    58  download.o(i.DownLoad_SendHead)
    DownLoad_SendTail                        0x0800bec9   Thumb Code    44  download.o(i.DownLoad_SendTail)
    EnableCom                                0x0800bef5   Thumb Code    32  usart.o(i.EnableCom)
    FlashReadID                              0x0800bf15   Thumb Code    62  spi_flash.o(i.FlashReadID)
    GATEWAY_heart_link                       0x0800bf5d   Thumb Code    44  amy_net.o(i.GATEWAY_heart_link)
    GATEWAY_heart_send                       0x0800bfa1   Thumb Code   122  amy_net.o(i.GATEWAY_heart_send)
    GATEWAY_heart_send_pack                  0x0800c055   Thumb Code   102  post_protocol.o(i.GATEWAY_heart_send_pack)
    GATEWAY_list_link                        0x0800c0d1   Thumb Code    44  amy_net.o(i.GATEWAY_list_link)
    GATEWAY_list_send                        0x0800c11d   Thumb Code   168  amy_net.o(i.GATEWAY_list_send)
    GATEWAY_list_send_pack                   0x0800c21d   Thumb Code   456  post_protocol.o(i.GATEWAY_list_send_pack)
    GATEWAY_peizhi_pack                      0x0800c401   Thumb Code    54  post_protocol.o(i.GATEWAY_peizhi_pack)
    GATEWAY_send                             0x0800c43d   Thumb Code    34  amy_net.o(i.GATEWAY_send)
    GSM_RESET                                0x0800c465   Thumb Code    74  cdma.o(i.GSM_RESET)
    GetProtocolBufferOrLen                   0x0800c4b5   Thumb Code    42  protocol.o(i.GetProtocolBufferOrLen)
    GetProtocolResource                      0x0800c4e5   Thumb Code    22  protocol.o(i.GetProtocolResource)
    GetUartStructBaseFunction                0x0800c501   Thumb Code    16  usart.o(i.GetUartStructBaseFunction)
    GetUtProtocolResource                    0x0800c515   Thumb Code    24  usart.o(i.GetUtProtocolResource)
    Get_Iap_Config                           0x0800c531   Thumb Code    52  iap.o(i.Get_Iap_Config)
    Get_Usart_Function                       0x0800c56d   Thumb Code    22  usart.o(i.Get_Usart_Function)
    Gpio_Init                                0x0800c589   Thumb Code    38  gpiomap.o(i.Gpio_Init)
    HardFault_Handler                        0x0800c5af   Thumb Code     2  stm32f10x_it.o(i.HardFault_Handler)
    IAP_ReStart                              0x0800c5b1   Thumb Code    44  iap_updata.o(i.IAP_ReStart)
    IAP_Update_End                           0x0800c5e9   Thumb Code    86  iap_updata.o(i.IAP_Update_End)
    IAP_Update_Start                         0x0800c655   Thumb Code    80  iap_updata.o(i.IAP_Update_Start)
    IAP_Update_Write                         0x0800c6ad   Thumb Code   480  iap_updata.o(i.IAP_Update_Write)
    InitChip                                 0x0800c8b5   Thumb Code    20  main.o(i.InitChip)
    InitHardWare                             0x0800c8c9   Thumb Code    30  main.o(i.InitHardWare)
    InitSoftSystem                           0x0800c8e9   Thumb Code    40  main.o(i.InitSoftSystem)
    Init_Amy_Id                              0x0800c915   Thumb Code   828  flash.o(i.Init_Amy_Id)
    Init_Protocol_Debug                      0x0800cd8d   Thumb Code    86  protocol_debug.o(i.Init_Protocol_Debug)
    Init_Protocol_MSG                        0x0800cdf9   Thumb Code    88  protocol_msg.o(i.Init_Protocol_MSG)
    Init_Protocol_Wcdma                      0x0800ce65   Thumb Code    88  protocol_wcdma.o(i.Init_Protocol_Wcdma)
    InvertedOrder                            0x0800ced1   Thumb Code    32  basicfunc.o(i.InvertedOrder)
    Led_Init                                 0x0800cef1   Thumb Code    28  led.o(i.Led_Init)
    LowPrcisionTime_Init                     0x0800cf15   Thumb Code   106  lowprcisiontime.o(i.LowPrcisionTime_Init)
    LowPrcisionTime_Start                    0x0800cf85   Thumb Code     8  lowprcisiontime.o(i.LowPrcisionTime_Start)
    MemManage_Handler                        0x0800cf91   Thumb Code     2  stm32f10x_it.o(i.MemManage_Handler)
    NMI_Handler                              0x0800cf93   Thumb Code     2  stm32f10x_it.o(i.NMI_Handler)
    PLCtime_share_process                    0x0800cf95   Thumb Code   280  armchair.o(i.PLCtime_share_process)
    PendSV_Handler                           0x0800d115   Thumb Code     2  stm32f10x_it.o(i.PendSV_Handler)
    PostSendByte                             0x0800d117   Thumb Code    12  postproda.o(i.PostSendByte)
    PostSendByteASC                          0x0800d123   Thumb Code    42  postproda.o(i.PostSendByteASC)
    PostSendDataLen                          0x0800d14d   Thumb Code    78  postproda.o(i.PostSendDataLen)
    PostSendDefault                          0x0800d19b   Thumb Code    46  postproda.o(i.PostSendDefault)
    PostSendFixupByte                        0x0800d1c9   Thumb Code    28  postproda.o(i.PostSendFixupByte)
    PostSendHead                             0x0800d1e5   Thumb Code    84  postproda.o(i.PostSendHead)
    PostSendPostChksum                       0x0800d241   Thumb Code    74  postproda.o(i.PostSendPostChksum)
    PostSendTail                             0x0800d28b   Thumb Code    20  postproda.o(i.PostSendTail)
    PostSend_Word                            0x0800d29f   Thumb Code    24  postproda.o(i.PostSend_Word)
    Program_Updata_timeout                   0x0800d421   Thumb Code    28  download_pro.o(i.Program_Updata_timeout)
    ProtocolReceiveByte                      0x0800d445   Thumb Code    28  protocol.o(i.ProtocolReceiveByte)
    ProtocolSendByte                         0x0800d465   Thumb Code    26  protocol.o(i.ProtocolSendByte)
    Protocols_Init                           0x0800d829   Thumb Code    46  protocol.o(i.Protocols_Init)
    READ_CSQ                                 0x0800d85d   Thumb Code    20  qwl_net.o(i.READ_CSQ)
    ReceiveCallBack                          0x0800d87d   Thumb Code    34  protocol.o(i.ReceiveCallBack)
    ReceiveDataFromUartStruct                0x0800d8a5   Thumb Code    24  usart.o(i.ReceiveDataFromUartStruct)
    ReceivePro_Debug_Dispose                 0x0800d8bd   Thumb Code    48  protocolreccallback.o(i.ReceivePro_Debug_Dispose)
    RegisterProtocolFun                      0x0800d959   Thumb Code    36  protocol.o(i.RegisterProtocolFun)
    ResetProtocolBuffer                      0x0800d981   Thumb Code    90  protocol.o(i.ResetProtocolBuffer)
    SPI_Flash_Init                           0x0800d9e1   Thumb Code   182  spi_flash.o(i.SPI_Flash_Init)
    SPI_Flash_ReadByte                       0x0800daa5   Thumb Code     6  spi_flash.o(i.SPI_Flash_ReadByte)
    SPI_Flash_SendByte                       0x0800daad   Thumb Code    48  spi_flash.o(i.SPI_Flash_SendByte)
    SST25_R_BLOCK                            0x0800dae1   Thumb Code    96  spi_flash.o(i.SST25_R_BLOCK)
    SST25_W_BLOCK                            0x0800db45   Thumb Code   360  spi_flash.o(i.SST25_W_BLOCK)
    SST25_W_BLOCKQ                           0x0800dcb5   Thumb Code   304  spi_flash.o(i.SST25_W_BLOCKQ)
    SST25_clr_256_BLOCK                      0x0800dded   Thumb Code   136  spi_flash.o(i.SST25_clr_256_BLOCK)
    SVC_Handler                              0x0800de99   Thumb Code     2  stm32f10x_it.o(i.SVC_Handler)
    Save_Iap_Config                          0x0800de9d   Thumb Code    72  iap.o(i.Save_Iap_Config)
    Select_Program_run                       0x0800deed   Thumb Code    28  iap_updata.o(i.Select_Program_run)
    Self_Check                               0x0800df11   Thumb Code    86  armchair.o(i.Self_Check)
    SendDataFromUartStruct                   0x0800df91   Thumb Code    32  usart.o(i.SendDataFromUartStruct)
    SetProtocolReceiveCallBack               0x0800dfb1   Thumb Code    26  protocol.o(i.SetProtocolReceiveCallBack)
    SetTimer                                 0x0800dfd1   Thumb Code    84  lowprcisiontime.o(i.SetTimer)
    SetUartParameter                         0x0800e029   Thumb Code    70  protocol.o(i.SetUartParameter)
    SettingCommBps                           0x0800e079   Thumb Code    14  protocol.o(i.SettingCommBps)
    SettingSaveByUSART_FUNCTION              0x0800e159   Thumb Code    16  usart.o(i.SettingSaveByUSART_FUNCTION)
    SetupComDir                              0x0800e191   Thumb Code    98  usart.o(i.SetupComDir)
    StartSendBuffer                          0x0800e201   Thumb Code    86  protocol.o(i.StartSendBuffer)
    SysTick_Handler                          0x0800e25d   Thumb Code     4  stm32f10x_it.o(i.SysTick_Handler)
    TIM5_IRQHandler                          0x0800e261   Thumb Code    34  lowprcisiontime.o(i.TIM5_IRQHandler)
    TM1618_SDA_IN                            0x0800e28d   Thumb Code    40  tm1618.o(i.TM1618_SDA_IN)
    TM1618_SDA_OUT                           0x0800e2bd   Thumb Code    32  tm1618.o(i.TM1618_SDA_OUT)
    TP_GPRS                                  0x0800e2e1   Thumb Code    94  cdma.o(i.TP_GPRS)
    TimingDelay_Decrement                    0x0800e341   Thumb Code    18  main.o(i.TimingDelay_Decrement)
    Tm618_Display                            0x0800e359   Thumb Code   646  tm1618.o(i.Tm618_Display)
    Tm618_IO_Init                            0x0800e5fd   Thumb Code    66  tm1618.o(i.Tm618_IO_Init)
    Tm618_Smg_Line                           0x0800e645   Thumb Code    66  tm1618.o(i.Tm618_Smg_Line)
    Tm618_Smg_On                             0x0800e68d   Thumb Code    78  tm1618.o(i.Tm618_Smg_On)
    Tm618_Smg_clear                          0x0800e6e1   Thumb Code    64  tm1618.o(i.Tm618_Smg_clear)
    UART4_IRQHandler                         0x0800e725   Thumb Code     2  usart.o(i.UART4_IRQHandler)
    UART5_IRQHandler                         0x0800e729   Thumb Code    98  usart.o(i.UART5_IRQHandler)
    USART1_IRQHandler                        0x0800e791   Thumb Code    98  usart.o(i.USART1_IRQHandler)
    USART1_Timeout                           0x0800e891   Thumb Code    36  usart.o(i.USART1_Timeout)
    USART1_sendchar                          0x0800e8b5   Thumb Code    26  qwl_net.o(i.USART1_sendchar)
    USART2_IRQHandler                        0x0800e8d5   Thumb Code    64  usart.o(i.USART2_IRQHandler)
    USART2_Timeout                           0x0800e9cd   Thumb Code    36  usart.o(i.USART2_Timeout)
    USART2_sendchar                          0x0800e9f1   Thumb Code    26  2x1278.o(i.USART2_sendchar)
    USART2_sendstring                        0x0800ea11   Thumb Code    20  2x1278.o(i.USART2_sendstring)
    USART3_IRQHandler                        0x0800ea25   Thumb Code    98  usart.o(i.USART3_IRQHandler)
    USART3_Timeout                           0x0800eb1d   Thumb Code    36  usart.o(i.USART3_Timeout)
    USART3_sendchar                          0x0800eb41   Thumb Code    26  amy_net.o(i.USART3_sendchar)
    USART3_sendstring1                       0x0800eb61   Thumb Code    26  amy_net.o(i.USART3_sendstring1)
    USART4_Timeout                           0x0800eb7d   Thumb Code    36  usart.o(i.USART4_Timeout)
    USART5_Timeout                           0x0800ec31   Thumb Code    36  usart.o(i.USART5_Timeout)
    USART5_sendchar                          0x0800ec55   Thumb Code    26  ceshi.o(i.USART5_sendchar)
    Uart_Init                                0x0800ecd1   Thumb Code    52  usart.o(i.Uart_Init)
    Uploading_Pro                            0x0800ed0d   Thumb Code   556  uploading_pro.o(i.Uploading_Pro)
    UsageFault_Handler                       0x0800f0ad   Thumb Code     2  stm32f10x_it.o(i.UsageFault_Handler)
    Write_Byte                               0x0800f0b1   Thumb Code    80  tm1618.o(i.Write_Byte)
    Write_Cmd                                0x0800f105   Thumb Code    44  tm1618.o(i.Write_Cmd)
    Write_Flash                              0x0800f135   Thumb Code    84  flash.o(i.Write_Flash)
    Write_Flash_ALLAMY                       0x0800f189   Thumb Code    42  flash.o(i.Write_Flash_ALLAMY)
    Write_light_idip                         0x0800f1cd   Thumb Code   184  flash.o(i.Write_light_idip)
    __0sprintf                               0x0800f2a1   Thumb Code    34  printfa.o(i.__0sprintf)
    __1sprintf                               0x0800f2a1   Thumb Code     0  printfa.o(i.__0sprintf)
    __2sprintf                               0x0800f2a1   Thumb Code     0  printfa.o(i.__0sprintf)
    __c89sprintf                             0x0800f2a1   Thumb Code     0  printfa.o(i.__0sprintf)
    sprintf                                  0x0800f2a1   Thumb Code     0  printfa.o(i.__0sprintf)
    __scatterload_copy                       0x0800f2c9   Thumb Code    14  handlers.o(i.__scatterload_copy)
    __scatterload_null                       0x0800f2d7   Thumb Code     2  handlers.o(i.__scatterload_null)
    __scatterload_zeroinit                   0x0800f2d9   Thumb Code    14  handlers.o(i.__scatterload_zeroinit)
    amy_CHKSUM_produce                       0x0800fb85   Thumb Code    56  amy_net.o(i.amy_CHKSUM_produce)
    amy_ack_send                             0x0800fbc5   Thumb Code   144  2x1278.o(i.amy_ack_send)
    amy_config_please                        0x0800fc75   Thumb Code    80  2x1278.o(i.amy_config_please)
    amy_config_send                          0x0800fccd   Thumb Code   216  2x1278.o(i.amy_config_send)
    amy_config_send_1                        0x0800fdf1   Thumb Code   238  2x1278.o(i.amy_config_send_1)
    amy_state_send                           0x0800ff2d   Thumb Code   742  amy_net.o(i.amy_state_send)
    amyack_send_pack                         0x080102d9   Thumb Code   136  post_protocol.o(i.amyack_send_pack)
    amystate_pack_send                       0x08010369   Thumb Code    38  amy_net.o(i.amystate_pack_send)
    amystate_send                            0x0801039d   Thumb Code    38  amy_net.o(i.amystate_send)
    amystate_send_pack                       0x080103d1   Thumb Code   200  post_protocol.o(i.amystate_send_pack)
    armchair_change_outIO                    0x080104a9   Thumb Code    36  armchair.o(i.armchair_change_outIO)
    armchair_io_state                        0x080104d5   Thumb Code    16  armchair.o(i.armchair_io_state)
    armchair_io_state_1                      0x080104e9   Thumb Code    16  armchair.o(i.armchair_io_state_1)
    asc2hex                                  0x080104fd   Thumb Code    30  basicfunc.o(i.asc2hex)
    cdma_init                                0x0801051d   Thumb Code   348  cdma.o(i.cdma_init)
    cdma_open_GPRS                           0x08010725   Thumb Code   352  cdma.o(i.cdma_open_GPRS)
    cdma_or_nblot                            0x0801096d   Thumb Code   224  qwl_net.o(i.cdma_or_nblot)
    cdma_or_nblot_setp_init                  0x08010ac9   Thumb Code    58  qwl_net.o(i.cdma_or_nblot_setp_init)
    cdma_reconnect                           0x08010b25   Thumb Code   164  cdma.o(i.cdma_reconnect)
    cdma_send                                0x08010c49   Thumb Code   278  cdma.o(i.cdma_send)
    checktest                                0x08010d75   Thumb Code    46  spi_flash.o(i.checktest)
    chk_LcdMode_chksum                       0x08010da9   Thumb Code    46  basicfunc.o(i.chk_LcdMode_chksum)
    chk_post_chksum                          0x08010dd7   Thumb Code    78  basicfunc.o(i.chk_post_chksum)
    clear_SystemBuf                          0x08010e25   Thumb Code     8  cdma.o(i.clear_SystemBuf)
    free                                     0x08010e31   Thumb Code    76  malloc.o(i.free)
    getPINFO                                 0x08010e81   Thumb Code    38  protocol.o(i.getPINFO)
    getPINFO_BC95                            0x08010ead   Thumb Code    38  protocol.o(i.getPINFO_BC95)
    goto_iap                                 0x08010ed9   Thumb Code    42  iap.o(i.goto_iap)
    hi_hex2asc                               0x08010f11   Thumb Code    14  basicfunc.o(i.hi_hex2asc)
    key_process                              0x08010f21   Thumb Code   192  armchair.o(i.key_process)
    key_q2x1278_set                          0x08010ff5   Thumb Code   138  armchair.o(i.key_q2x1278_set)
    low_hex2asc                              0x080110a9   Thumb Code    16  basicfunc.o(i.low_hex2asc)
    main                                     0x080110b9   Thumb Code    66  main.o(i.main)
    malloc                                   0x08011101   Thumb Code    92  malloc.o(i.malloc)
    nblot_TP_GPRS                            0x0801116d   Thumb Code    68  nblot.o(i.nblot_TP_GPRS)
    nblot_init                               0x080111b1   Thumb Code   852  nblot.o(i.nblot_init)
    nblot_init_0                             0x080116e1   Thumb Code    16  nblot.o(i.nblot_init_0)
    nblot_open_GPRS                          0x080116f5   Thumb Code   114  nblot.o(i.nblot_open_GPRS)
    nblot_read                               0x080117b9   Thumb Code    34  nblot.o(i.nblot_read)
    nblot_rec                                0x080117f1   Thumb Code    84  nblot.o(i.nblot_rec)
    nblot_reconnect                          0x08011849   Thumb Code   150  nblot.o(i.nblot_reconnect)
    nblot_send                               0x08011935   Thumb Code   234  nblot.o(i.nblot_send)
    net_data_send                            0x08011a31   Thumb Code    14  protocol_send.o(i.net_data_send)
    net_data_send_delay                      0x08011a45   Thumb Code    10  protocol_send.o(i.net_data_send_delay)
    net_data_send_init                       0x08011a55   Thumb Code    18  protocol_send.o(i.net_data_send_init)
    net_rec                                  0x08011a6d   Thumb Code    40  qwl_net.o(i.net_rec)
    net_send                                 0x08011a9d   Thumb Code    24  qwl_net.o(i.net_send)
    net_state                                0x08011ab9   Thumb Code   288  qwl_net.o(i.net_state)
    post_group                               0x08011c21   Thumb Code   296  post_protocol.o(i.post_group)
    process_00                               0x08011d51   Thumb Code   122  uploading_pro.o(i.process_00)
    process_12                               0x08011df9   Thumb Code   242  uploading_pro.o(i.process_12)
    process_F8                               0x08011f45   Thumb Code    90  protocol_send.o(i.process_F8)
    process_fb                               0x08011fb5   Thumb Code   600  uploading_pro.o(i.process_fb)
    q2x1278_check_send                       0x080122fd   Thumb Code    64  2x1278.o(i.q2x1278_check_send)
    q2x1278_fb                               0x0801235d   Thumb Code    62  2x1278.o(i.q2x1278_fb)
    q2x1278_init                             0x080123c5   Thumb Code    38  2x1278.o(i.q2x1278_init)
    q2x1278_plc_send                         0x080123f1   Thumb Code   204  2x1278.o(i.q2x1278_plc_send)
    q2x1278_rec_cofig                        0x080124d1   Thumb Code   168  2x1278.o(i.q2x1278_rec_cofig)
    q2x1278_rec_or_send                      0x08012589   Thumb Code    68  armchair.o(i.q2x1278_rec_or_send)
    q2x1278_set                              0x080125d9   Thumb Code   246  2x1278.o(i.q2x1278_set)
    qwl_net_init                             0x0801270d   Thumb Code    30  qwl_net.o(i.qwl_net_init)
    qwl_net_s_deal                           0x08012731   Thumb Code    34  qwl_net.o(i.qwl_net_s_deal)
    qwl_net_sendchar                         0x08012759   Thumb Code     4  qwl_net.o(i.qwl_net_sendchar)
    qwl_net_sendstring                       0x0801275d   Thumb Code    34  qwl_net.o(i.qwl_net_sendstring)
    qwl_net_sendstring1                      0x0801277f   Thumb Code    20  qwl_net.o(i.qwl_net_sendstring1)
    qwl_sendchar                             0x08012793   Thumb Code     4  ceshi.o(i.qwl_sendchar)
    qwl_sendstring                           0x08012797   Thumb Code    34  ceshi.o(i.qwl_sendstring)
    qwl_sendstring1                          0x080127b9   Thumb Code    20  ceshi.o(i.qwl_sendstring1)
    rdcr                                     0x080127cd   Thumb Code    40  spi_flash.o(i.rdcr)
    rdsr                                     0x080127f9   Thumb Code    40  spi_flash.o(i.rdsr)
    read_key                                 0x08012825   Thumb Code    78  tm1618.o(i.read_key)
    rec_key                                  0x08012879   Thumb Code    84  tm1618.o(i.rec_key)
    sect_clr                                 0x080128d1   Thumb Code   100  spi_flash.o(i.sect_clr)
    strsearch                                0x0801293d   Thumb Code    66  algorithm.o(i.strsearch)
    strsearch_h                              0x08012981   Thumb Code    70  cdma.o(i.strsearch_h)
    strsearch_qwl                            0x080129cd   Thumb Code    70  algorithm.o(i.strsearch_qwl)
    twoascii2byte                            0x08012a13   Thumb Code    24  basicfunc.o(i.twoascii2byte)
    unlock                                   0x08012a2d   Thumb Code    58  spi_flash.o(i.unlock)
    upload_link_send                         0x08012a71   Thumb Code    94  protocol_send.o(i.upload_link_send)
    wdis                                     0x08012ae5   Thumb Code    34  spi_flash.o(i.wdis)
    wen                                      0x08012b0d   Thumb Code    30  spi_flash.o(i.wen)
    wg_amy_state                             0x08012b31   Thumb Code   120  amy_net.o(i.wg_amy_state)
    wg_rec_deal                              0x08012bdd   Thumb Code   782  armchair.o(i.wg_rec_deal)
    wip                                      0x08012f45   Thumb Code    34  spi_flash.o(i.wip)
    wsr                                      0x08012f6d   Thumb Code    92  spi_flash.o(i.wsr)
    wwen                                     0x08012fd1   Thumb Code    24  spi_flash.o(i.wwen)
    zd_rec_deal                              0x08012fed   Thumb Code   116  armchair.o(i.zd_rec_deal)
    _gProtocol_info                          0x08013088   Data          48  protocol.o(.constdata)
    _gProtocol_info1                         0x080130b8   Data          80  protocol.o(.constdata)
    ASCII_hex                                0x08013108   Data          24  qwl_net.o(.constdata)
    NUM                                      0x08013120   Data          32  tm1618.o(.constdata)
    CRC8Table                                0x08013140   Data         256  post_protocol.o(.constdata)
    Region$$Table$$Base                      0x08013240   Number         0  anon$$obj.o(Region$$Table)
    Region$$Table$$Limit                     0x08013260   Number         0  anon$$obj.o(Region$$Table)
    ModAddress                               0x20000001   Data           1  data.o(.data)
    Run_User_Program_Falg                    0x20000002   Data           1  data.o(.data)
    Timer50msCount                           0x20000004   Data           2  lowprcisiontime.o(.data)
    _gTimerLinkerHeader                      0x20000008   Data           4  lowprcisiontime.o(.data)
    _gucfg                                   0x200000a0   Data          40  usart.o(.data)
    ApplicationAddress                       0x200000c8   Data           4  iap_updata.o(.data)
    FlashDestination                         0x200000cc   Data           4  iap_updata.o(.data)
    LONG_TO_CHAR4                            0x200000d0   Data           4  iap_updata.o(.data)
    fac_id                                   0x200000d5   Data           1  spi_flash.o(.data)
    dev_id                                   0x200000d6   Data           1  spi_flash.o(.data)
    _guf                                     0x200000d7   Data           1  protocol.o(.data)
    RTN                                      0x200000e4   Data           1  postproda.o(.data)
    send_NSORF_flag                          0x200000e6   Data           1  qwl_net.o(.data)
    connect_flag                             0x200000e7   Data           1  qwl_net.o(.data)
    nblot_or_cdma_flag                       0x200000e8   Data           1  qwl_net.o(.data)
    net_error_flag                           0x200000e9   Data           1  qwl_net.o(.data)
    CSQ_DELAY                                0x200000ea   Data           1  qwl_net.o(.data)
    Rx                                       0x200000ec   Data           2  qwl_net.o(.data)
    net                                      0x200000ee   Data           5  qwl_net.o(.data)
    exchange_platform                        0x200000f3   Data           8  qwl_net.o(.data)
    deal_process                             0x200000fb   Data           1  qwl_net.o(.data)
    update_ip                                0x200000fc   Data          22  qwl_net.o(.data)
    CSQ                                      0x20000112   Data           1  qwl_net.o(.data)
    cdma_RESET_flag                          0x20000113   Data           1  cdma.o(.data)
    g_flag                                   0x20000114   Data           1  cdma.o(.data)
    AT_CIMI                                  0x20000115   Data           8  cdma.o(.data)
    AT_CPIN                                  0x2000011d   Data           9  cdma.o(.data)
    AT_CIPSTART                              0x20000126   Data          15  cdma.o(.data)
    AT_CIPCLOSE                              0x20000135   Data          13  cdma.o(.data)
    AT_zpppopen                              0x20000142   Data          12  cdma.o(.data)
    AT_CIPSEND                               0x2000014e   Data          14  cdma.o(.data)
    AT_GETICCID                              0x2000015c   Data          12  cdma.o(.data)
    light_TCP                                0x20000168   Data          22  cdma.o(.data)
    nblot_rec_flag                           0x2000017e   Data           1  nblot.o(.data)
    nblot_read_flag                          0x2000017f   Data           1  nblot.o(.data)
    nblot_read_flag1                         0x20000180   Data           1  nblot.o(.data)
    nblot_RESET_flag                         0x20000181   Data           1  nblot.o(.data)
    NBIOT_SET_FALG                           0x20000182   Data           1  nblot.o(.data)
    NB_SET_FLAG                              0x20000183   Data           1  nblot.o(.data)
    nblot_CGATT                              0x20000184   Data          11  nblot.o(.data)
    nblot_NSOST                              0x2000018f   Data          12  nblot.o(.data)
    nblot_NSOCR                              0x2000019b   Data          27  nblot.o(.data)
    nblot_NBAND                              0x200001b6   Data          10  nblot.o(.data)
    nblot_NBAND1                             0x200001c0   Data          11  nblot.o(.data)
    nblot_NCONFIG                            0x200001cb   Data          12  nblot.o(.data)
    nblot_AUTOCONNECT                        0x200001d7   Data          28  nblot.o(.data)
    nblot_SCRAMBL_true                       0x200001f3   Data          40  nblot.o(.data)
    nblot_SCRAMBL_false                      0x2000021b   Data          41  nblot.o(.data)
    nblot_AVOID_true                         0x20000244   Data          33  nblot.o(.data)
    nblot_AVOID_false                        0x20000265   Data          34  nblot.o(.data)
    light_UDP                                0x20000287   Data          22  nblot.o(.data)
    Net_Data_Send                            0x2000029d   Data           5  protocol_send.o(.data)
    amy_config                               0x200002a2   Data           1  armchair.o(.data)
    amy_config1                              0x200002a3   Data           1  armchair.o(.data)
    PLC_time_flag                            0x200002a4   Data           1  armchair.o(.data)
    PLC_time_tiqian                          0x200002a5   Data           1  armchair.o(.data)
    time_share_process_flag                  0x200002a6   Data           1  armchair.o(.data)
    ceshi                                    0x200002a7   Data           1  armchair.o(.data)
    amy_total                                0x200002a8   Data           1  armchair.o(.data)
    armchair_time_flag                       0x200002a9   Data           1  armchair.o(.data)
    amy_rec_flag                             0x200002aa   Data           1  armchair.o(.data)
    amy_rec_flag_1                           0x200002ab   Data           1  armchair.o(.data)
    amy_cotrol_flag                          0x200002ac   Data           1  armchair.o(.data)
    wg_stor_pointer                          0x200002ad   Data           1  armchair.o(.data)
    wg_ack_times                             0x200002ae   Data           1  armchair.o(.data)
    zd_overtime_flag                         0x200002b0   Data           2  armchair.o(.data)
    amy_cotrol_time                          0x200002b2   Data           2  armchair.o(.data)
    amy_cotrol_time_flag                     0x200002b4   Data           2  armchair.o(.data)
    amy_CHKSUM                               0x200002b6   Data           1  armchair.o(.data)
    wg_deal_pointer                          0x200002b7   Data           1  armchair.o(.data)
    wg_state_flag                            0x200002b8   Data           1  armchair.o(.data)
    change_led_flag                          0x200002b9   Data           1  tm1618.o(.data)
    TM1618_DISPLAY_NO                        0x200002ba   Data           3  tm1618.o(.data)
    key_delay_out                            0x200002bd   Data           1  tm1618.o(.data)
    q2x1278_config_buf1                      0x200002be   Data           1  2x1278.o(.data)
    sx1278_fb_flag                           0x200002c0   Data           1  2x1278.o(.data)
    rx2_pointer                              0x200002c1   Data           1  2x1278.o(.data)
    config_recwait_time                      0x200002c2   Data           2  2x1278.o(.data)
    q2x1278_config_buf                       0x200002c4   Data           6  2x1278.o(.data)
    rx_pointer                               0x200002ca   Data           1  2x1278.o(.data)
    GATEWAY_deal_time                        0x200002cc   Data           1  amy_net.o(.data)
    getwayheart_sendok_flag                  0x200002cd   Data           1  amy_net.o(.data)
    GATEWAY_list_time                        0x200002ce   Data           1  amy_net.o(.data)
    getwaylist_sendok_flag                   0x200002cf   Data           1  amy_net.o(.data)
    getwaylist_send_flag                     0x200002d0   Data           1  amy_net.o(.data)
    getwaylist_send_times                    0x200002d1   Data           1  amy_net.o(.data)
    amy_check_pointer                        0x200002d2   Data           1  amy_net.o(.data)
    amy_storflash_pointer                    0x200002d3   Data           1  amy_net.o(.data)
    amy_storflash_flag                       0x200002d4   Data           1  amy_net.o(.data)
    GATEWAY_heart_time_flag                  0x200002d6   Data           2  amy_net.o(.data)
    GATEWAY_heart_max_flag                   0x200002d8   Data           2  amy_net.o(.data)
    GATEWAY_list_time_flag                   0x200002da   Data           2  amy_net.o(.data)
    amy_config_rec_flag                      0x200002dc   Data           1  amy_net.o(.data)
    plc_cofig_buf_1                          0x200002dd   Data           3  amy_net.o(.data)
    carrieroperator                          0x200002e0   Data           1  flash.o(.data)
    module_name                              0x200002e1   Data           1  flash.o(.data)
    amy_max_total                            0x200002e2   Data           1  flash.o(.data)
    zd_sl_flag                               0x200002e3   Data           1  flash.o(.data)
    software_version                         0x200002e4   Data           2  flash.o(.data)
    Hardware_version                         0x200002e6   Data           2  flash.o(.data)
    post_len                                 0x200002e8   Data           2  post_protocol.o(.data)
    NO                                       0x200002ea   Data          16  post_protocol.o(.data)
    SystemCoreClock                          0x200002fc   Data           4  system_stm32f10x.o(.data)
    AHBPrescTable                            0x20000300   Data          16  system_stm32f10x.o(.data)
    __microlib_freelist                      0x20000324   Data           4  mvars.o(.data)
    __microlib_freelist_initialised          0x20000328   Data           4  mvars.o(.data)
    iap_data                                 0x2000032c   Data          70  iap.o(.bss)
    DMA_InitStructure                        0x200003c4   Data         220  usart.o(.bss)
    SystemBuf                                0x20002890   Data        1024  qwl_net.o(.bss)
    SIM_ID                                   0x20002c90   Data          20  cdma.o(.bss)
    amy_record_buf                           0x20002ca4   Data        5250  armchair.o(.bss)
    amy_record_buf_1                         0x20004126   Data          50  armchair.o(.bss)
    wg_ack_buf                               0x20004158   Data         200  armchair.o(.bss)
    AmyID                                    0x20004220   Data          16  armchair.o(.bss)
    config_recwait_buf                       0x20004230   Data         250  2x1278.o(.bss)
    Uart2_RecData_buf                        0x2000432a   Data         200  2x1278.o(.bss)
    amystate_send_flag                       0x200043f2   Data         250  amy_net.o(.bss)
    amy_check_ID                             0x200044ec   Data          16  amy_net.o(.bss)
    plc_cofig_buf                            0x200044fc   Data          16  amy_net.o(.bss)
    Upgrade_ip                               0x2000450c   Data          22  flash.o(.bss)
    post_buf                                 0x20004522   Data        1024  post_protocol.o(.bss)
    __heap_base                              0x20004928   Data           0  startup_stm32f10x_hd.o(HEAP)
    __heap_limit                             0x20004b28   Data           0  startup_stm32f10x_hd.o(HEAP)
    __initial_sp                             0x20004f28   Data           0  startup_stm32f10x_hd.o(STACK)



==============================================================================

Memory Map of the image

  Image Entry point : 0x08008131

  Load Region LR_IROM1 (Base: 0x08008000, Size: 0x0000b58c, Max: 0x00016000, ABSOLUTE, COMPRESSED[0x0000b3e8])

    Execution Region ER_IROM1 (Base: 0x08008000, Size: 0x0000b260, Max: 0x00016000, ABSOLUTE)

    Base Addr    Size         Type   Attr      Idx    E Section Name        Object

    0x08008000   0x00000130   Data   RO          302    RESET               startup_stm32f10x_hd.o
    0x08008130   0x00000000   Code   RO         2779  * .ARM.Collect$$$$00000000  mc_w.l(entry.o)
    0x08008130   0x00000004   Code   RO         3077    .ARM.Collect$$$$00000001  mc_w.l(entry2.o)
    0x08008134   0x00000004   Code   RO         3080    .ARM.Collect$$$$00000004  mc_w.l(entry5.o)
    0x08008138   0x00000000   Code   RO         3082    .ARM.Collect$$$$00000008  mc_w.l(entry7b.o)
    0x08008138   0x00000000   Code   RO         3084    .ARM.Collect$$$$0000000A  mc_w.l(entry8b.o)
    0x08008138   0x00000008   Code   RO         3085    .ARM.Collect$$$$0000000B  mc_w.l(entry9a.o)
    0x08008140   0x00000000   Code   RO         3087    .ARM.Collect$$$$0000000D  mc_w.l(entry10a.o)
    0x08008140   0x00000000   Code   RO         3089    .ARM.Collect$$$$0000000F  mc_w.l(entry11a.o)
    0x08008140   0x00000004   Code   RO         3078    .ARM.Collect$$$$00002712  mc_w.l(entry2.o)
    0x08008144   0x00000024   Code   RO          303    .text               startup_stm32f10x_hd.o
    0x08008168   0x000001bc   Code   RO         2566    .text               STM32F10x_lib_HD.lib(system_stm32f10x.o)
    0x08008324   0x000000e0   Code   RO         2677    .text               STM32F10x_lib_HD.lib(misc.o)
    0x08008404   0x00000254   Code   RO         2693    .text               STM32F10x_lib_HD.lib(stm32f10x_dma.o)
    0x08008658   0x000005e4   Code   RO         2705    .text               STM32F10x_lib_HD.lib(stm32f10x_flash.o)
    0x08008c3c   0x00000348   Code   RO         2717    .text               STM32F10x_lib_HD.lib(stm32f10x_gpio.o)
    0x08008f84   0x00000390   Code   RO         2729    .text               STM32F10x_lib_HD.lib(stm32f10x_rcc.o)
    0x08009314   0x0000030c   Code   RO         2743    .text               STM32F10x_lib_HD.lib(stm32f10x_spi.o)
    0x08009620   0x00000c66   Code   RO         2755    .text               STM32F10x_lib_HD.lib(stm32f10x_tim.o)
    0x0800a286   0x00000002   PAD
    0x0800a288   0x00000408   Code   RO         2767    .text               STM32F10x_lib_HD.lib(stm32f10x_usart.o)
    0x0800a690   0x00000024   Code   RO         2782    .text               mc_w.l(memcpya.o)
    0x0800a6b4   0x00000024   Code   RO         2784    .text               mc_w.l(memseta.o)
    0x0800a6d8   0x0000002c   Code   RO         3094    .text               mc_w.l(uidiv.o)
    0x0800a704   0x00000062   Code   RO         3096    .text               mc_w.l(uldiv.o)
    0x0800a766   0x00000000   Code   RO         3100    .text               mc_w.l(iusefp.o)
    0x0800a766   0x0000014e   Code   RO         3101    .text               mf_w.l(dadd.o)
    0x0800a8b4   0x000000e4   Code   RO         3103    .text               mf_w.l(dmul.o)
    0x0800a998   0x000000de   Code   RO         3105    .text               mf_w.l(ddiv.o)
    0x0800aa76   0x00000030   Code   RO         3107    .text               mf_w.l(dfixul.o)
    0x0800aaa6   0x00000002   PAD
    0x0800aaa8   0x00000028   Code   RO         3109    .text               mf_w.l(cdrcmple.o)
    0x0800aad0   0x00000024   Code   RO         3111    .text               mc_w.l(init.o)
    0x0800aaf4   0x0000001e   Code   RO         3114    .text               mc_w.l(llshl.o)
    0x0800ab12   0x00000020   Code   RO         3116    .text               mc_w.l(llushr.o)
    0x0800ab32   0x00000024   Code   RO         3118    .text               mc_w.l(llsshr.o)
    0x0800ab56   0x000000b6   Code   RO         3121    .text               mf_w.l(depilogue.o)
    0x0800ac0c   0x00000056   Code   RO         3131    .text               mc_w.l(__dczerorl2.o)
    0x0800ac62   0x00000002   PAD
    0x0800ac64   0x00000164   Code   RO         1644    i.AMY_addr_please_set  uploading_pro.o
    0x0800adc8   0x00000004   Code   RO          491    i.API_ARMCHAIR_DEAL  api.o
    0x0800adcc   0x00000004   Code   RO          492    i.API_ARMCHAIR_TIME  api.o
    0x0800add0   0x00000004   Code   RO          493    i.API_AddProtocolBuffer  api.o
    0x0800add4   0x00000004   Code   RO          494    i.API_Armchair_IO_Init  api.o
    0x0800add8   0x00000004   Code   RO          495    i.API_Armchair_Init  api.o
    0x0800addc   0x00000004   Code   RO          496    i.API_Check_Run_User_Program_Falg  api.o
    0x0800ade0   0x00000004   Code   RO          497    i.API_DoProtocols   api.o
    0x0800ade4   0x00000004   Code   RO          498    i.API_GetProtocolBufferOrLen  api.o
    0x0800ade8   0x00000004   Code   RO          499    i.API_Get_Iap_Config  api.o
    0x0800adec   0x00000004   Code   RO          500    i.API_IAP_Update_End  api.o
    0x0800adf0   0x00000004   Code   RO          501    i.API_IAP_Update_Start  api.o
    0x0800adf4   0x00000004   Code   RO          502    i.API_IAP_Update_Write  api.o
    0x0800adf8   0x00000004   Code   RO          506    i.API_KillTimer     api.o
    0x0800adfc   0x0000000a   Code   RO          507    i.API_Led_Init      api.o
    0x0800ae06   0x0000000a   Code   RO          508    i.API_Protocols_Init  api.o
    0x0800ae10   0x00000004   Code   RO          509    i.API_ResetProtocolBuffer  api.o
    0x0800ae14   0x0000000a   Code   RO          510    i.API_SPI_Flash_Init  api.o
    0x0800ae1e   0x00000004   Code   RO          511    i.API_Select_Program_run  api.o
    0x0800ae22   0x0000000c   Code   RO          513    i.API_SetComParameter  api.o
    0x0800ae2e   0x0000000c   Code   RO          515    i.API_SetTimer      api.o
    0x0800ae3a   0x0000000a   Code   RO          516    i.API_StartRunTimer  api.o
    0x0800ae44   0x00000004   Code   RO          517    i.API_StartSendBuffer  api.o
    0x0800ae48   0x0000000a   Code   RO          518    i.API_Timers_Init   api.o
    0x0800ae52   0x00000004   Code   RO          520    i.API_WatchDog_Feed  api.o
    0x0800ae56   0x00000004   Code   RO          521    i.API_WatchDog_Init  api.o
    0x0800ae5a   0x00000004   Code   RO          522    i.API_goto_iap      api.o
    0x0800ae5e   0x00000004   Code   RO          524    i.API_nblot_init_0  api.o
    0x0800ae62   0x00000002   PAD
    0x0800ae64   0x00000018   Code   RO          525    i.API_net_data_send  api.o
    0x0800ae7c   0x00000020   Code   RO          526    i.API_net_data_send_init  api.o
    0x0800ae9c   0x0000000a   Code   RO          527    i.API_net_rec       api.o
    0x0800aea6   0x00000002   PAD
    0x0800aea8   0x00000014   Code   RO          528    i.API_net_state     api.o
    0x0800aebc   0x0000000a   Code   RO          529    i.API_qwl_net_init  api.o
    0x0800aec6   0x00000002   PAD
    0x0800aec8   0x0000002c   Code   RO         2041    i.ARMCHAIR_DEAL     armchair.o
    0x0800aef4   0x0000009c   Code   RO         2042    i.ARMCHAIR_S_IQR    armchair.o
    0x0800af90   0x00000010   Code   RO         2043    i.ARMCHAIR_TIME     armchair.o
    0x0800afa0   0x00000074   Code   RO         1268    i.AddProtocolBuffer  protocol.o
    0x0800b014   0x000000b0   Code   RO         2044    i.Amy_Record_Store  armchair.o
    0x0800b0c4   0x0000005c   Code   RO         2045    i.Armchair_IO_Init  armchair.o
    0x0800b120   0x00000028   Code   RO         2046    i.Armchair_Init     armchair.o
    0x0800b148   0x00000018   Code   RO          308    i.AscTOHex          basicfunc.o
    0x0800b160   0x00000026   Code   RO          309    i.AscToHexFun       basicfunc.o
    0x0800b186   0x00000002   Code   RO          231    i.BusFault_Handler  stm32f10x_it.o
    0x0800b188   0x00000040   Code   RO         1845    i.CDMA_IO_Init      cdma.o
    0x0800b1c8   0x00000020   Code   RO         2492    i.CRC8_Table        post_protocol.o
    0x0800b1e8   0x0000001a   Code   RO          311    i.CS_Delay_10_uS    basicfunc.o
    0x0800b202   0x00000002   PAD
    0x0800b204   0x0000001c   Code   RO          437    i.CheckNode         lowprcisiontime.o
    0x0800b220   0x00000078   Code   RO         1269    i.CheckProtocolType  protocol.o
    0x0800b298   0x00000078   Code   RO         1270    i.CheckProtocolType_BC95  protocol.o
    0x0800b310   0x00000018   Code   RO         1009    i.Check_Run_User_Program_Falg  iap_updata.o
    0x0800b328   0x0000000c   Code   RO          783    i.DMA1_Channel3_IRQHandler  usart.o
    0x0800b334   0x0000000c   Code   RO          784    i.DMA1_Channel5_IRQHandler  usart.o
    0x0800b340   0x0000000c   Code   RO          785    i.DMA1_Channel6_IRQHandler  usart.o
    0x0800b34c   0x0000000c   Code   RO          786    i.DMA2_Channel3_IRQHandler  usart.o
    0x0800b358   0x000000e0   Code   RO          787    i.DMA_UART_Receive  usart.o
    0x0800b438   0x00000120   Code   RO          788    i.DMA_UART_Receive_Process  usart.o
    0x0800b558   0x0000005c   Code   RO          789    i.DMA_USART_Timeout  usart.o
    0x0800b5b4   0x00000094   Code   RO          790    i.DMA_UsartConfiguration  usart.o
    0x0800b648   0x000000b0   Code   RO          791    i.DMA_Usart_Init    usart.o
    0x0800b6f8   0x00000014   Code   RO         1540    i.DealPostPro       postproda.o
    0x0800b70c   0x000000a4   Code   RO         1541    i.DealPostProtocol  postproda.o
    0x0800b7b0   0x00000002   Code   RO          232    i.DebugMon_Handler  stm32f10x_it.o
    0x0800b7b2   0x00000002   PAD
    0x0800b7b4   0x00000048   Code   RO          438    i.DelTimer          lowprcisiontime.o
    0x0800b7fc   0x0000000c   Code   RO          313    i.Delay_1us         basicfunc.o
    0x0800b808   0x0000000c   Code   RO          314    i.Delay_2us         basicfunc.o
    0x0800b814   0x00000020   Code   RO          315    i.Delay_MS          basicfunc.o
    0x0800b834   0x00000016   Code   RO         1143    i.Delay_US_FALSH    spi_flash.o
    0x0800b84a   0x00000012   Code   RO          316    i.Delay_uS          basicfunc.o
    0x0800b85c   0x00000028   Code   RO          792    i.DoProtocol        usart.o
    0x0800b884   0x0000000e   Code   RO         1271    i.DoProtocolReceiveAnalysis  protocol.o
    0x0800b892   0x00000002   PAD
    0x0800b894   0x000001c8   Code   RO         1272    i.DoProtocolReceiveAnalysis_BC95  protocol.o
    0x0800ba5c   0x00000150   Code   RO         1273    i.DoProtocolReceiveAnalysis_ZTE  protocol.o
    0x0800bbac   0x00000164   Code   RO         1274    i.DoProtocol_DMA_ReceiveAnalysis  protocol.o
    0x0800bd10   0x00000024   Code   RO         1275    i.DoProtocols       protocol.o
    0x0800bd34   0x00000058   Code   RO          439    i.DoTimer           lowprcisiontime.o
    0x0800bd8c   0x00000014   Code   RO         1685    i.DownLoad_DealPro  download.o
    0x0800bda0   0x00000044   Code   RO         1686    i.DownLoad_DealProtocol  download.o
    0x0800bde4   0x0000004c   Code   RO         1727    i.DownLoad_Pro      download_pro.o
    0x0800be30   0x0000000c   Code   RO         1687    i.DownLoad_SendByte  download.o
    0x0800be3c   0x00000052   Code   RO         1688    i.DownLoad_SendChksum  download.o
    0x0800be8e   0x0000003a   Code   RO         1689    i.DownLoad_SendHead  download.o
    0x0800bec8   0x0000002c   Code   RO         1690    i.DownLoad_SendTail  download.o
    0x0800bef4   0x00000020   Code   RO          793    i.EnableCom         usart.o
    0x0800bf14   0x00000048   Code   RO         1144    i.FlashReadID       spi_flash.o
    0x0800bf5c   0x00000044   Code   RO         2330    i.GATEWAY_heart_link  amy_net.o
    0x0800bfa0   0x000000b4   Code   RO         2331    i.GATEWAY_heart_send  amy_net.o
    0x0800c054   0x0000007c   Code   RO         2493    i.GATEWAY_heart_send_pack  post_protocol.o
    0x0800c0d0   0x0000004c   Code   RO         2332    i.GATEWAY_list_link  amy_net.o
    0x0800c11c   0x00000100   Code   RO         2333    i.GATEWAY_list_send  amy_net.o
    0x0800c21c   0x000001e4   Code   RO         2494    i.GATEWAY_list_send_pack  post_protocol.o
    0x0800c400   0x0000003c   Code   RO         2495    i.GATEWAY_peizhi_pack  post_protocol.o
    0x0800c43c   0x00000028   Code   RO         2334    i.GATEWAY_send      amy_net.o
    0x0800c464   0x00000050   Code   RO         1846    i.GSM_RESET         cdma.o
    0x0800c4b4   0x00000030   Code   RO         1276    i.GetProtocolBufferOrLen  protocol.o
    0x0800c4e4   0x0000001c   Code   RO         1277    i.GetProtocolResource  protocol.o
    0x0800c500   0x00000014   Code   RO          794    i.GetUartStructBaseFunction  usart.o
    0x0800c514   0x0000001c   Code   RO          795    i.GetUtProtocolResource  usart.o
    0x0800c530   0x0000003c   Code   RO          749    i.Get_Iap_Config    iap.o
    0x0800c56c   0x0000001c   Code   RO          796    i.Get_Usart_Function  usart.o
    0x0800c588   0x00000026   Code   RO         1102    i.Gpio_Init         gpiomap.o
    0x0800c5ae   0x00000002   Code   RO          233    i.HardFault_Handler  stm32f10x_it.o
    0x0800c5b0   0x00000038   Code   RO         1011    i.IAP_ReStart       iap_updata.o
    0x0800c5e8   0x0000006c   Code   RO         1012    i.IAP_Update_End    iap_updata.o
    0x0800c654   0x00000058   Code   RO         1013    i.IAP_Update_Start  iap_updata.o
    0x0800c6ac   0x00000208   Code   RO         1014    i.IAP_Update_Write  iap_updata.o
    0x0800c8b4   0x00000014   Code   RO            1    i.InitChip          main.o
    0x0800c8c8   0x0000001e   Code   RO            2    i.InitHardWare      main.o
    0x0800c8e6   0x00000002   PAD
    0x0800c8e8   0x0000002c   Code   RO            3    i.InitSoftSystem    main.o
    0x0800c914   0x00000478   Code   RO         2450    i.Init_Amy_Id       flash.o
    0x0800cd8c   0x0000006c   Code   RO         1434    i.Init_Protocol_Debug  protocol_debug.o
    0x0800cdf8   0x0000006c   Code   RO         1504    i.Init_Protocol_MSG  protocol_msg.o
    0x0800ce64   0x0000006c   Code   RO         1469    i.Init_Protocol_Wcdma  protocol_wcdma.o
    0x0800ced0   0x00000020   Code   RO          318    i.InvertedOrder     basicfunc.o
    0x0800cef0   0x00000024   Code   RO         1084    i.Led_Init          led.o
    0x0800cf14   0x00000070   Code   RO          440    i.LowPrcisionTime_Init  lowprcisiontime.o
    0x0800cf84   0x0000000c   Code   RO          441    i.LowPrcisionTime_Start  lowprcisiontime.o
    0x0800cf90   0x00000002   Code   RO          234    i.MemManage_Handler  stm32f10x_it.o
    0x0800cf92   0x00000002   Code   RO          235    i.NMI_Handler       stm32f10x_it.o
    0x0800cf94   0x00000180   Code   RO         2047    i.PLCtime_share_process  armchair.o
    0x0800d114   0x00000002   Code   RO          237    i.PendSV_Handler    stm32f10x_it.o
    0x0800d116   0x0000000c   Code   RO         1542    i.PostSendByte      postproda.o
    0x0800d122   0x0000002a   Code   RO         1543    i.PostSendByteASC   postproda.o
    0x0800d14c   0x0000004e   Code   RO         1545    i.PostSendDataLen   postproda.o
    0x0800d19a   0x0000002e   Code   RO         1546    i.PostSendDefault   postproda.o
    0x0800d1c8   0x0000001c   Code   RO         1547    i.PostSendFixupByte  postproda.o
    0x0800d1e4   0x0000005c   Code   RO         1548    i.PostSendHead      postproda.o
    0x0800d240   0x0000004a   Code   RO         1550    i.PostSendPostChksum  postproda.o
    0x0800d28a   0x00000014   Code   RO         1551    i.PostSendTail      postproda.o
    0x0800d29e   0x00000018   Code   RO         1554    i.PostSend_Word     postproda.o
    0x0800d2b6   0x00000002   PAD
    0x0800d2b8   0x00000168   Code   RO         1728    i.Program_Updata    download_pro.o
    0x0800d420   0x00000024   Code   RO         1729    i.Program_Updata_timeout  download_pro.o
    0x0800d444   0x00000020   Code   RO         1278    i.ProtocolReceiveByte  protocol.o
    0x0800d464   0x00000020   Code   RO         1279    i.ProtocolSendByte  protocol.o
    0x0800d484   0x00000028   Code   RO         1435    i.Protocol_DoProtocol  protocol_debug.o
    0x0800d4ac   0x00000028   Code   RO         1470    i.Protocol_DoProtocol  protocol_wcdma.o
    0x0800d4d4   0x00000028   Code   RO         1505    i.Protocol_DoProtocol  protocol_msg.o
    0x0800d4fc   0x0000004c   Code   RO         1436    i.Protocol_Receive  protocol_debug.o
    0x0800d548   0x00000074   Code   RO         1471    i.Protocol_Receive  protocol_wcdma.o
    0x0800d5bc   0x00000074   Code   RO         1506    i.Protocol_Receive  protocol_msg.o
    0x0800d630   0x000000a8   Code   RO         1437    i.Protocol_Send     protocol_debug.o
    0x0800d6d8   0x000000a8   Code   RO         1472    i.Protocol_Send     protocol_wcdma.o
    0x0800d780   0x000000a8   Code   RO         1507    i.Protocol_Send     protocol_msg.o
    0x0800d828   0x00000034   Code   RO         1280    i.Protocols_Init    protocol.o
    0x0800d85c   0x00000020   Code   RO         1752    i.READ_CSQ          qwl_net.o
    0x0800d87c   0x00000028   Code   RO         1281    i.ReceiveCallBack   protocol.o
    0x0800d8a4   0x00000018   Code   RO          797    i.ReceiveDataFromUartStruct  usart.o
    0x0800d8bc   0x00000030   Code   RO         1422    i.ReceivePro_Debug_Dispose  protocolreccallback.o
    0x0800d8ec   0x00000024   Code   RO         1438    i.ReceiveTimerOut   protocol_debug.o
    0x0800d910   0x00000024   Code   RO         1473    i.ReceiveTimerOut   protocol_wcdma.o
    0x0800d934   0x00000024   Code   RO         1508    i.ReceiveTimerOut   protocol_msg.o
    0x0800d958   0x00000028   Code   RO         1282    i.RegisterProtocolFun  protocol.o
    0x0800d980   0x00000060   Code   RO         1283    i.ResetProtocolBuffer  protocol.o
    0x0800d9e0   0x000000c4   Code   RO         1145    i.SPI_Flash_Init    spi_flash.o
    0x0800daa4   0x00000006   Code   RO         1146    i.SPI_Flash_ReadByte  spi_flash.o
    0x0800daaa   0x00000002   PAD
    0x0800daac   0x00000034   Code   RO         1147    i.SPI_Flash_SendByte  spi_flash.o
    0x0800dae0   0x00000064   Code   RO         1148    i.SST25_R_BLOCK     spi_flash.o
    0x0800db44   0x00000170   Code   RO         1149    i.SST25_W_BLOCK     spi_flash.o
    0x0800dcb4   0x00000138   Code   RO         1150    i.SST25_W_BLOCKQ    spi_flash.o
    0x0800ddec   0x000000ac   Code   RO         1151    i.SST25_clr_256_BLOCK  spi_flash.o
    0x0800de98   0x00000002   Code   RO          238    i.SVC_Handler       stm32f10x_it.o
    0x0800de9a   0x00000002   PAD
    0x0800de9c   0x00000050   Code   RO          750    i.Save_Iap_Config   iap.o
    0x0800deec   0x00000024   Code   RO         1018    i.Select_Program_run  iap_updata.o
    0x0800df10   0x00000080   Code   RO         2048    i.Self_Check        armchair.o
    0x0800df90   0x00000020   Code   RO          798    i.SendDataFromUartStruct  usart.o
    0x0800dfb0   0x00000020   Code   RO         1285    i.SetProtocolReceiveCallBack  protocol.o
    0x0800dfd0   0x00000058   Code   RO          442    i.SetTimer          lowprcisiontime.o
    0x0800e028   0x00000050   Code   RO         1286    i.SetUartParameter  protocol.o
    0x0800e078   0x00000014   Code   RO         1287    i.SettingCommBps    protocol.o
    0x0800e08c   0x000000cc   Code   RO          799    i.SettingSave       usart.o
    0x0800e158   0x00000014   Code   RO          800    i.SettingSaveByUSART_FUNCTION  usart.o
    0x0800e16c   0x00000018   Code   RO          801    i.SettingSaveByUSART_TYPE  usart.o
    0x0800e184   0x0000000c   Code   RO          802    i.SettingSaveByUartStruct  usart.o
    0x0800e190   0x00000070   Code   RO          803    i.SetupComDir       usart.o
    0x0800e200   0x0000005c   Code   RO         1288    i.StartSendBuffer   protocol.o
    0x0800e25c   0x00000004   Code   RO          239    i.SysTick_Handler   stm32f10x_it.o
    0x0800e260   0x0000002c   Code   RO          443    i.TIM5_IRQHandler   lowprcisiontime.o
    0x0800e28c   0x00000030   Code   RO         2155    i.TM1618_SDA_IN     tm1618.o
    0x0800e2bc   0x00000024   Code   RO         2156    i.TM1618_SDA_OUT    tm1618.o
    0x0800e2e0   0x0000005e   Code   RO         1848    i.TP_GPRS           cdma.o
    0x0800e33e   0x00000002   PAD
    0x0800e340   0x00000018   Code   RO            4    i.TimingDelay_Decrement  main.o
    0x0800e358   0x000002a4   Code   RO         2157    i.Tm618_Display     tm1618.o
    0x0800e5fc   0x00000048   Code   RO         2158    i.Tm618_IO_Init     tm1618.o
    0x0800e644   0x00000048   Code   RO         2159    i.Tm618_Smg_Line    tm1618.o
    0x0800e68c   0x00000054   Code   RO         2161    i.Tm618_Smg_On      tm1618.o
    0x0800e6e0   0x00000044   Code   RO         2162    i.Tm618_Smg_clear   tm1618.o
    0x0800e724   0x00000002   Code   RO          804    i.UART4_IRQHandler  usart.o
    0x0800e726   0x00000002   PAD
    0x0800e728   0x00000068   Code   RO          805    i.UART5_IRQHandler  usart.o
    0x0800e790   0x00000068   Code   RO          806    i.USART1_IRQHandler  usart.o
    0x0800e7f8   0x00000098   Code   RO          807    i.USART1_Init       usart.o
    0x0800e890   0x00000024   Code   RO          808    i.USART1_Timeout    usart.o
    0x0800e8b4   0x00000020   Code   RO         1753    i.USART1_sendchar   qwl_net.o
    0x0800e8d4   0x00000050   Code   RO          809    i.USART2_IRQHandler  usart.o
    0x0800e924   0x000000a8   Code   RO          810    i.USART2_Init       usart.o
    0x0800e9cc   0x00000024   Code   RO          811    i.USART2_Timeout    usart.o
    0x0800e9f0   0x00000020   Code   RO         2243    i.USART2_sendchar   2x1278.o
    0x0800ea10   0x00000014   Code   RO         2244    i.USART2_sendstring  2x1278.o
    0x0800ea24   0x00000068   Code   RO          812    i.USART3_IRQHandler  usart.o
    0x0800ea8c   0x00000090   Code   RO          813    i.USART3_Init       usart.o
    0x0800eb1c   0x00000024   Code   RO          814    i.USART3_Timeout    usart.o
    0x0800eb40   0x00000020   Code   RO         2335    i.USART3_sendchar   amy_net.o
    0x0800eb60   0x0000001a   Code   RO         2337    i.USART3_sendstring1  amy_net.o
    0x0800eb7a   0x00000002   Code   RO          815    i.USART4_Init       usart.o
    0x0800eb7c   0x00000024   Code   RO          816    i.USART4_Timeout    usart.o
    0x0800eba0   0x00000090   Code   RO          817    i.USART5_Init       usart.o
    0x0800ec30   0x00000024   Code   RO          818    i.USART5_Timeout    usart.o
    0x0800ec54   0x00000020   Code   RO         1114    i.USART5_sendchar   ceshi.o
    0x0800ec74   0x0000005c   Code   RO          819    i.UartStruct_Init   usart.o
    0x0800ecd0   0x0000003c   Code   RO          820    i.Uart_Init         usart.o
    0x0800ed0c   0x000002f0   Code   RO         1645    i.Uploading_Pro     uploading_pro.o
    0x0800effc   0x000000b0   Code   RO         1646    i.Uploading_Send_F8  uploading_pro.o
    0x0800f0ac   0x00000002   Code   RO          240    i.UsageFault_Handler  stm32f10x_it.o
    0x0800f0ae   0x00000002   PAD
    0x0800f0b0   0x00000054   Code   RO         2163    i.Write_Byte        tm1618.o
    0x0800f104   0x00000030   Code   RO         2164    i.Write_Cmd         tm1618.o
    0x0800f134   0x00000054   Code   RO         2451    i.Write_Flash       flash.o
    0x0800f188   0x00000044   Code   RO         2452    i.Write_Flash_ALLAMY  flash.o
    0x0800f1cc   0x000000d4   Code   RO         2453    i.Write_light_idip  flash.o
    0x0800f2a0   0x00000028   Code   RO         3023    i.__0sprintf        mc_w.l(printfa.o)
    0x0800f2c8   0x0000000e   Code   RO         3125    i.__scatterload_copy  mc_w.l(handlers.o)
    0x0800f2d6   0x00000002   Code   RO         3126    i.__scatterload_null  mc_w.l(handlers.o)
    0x0800f2d8   0x0000000e   Code   RO         3127    i.__scatterload_zeroinit  mc_w.l(handlers.o)
    0x0800f2e6   0x00000002   PAD
    0x0800f2e8   0x00000164   Code   RO         3028    i._fp_digits        mc_w.l(printfa.o)
    0x0800f44c   0x000006dc   Code   RO         3029    i._printf_core      mc_w.l(printfa.o)
    0x0800fb28   0x00000024   Code   RO         3030    i._printf_post_padding  mc_w.l(printfa.o)
    0x0800fb4c   0x0000002e   Code   RO         3031    i._printf_pre_padding  mc_w.l(printfa.o)
    0x0800fb7a   0x0000000a   Code   RO         3033    i._sputc            mc_w.l(printfa.o)
    0x0800fb84   0x00000040   Code   RO         2338    i.amy_CHKSUM_produce  amy_net.o
    0x0800fbc4   0x000000b0   Code   RO         2245    i.amy_ack_send      2x1278.o
    0x0800fc74   0x00000058   Code   RO         2246    i.amy_config_please  2x1278.o
    0x0800fccc   0x00000124   Code   RO         2247    i.amy_config_send   2x1278.o
    0x0800fdf0   0x0000013c   Code   RO         2248    i.amy_config_send_1  2x1278.o
    0x0800ff2c   0x000003ac   Code   RO         2339    i.amy_state_send    amy_net.o
    0x080102d8   0x00000090   Code   RO         2496    i.amyack_send_pack  post_protocol.o
    0x08010368   0x00000034   Code   RO         2340    i.amystate_pack_send  amy_net.o
    0x0801039c   0x00000034   Code   RO         2341    i.amystate_send     amy_net.o
    0x080103d0   0x000000d8   Code   RO         2497    i.amystate_send_pack  post_protocol.o
    0x080104a8   0x0000002c   Code   RO         2049    i.armchair_change_outIO  armchair.o
    0x080104d4   0x00000014   Code   RO         2050    i.armchair_io_state  armchair.o
    0x080104e8   0x00000014   Code   RO         2051    i.armchair_io_state_1  armchair.o
    0x080104fc   0x0000001e   Code   RO          321    i.asc2hex           basicfunc.o
    0x0801051a   0x00000002   PAD
    0x0801051c   0x00000208   Code   RO         1849    i.cdma_init         cdma.o
    0x08010724   0x00000248   Code   RO         1851    i.cdma_open_GPRS    cdma.o
    0x0801096c   0x0000015c   Code   RO         1754    i.cdma_or_nblot     qwl_net.o
    0x08010ac8   0x0000005c   Code   RO         1755    i.cdma_or_nblot_setp_init  qwl_net.o
    0x08010b24   0x00000124   Code   RO         1852    i.cdma_reconnect    cdma.o
    0x08010c48   0x0000012c   Code   RO         1853    i.cdma_send         cdma.o
    0x08010d74   0x00000034   Code   RO         1153    i.checktest         spi_flash.o
    0x08010da8   0x0000002e   Code   RO          322    i.chk_LcdMode_chksum  basicfunc.o
    0x08010dd6   0x0000004e   Code   RO          323    i.chk_post_chksum   basicfunc.o
    0x08010e24   0x0000000c   Code   RO         1854    i.clear_SystemBuf   cdma.o
    0x08010e30   0x00000050   Code   RO         3049    i.free              mc_w.l(malloc.o)
    0x08010e80   0x0000002c   Code   RO         1289    i.getPINFO          protocol.o
    0x08010eac   0x0000002c   Code   RO         1290    i.getPINFO_BC95     protocol.o
    0x08010ed8   0x00000038   Code   RO          751    i.goto_iap          iap.o
    0x08010f10   0x0000000e   Code   RO          324    i.hi_hex2asc        basicfunc.o
    0x08010f1e   0x00000002   PAD
    0x08010f20   0x000000d4   Code   RO         2052    i.key_process       armchair.o
    0x08010ff4   0x000000b4   Code   RO         2053    i.key_q2x1278_set   armchair.o
    0x080110a8   0x00000010   Code   RO          325    i.low_hex2asc       basicfunc.o
    0x080110b8   0x00000048   Code   RO            5    i.main              main.o
    0x08011100   0x0000006c   Code   RO         3050    i.malloc            mc_w.l(malloc.o)
    0x0801116c   0x00000044   Code   RO         1925    i.nblot_TP_GPRS     nblot.o
    0x080111b0   0x00000530   Code   RO         1926    i.nblot_init        nblot.o
    0x080116e0   0x00000014   Code   RO         1927    i.nblot_init_0      nblot.o
    0x080116f4   0x000000c4   Code   RO         1928    i.nblot_open_GPRS   nblot.o
    0x080117b8   0x00000038   Code   RO         1929    i.nblot_read        nblot.o
    0x080117f0   0x00000058   Code   RO         1930    i.nblot_rec         nblot.o
    0x08011848   0x000000ec   Code   RO         1931    i.nblot_reconnect   nblot.o
    0x08011934   0x000000fc   Code   RO         1932    i.nblot_send        nblot.o
    0x08011a30   0x00000014   Code   RO         1993    i.net_data_send     protocol_send.o
    0x08011a44   0x00000010   Code   RO         1994    i.net_data_send_delay  protocol_send.o
    0x08011a54   0x00000018   Code   RO         1995    i.net_data_send_init  protocol_send.o
    0x08011a6c   0x00000030   Code   RO         1756    i.net_rec           qwl_net.o
    0x08011a9c   0x0000001c   Code   RO         1757    i.net_send          qwl_net.o
    0x08011ab8   0x00000168   Code   RO         1758    i.net_state         qwl_net.o
    0x08011c20   0x00000130   Code   RO         2498    i.post_group        post_protocol.o
    0x08011d50   0x000000a8   Code   RO         1647    i.process_00        uploading_pro.o
    0x08011df8   0x0000014c   Code   RO         1648    i.process_12        uploading_pro.o
    0x08011f44   0x00000070   Code   RO         1996    i.process_F8        protocol_send.o
    0x08011fb4   0x00000348   Code   RO         1649    i.process_fb        uploading_pro.o
    0x080122fc   0x00000060   Code   RO         2249    i.q2x1278_check_send  2x1278.o
    0x0801235c   0x00000068   Code   RO         2250    i.q2x1278_fb        2x1278.o
    0x080123c4   0x0000002c   Code   RO         2251    i.q2x1278_init      2x1278.o
    0x080123f0   0x000000e0   Code   RO         2252    i.q2x1278_plc_send  2x1278.o
    0x080124d0   0x000000b8   Code   RO         2253    i.q2x1278_rec_cofig  2x1278.o
    0x08012588   0x00000050   Code   RO         2054    i.q2x1278_rec_or_send  armchair.o
    0x080125d8   0x00000134   Code   RO         2254    i.q2x1278_set       2x1278.o
    0x0801270c   0x00000024   Code   RO         1759    i.qwl_net_init      qwl_net.o
    0x08012730   0x00000028   Code   RO         1760    i.qwl_net_s_deal    qwl_net.o
    0x08012758   0x00000004   Code   RO         1761    i.qwl_net_sendchar  qwl_net.o
    0x0801275c   0x00000022   Code   RO         1762    i.qwl_net_sendstring  qwl_net.o
    0x0801277e   0x00000014   Code   RO         1763    i.qwl_net_sendstring1  qwl_net.o
    0x08012792   0x00000004   Code   RO         1115    i.qwl_sendchar      ceshi.o
    0x08012796   0x00000022   Code   RO         1116    i.qwl_sendstring    ceshi.o
    0x080127b8   0x00000014   Code   RO         1117    i.qwl_sendstring1   ceshi.o
    0x080127cc   0x0000002c   Code   RO         1154    i.rdcr              spi_flash.o
    0x080127f8   0x0000002c   Code   RO         1155    i.rdsr              spi_flash.o
    0x08012824   0x00000054   Code   RO         2165    i.read_key          tm1618.o
    0x08012878   0x00000058   Code   RO         2166    i.rec_key           tm1618.o
    0x080128d0   0x0000006c   Code   RO         1156    i.sect_clr          spi_flash.o
    0x0801293c   0x00000042   Code   RO         2548    i.strsearch         algorithm.o
    0x0801297e   0x00000002   PAD
    0x08012980   0x0000004c   Code   RO         1855    i.strsearch_h       cdma.o
    0x080129cc   0x00000046   Code   RO         2549    i.strsearch_qwl     algorithm.o
    0x08012a12   0x00000018   Code   RO          326    i.twoascii2byte     basicfunc.o
    0x08012a2a   0x00000002   PAD
    0x08012a2c   0x00000044   Code   RO         1157    i.unlock            spi_flash.o
    0x08012a70   0x00000074   Code   RO         1997    i.upload_link_send  protocol_send.o
    0x08012ae4   0x00000028   Code   RO         1158    i.wdis              spi_flash.o
    0x08012b0c   0x00000024   Code   RO         1159    i.wen               spi_flash.o
    0x08012b30   0x000000ac   Code   RO         2344    i.wg_amy_state      amy_net.o
    0x08012bdc   0x00000368   Code   RO         2055    i.wg_rec_deal       armchair.o
    0x08012f44   0x00000028   Code   RO         1160    i.wip               spi_flash.o
    0x08012f6c   0x00000064   Code   RO         1161    i.wsr               spi_flash.o
    0x08012fd0   0x0000001c   Code   RO         1162    i.wwen              spi_flash.o
    0x08012fec   0x0000009c   Code   RO         2056    i.zd_rec_deal       armchair.o
    0x08013088   0x00000080   Data   RO         1292    .constdata          protocol.o
    0x08013108   0x00000018   Data   RO         1765    .constdata          qwl_net.o
    0x08013120   0x00000020   Data   RO         2167    .constdata          tm1618.o
    0x08013140   0x00000100   Data   RO         2500    .constdata          post_protocol.o
    0x08013240   0x00000020   Data   RO         3123    Region$$Table       anon$$obj.o


    Execution Region RW_IRAM1 (Base: 0x20000000, Size: 0x00004f28, Max: 0x0000c000, ABSOLUTE, COMPRESSED[0x00000188])

    Base Addr    Size         Type   Attr      Idx    E Section Name        Object

    0x20000000   0x00000001   Data   RW            6    .data               main.o
    0x20000001   0x00000001   Data   RW          424    .data               data.o
    0x20000002   0x00000001   Data   RW          425    .data               data.o
    0x20000003   0x00000001   PAD
    0x20000004   0x00000008   Data   RW          444    .data               lowprcisiontime.o
    0x2000000c   0x000000bc   Data   RW          822    .data               usart.o
    0x200000c8   0x0000000c   Data   RW         1021    .data               iap_updata.o
    0x200000d4   0x00000003   Data   RW         1163    .data               spi_flash.o
    0x200000d7   0x00000001   Data   RW         1294    .data               protocol.o
    0x200000d8   0x00000004   Data   RW         1440    .data               protocol_debug.o
    0x200000dc   0x00000004   Data   RW         1475    .data               protocol_wcdma.o
    0x200000e0   0x00000004   Data   RW         1510    .data               protocol_msg.o
    0x200000e4   0x00000001   Data   RW         1555    .data               postproda.o
    0x200000e5   0x00000001   Data   RW         1730    .data               download_pro.o
    0x200000e6   0x00000015   Data   RW         1767    .data               qwl_net.o
    0x200000fb   0x00000001   Data   RW         1768    .data               qwl_net.o
    0x200000fc   0x00000016   Data   RW         1769    .data               qwl_net.o
    0x20000112   0x00000001   Data   RW         1772    .data               qwl_net.o
    0x20000113   0x0000006b   Data   RW         1857    .data               cdma.o
    0x2000017e   0x0000011f   Data   RW         1938    .data               nblot.o
    0x2000029d   0x00000005   Data   RW         1999    .data               protocol_send.o
    0x200002a2   0x00000014   Data   RW         2059    .data               armchair.o
    0x200002b6   0x00000001   Data   RW         2060    .data               armchair.o
    0x200002b7   0x00000001   Data   RW         2062    .data               armchair.o
    0x200002b8   0x00000001   Data   RW         2063    .data               armchair.o
    0x200002b9   0x00000004   Data   RW         2172    .data               tm1618.o
    0x200002bd   0x00000001   Data   RW         2173    .data               tm1618.o
    0x200002be   0x00000001   Data   RW         2257    .data               2x1278.o
    0x200002bf   0x00000001   PAD
    0x200002c0   0x0000000a   Data   RW         2258    .data               2x1278.o
    0x200002ca   0x00000001   Data   RW         2259    .data               2x1278.o
    0x200002cb   0x00000001   PAD
    0x200002cc   0x00000010   Data   RW         2352    .data               amy_net.o
    0x200002dc   0x00000001   Data   RW         2353    .data               amy_net.o
    0x200002dd   0x00000003   Data   RW         2354    .data               amy_net.o
    0x200002e0   0x00000008   Data   RW         2455    .data               flash.o
    0x200002e8   0x00000012   Data   RW         2501    .data               post_protocol.o
    0x200002fa   0x00000002   PAD
    0x200002fc   0x00000014   Data   RW         2567    .data               STM32F10x_lib_HD.lib(system_stm32f10x.o)
    0x20000310   0x00000014   Data   RW         2730    .data               STM32F10x_lib_HD.lib(stm32f10x_rcc.o)
    0x20000324   0x00000004   Data   RW         3098    .data               mc_w.l(mvars.o)
    0x20000328   0x00000004   Data   RW         3099    .data               mc_w.l(mvars.o)
    0x2000032c   0x00000046   Zero   RW          752    .bss                iap.o
    0x20000372   0x00000002   PAD
    0x20000374   0x0000012c   Zero   RW          821    .bss                usart.o
    0x200004a0   0x0000000a   Zero   RW         1019    .bss                iap_updata.o
    0x200004aa   0x00000064   Zero   RW         1291    .bss                protocol.o
    0x2000050e   0x00000bd6   Zero   RW         1439    .bss                protocol_debug.o
    0x200010e4   0x00000bd6   Zero   RW         1474    .bss                protocol_wcdma.o
    0x20001cba   0x00000bd6   Zero   RW         1509    .bss                protocol_msg.o
    0x20002890   0x00000400   Zero   RW         1764    .bss                qwl_net.o
    0x20002c90   0x00000014   Zero   RW         1856    .bss                cdma.o
    0x20002ca4   0x0000157c   Zero   RW         2057    .bss                armchair.o
    0x20004220   0x00000010   Zero   RW         2058    .bss                armchair.o
    0x20004230   0x000001c2   Zero   RW         2255    .bss                2x1278.o
    0x200043f2   0x0000010a   Zero   RW         2345    .bss                amy_net.o
    0x200044fc   0x00000010   Zero   RW         2347    .bss                amy_net.o
    0x2000450c   0x00000016   Zero   RW         2454    .bss                flash.o
    0x20004522   0x00000400   Zero   RW         2499    .bss                post_protocol.o
    0x20004922   0x00000006   PAD
    0x20004928   0x00000200   Zero   RW          301    HEAP                startup_stm32f10x_hd.o
    0x20004b28   0x00000400   Zero   RW          300    STACK               startup_stm32f10x_hd.o


==============================================================================

Image component sizes


      Code (inc. data)   RO Data    RW Data    ZI Data      Debug   Object Name

      1884        378          0         12        450      10456   2x1278.o
       136          0          0          0          0       1880   algorithm.o
      1958        500          0         20        282      10661   amy_net.o
       250         16          0          0          0      18189   api.o
      2620        500          0         23       5516      13296   armchair.o
       402          0          0          0          0       9452   basicfunc.o
      2022        580          0        107         20       7982   cdma.o
        90          6          0          0          0       2774   ceshi.o
         0          0          0          2          0        391   data.o
       284         10          0          0          0       4441   download.o
       472         52          0          1          0       3392   download_pro.o
      1508        370          0          8         22       4928   flash.o
        38          0          0          0          0       1060   gpiomap.o
       196         30          0          0         70      18308   iap.o
       832         94          0         12         10      21553   iap_updata.o
        36          8          0          0          0        527   led.o
       444         40          0          8          0       6550   lowprcisiontime.o
       190         16          0          1          0     282825   main.o
      2244        712          0        287          0       8001   nblot.o
      1364         92        256         18       1024       7372   post_protocol.o
       600         24          0          1          0       8989   postproda.o
      2234        128        128          1        100      20292   protocol.o
       428         56          0          4       3030       3962   protocol_debug.o
       468         56          0          4       3030       3992   protocol_msg.o
       288         62          0          5          0       4743   protocol_send.o
       468         56          0          4       3030       4018   protocol_wcdma.o
        48          0          0          0          0       1107   protocolreccallback.o
      1074        278         24         45       1024      10150   qwl_net.o
      1860        146          0          3          0      13805   spi_flash.o
        36          8        304          0       1536        872   startup_stm32f10x_hd.o
        20          0          0          0          0       4686   stm32f10x_it.o
      1360         82         32          5          0       8691   tm1618.o
      2624        764          0          0          0       6809   uploading_pro.o
      2888        252          0        188        300      25608   usart.o

    ----------------------------------------------------------------------
     31400       5316        776        764      19452     551762   Object Totals
         0          0         32          0          0          0   (incl. Generated)
        34          0          0          5          8          0   (incl. Padding)

    ----------------------------------------------------------------------

      Code (inc. data)   RO Data    RW Data    ZI Data      Debug   Library Member Name

       224         20          0          0          0       1833   misc.o
       596          8          0          0          0       3647   stm32f10x_dma.o
      1508         38          0          0          0       8230   stm32f10x_flash.o
       840         38          0          0          0       5713   stm32f10x_gpio.o
       912         32          0         20          0       8832   stm32f10x_rcc.o
       780         14          0          0          0       6650   stm32f10x_spi.o
      3174         74          0          0          0      22224   stm32f10x_tim.o
      1032         20          0          0          0       8468   stm32f10x_usart.o
       444         32          0         20          0     274099   system_stm32f10x.o
        86          0          0          0          0          0   __dczerorl2.o
         0          0          0          0          0          0   entry.o
         0          0          0          0          0          0   entry10a.o
         0          0          0          0          0          0   entry11a.o
         8          4          0          0          0          0   entry2.o
         4          0          0          0          0          0   entry5.o
         0          0          0          0          0          0   entry7b.o
         0          0          0          0          0          0   entry8b.o
         8          4          0          0          0          0   entry9a.o
        30          0          0          0          0          0   handlers.o
        36          8          0          0          0         68   init.o
         0          0          0          0          0          0   iusefp.o
        30          0          0          0          0         68   llshl.o
        36          0          0          0          0         68   llsshr.o
        32          0          0          0          0         68   llushr.o
       188         20          0          0          0        160   malloc.o
        36          0          0          0          0         68   memcpya.o
        36          0          0          0          0        108   memseta.o
         0          0          0          8          0          0   mvars.o
      2244         86          0          0          0        512   printfa.o
        44          0          0          0          0         80   uidiv.o
        98          0          0          0          0         92   uldiv.o
        40          2          0          0          0         68   cdrcmple.o
       334          0          0          0          0        148   dadd.o
       222          0          0          0          0        100   ddiv.o
       182          0          0          0          0        176   depilogue.o
        48          0          0          0          0         68   dfixul.o
       228          0          0          0          0         96   dmul.o

    ----------------------------------------------------------------------
     13488        400          0         48          0     341644   Library Totals
         8          0          0          0          0          0   (incl. Padding)

    ----------------------------------------------------------------------

      Code (inc. data)   RO Data    RW Data    ZI Data      Debug   Library Name

      9510        276          0         40          0     339696   STM32F10x_lib_HD.lib
      2916        122          0          8          0       1292   mc_w.l
      1054          2          0          0          0        656   mf_w.l

    ----------------------------------------------------------------------
     13488        400          0         48          0     341644   Library Totals

    ----------------------------------------------------------------------

==============================================================================


      Code (inc. data)   RO Data    RW Data    ZI Data      Debug   

     44888       5716        776        812      19452     876158   Grand Totals
     44888       5716        776        392      19452     876158   ELF Image Totals (compressed)
     44888       5716        776        392          0          0   ROM Totals

==============================================================================

    Total RO  Size (Code + RO Data)                45664 (  44.59kB)
    Total RW  Size (RW Data + ZI Data)             20264 (  19.79kB)
    Total ROM Size (Code + RO Data + RW Data)      46056 (  44.98kB)

==============================================================================

