<html>
<body>
<pre>
<h1>µVision Build Log</h1>
<h2>Project:</h2>
G:\file\sangxiang\meter_project_tieta\Newboot\Project\boot_CL.uvproj
Project File Date:  11/12/2015

<h2>Output:</h2>
Build target 'STM32_Flash'
compiling main.c...
compiling stm32f10x_it.c...
assembling startup_stm32f10x_Power_cl.s...
compiling BasicFunc.c...
compiling data.c...
compiling LowPrcisionTime.c...
compiling api.c...
compiling WatchDog.c...
compiling IAP.c...
compiling USART.c...
compiling iap_updata.c...
compiling net.c...
compiling Protocol.c...
compiling ProtocolRecCallBack.c...
compiling Protocol_Debug.c...
compiling PostProDa.c...
compiling Uploading_Pro.c...
compiling DownLoad.c...
compiling DownLoad_Pro.c...
linking...
Program Size: Code=28400 RO-data=628 RW-data=760 ZI-data=18776  
".\Obj_Flash\STM32103_IAP_CL.axf" - 0 Error(s), 0 Warning(s).
Load "G:\\file\\sangxiang\\meter_project_tieta\\Newboot\\Project\\Obj_Flash\\STM32103_IAP_CL.axf" 
Erase Done.
Programming Done.
Verify OK.
Application running ...
</pre>
</body>
</html>
